Microchip MPLAB XC8 Compiler V2.35

Linker command line:

-W9 --edf=C:\Program Files\Microchip\xc8\v2.35\pic\dat\en_msgs.txt -cn \
  -h+dist/18f67k40/debug\BJU_AutoIrri_Lora_GPRS_DevBranch_New.X.debug.sym \
  --cmf=dist/18f67k40/debug\BJU_AutoIrri_Lora_GPRS_DevBranch_New.X.debug.cmf \
  -z -Q18F67K40 -oC:\Users\nandu\AppData\Local\Temp\xcAs94g.4 \
  --defsym=__MPLAB_BUILD=1 \
  -Mdist/18f67k40/debug/BJU_AutoIrri_Lora_GPRS_DevBranch_New.X.debug.map \
  --md=C:\Users\nandu\AppData\Local\Temp\xcAs94g.dat -E1 -ver=XC8 Compiler \
  --acfsm=1493 -ACODE=00h-01FFFFh -ACONST=00h-01FFFFh \
  -ASMALLCONST=0E00h-0EFFhx498 -AMEDIUMCONST=0E00h-0FFFFh,010E00h-01FFFFh \
  -ACOMRAM=01h-05Fh -AABS1=00h-0DE9h -ABIGRAM=01h-0DE9h \
  -ARAM=060h-0FFh,0100h-01FFhx12,0D00h-0DE9h -ABANK0=060h-0FFh \
  -ABANK1=0100h-01FFh -ABANK2=0200h-02FFh -ABANK3=0300h-03FFh \
  -ABANK4=0400h-04FFh -ABANK5=0500h-05FFh -ABANK6=0600h-06FFh \
  -ABANK7=0700h-07FFh -ABANK8=0800h-08FFh -ABANK9=0900h-09FFh \
  -ABANK10=0A00h-0AFFh -ABANK11=0B00h-0BFFh -ABANK12=0C00h-0CFFh \
  -ABANK13=0D00h-0DE9h \
  -ASFR=0DEFh-0DFFh,0E00h-0EFFh,0F00h-0F5Fh,0F60h-0FFFh \
  -ABIGSFR=0DEFh-0FFFh -ACONFIG=0300000h-030000Bh -AIDLOC=0200000h-020000Fh \
  -AEEDATA=0310000h-03103FFh -peeprom_data=EEDATA \
  -preset_vec=00h,intcode=08h,intcodelo=018h,powerup,init -pramtop=0E00h \
  -psmallconst=SMALLCONST -pmediumconst=MEDIUMCONST -pconst=CONST \
  -AFARRAM=00h-00h \
  -prdata=COMRAM,nvrram=COMRAM,nvbit=COMRAM,rbss=COMRAM,rbit=COMRAM \
  -pfarbss=FARRAM,fardata=FARRAM,nvFARRAM=FARRAM \
  -pintsave_regs=BIGRAM,bigbss=BIGRAM,bigdata=BIGRAM -pbss=RAM \
  -pidata=CODE,irdata=CODE,ibigdata=CODE,ifardata=CODE -prparam=COMRAM \
  C:\Users\nandu\AppData\Local\Temp\xcAs94g.o \
  dist/18f67k40/debug\BJU_AutoIrri_Lora_GPRS_DevBranch_New.X.debug.o 

Object code version is 3.11

Machine type is 18F67K40



                Name                               Link     Load   Length Selector   Space Scale
C:\Users\nandu\AppData\Local\Temp\xcAs94g.o
                idloc                            200000   200000       10        0       5
                config                           300000   300000        C        0       4
                init                                696      696        4        C       0
                reset_vec                             0        0        6        0       0
dist/18f67k40/debug\BJU_AutoIrri_Lora_GPRS_DevBranch_New.X.debug.o
                eeprom_data                      310000   310000      360   310000       0
                intcodelo                            18       18      67E        C       0
                intcode                               8        8        6        4       0
                idloc                            200000   200000       10        0       5
                config                           300000   300000        C        0       4
                temp                                 5F       5F        1        1       1
                mediumconst                        E32C     E32C     1CD4     7196       0
                text176                            3F52     3F52       14     1397       0
                text175                            3F3E     3F3E       14     1397       0
                text174                            3BC4     3BC4       32     1397       0
                text173                            3B92     3B92       32     1397       0
                text172                            3FD2     3FD2       12     1397       0
                text171                            3FC0     3FC0       12     1397       0
                text170                            3C84     3C84       2C     1397       0
                text169                            3EA4     3EA4       1A     1397       0
                text168                            2B14     2B14       84     1397       0
                text167                            3FAE     3FAE       12     1397       0
                text166                            3D78     3D78       24     1397       0
                text165                            3F2A     3F2A       14     1397       0
                text164                            3D2A     3D2A       28     1397       0
                text163                            401C     401C        E     1397       0
                text162                            400E     400E        E     1397       0
                text161                            3652     3652       50     1397       0
                text160                            3212     3212       5C     1397       0
                text159                            402A     402A        A     1397       0
                text158                            3B60     3B60       32     1397       0
                text157                            2DCE     2DCE       6A     1397       0
                text156                            3ED6     3ED6       18     1397       0
                text155                            4034     4034        2     1397       0
                text154                            1A5A     1A5A       CA        C       0
                text153                            17EA     17EA       D8        C       0
                text152                           1FD86    1FD86      188     8000       0
                text151                             C4A      C4A      164        C       0
                text150                            38CE     38CE       40     1397       0
                text149                            37C8     37C8       44     1397       0
                text148                            3602     3602       50     1397       0
                text147                            1F0A     1F0A       C6        C       0
                text146                           1E6DC    1E6DC      2E4     8000       0
                text145                           1F146    1F146      23E     8000       0
                text144                            2F04     2F04       66     1397       0
                text143                            35B0     35B0       52     1397       0
                text142                             AE4      AE4      166        C       0
                intcode_body                      1D3FA    1D3FA      468     8000       0
                text140                            3B2E     3B2E       32     1397       0
                text139                             80C      80C      172        C       0
                text137                            3AFC     3AFC       32     1397       0
                text136                            2E9E     2E9E       66     1397       0
                text135                            3DDE     3DDE       20     1397       0
                text134                            39FC     39FC       36     1397       0
                text133                            355E     355E       52     1397       0
                text132                            3F16     3F16       14     1397       0
                text131                            3F02     3F02       14     1397       0
                text130                            3EEE     3EEE       14     1397       0
                text129                            3E1C     3E1C       1E     1397       0
                text128                            208A     208A       BA        C       0
                text127                           1C08C    1C08C      52C     8000       0
                text126                            3F9C     3F9C       12     1397       0
                text125                            3F8A     3F8A       12     1397       0
                text124                            3C26     3C26       30     1397       0
                text123                            3E3A     3E3A       1C     1397       0
                text122                            297C     297C       8A     1397       0
                text121                            3EBE     3EBE       18     1397       0
                text120                            3CB0     3CB0       2A     1397       0
                text119                            3E8A     3E8A       1A     1397       0
                text118                            3C56     3C56       2E     1397       0
                text117                            3F78     3F78       12     1397       0
                text116                            394C     394C       3E     1397       0
                text115                            36A2     36A2       4E     1397       0
                text114                            33C2     33C2       54     1397       0
                text113                             69A      69A      172        C       0
                text112                            162E     162E       E2        C       0
                text111                           1CF8A    1CF8A      470     8000       0
                text110                            388E     388E       40     1397       0
                text109                            3ACA     3ACA       32     1397       0
                text108                            3F66     3F66       12     1397       0
                text107                            3032     3032       64     1397       0
                text106                            384E     384E       40     1397       0
                text105                            3DBE     3DBE       20     1397       0
                text104                            1E44     1E44       C6        C       0
                text103                            1710     1710       DA        C       0
                text102                           1FFFE    1FFFE        2     FFFF       0
                text101                            198E     198E       CC        C       0
                text100                           1FF0E    1FF0E       EA     8000       0
                text99                            1FBFC    1FBFC      18A     8000       0
                text98                              97E      97E      166        C       0
                text97                             380C     380C       42     1397       0
                text96                             3780     3780       48     1397       0
                text95                             18C2     18C2       CC        C       0
                text94                            1E3E0    1E3E0      2FC     8000       0
                text93                            1EEFC    1EEFC      24A     8000       0
                text92                             2E38     2E38       66     1397       0
                text91                             350C     350C       52     1397       0
                text90                             3E70     3E70       1A     1397       0
                text89                             34BA     34BA       52     1397       0
                text88                             2C0E     2C0E       76     1397       0
                text87                            187CA    187CA      81C     8000       0
                text86                             3A32     3A32       34     1397       0
                text85                             336E     336E       54     1397       0
                text84                             1D7C     1D7C       C8        C       0
                text83                             331A     331A       54     1397       0
                text82                             21F6     21F6       B2        C       0
                text81                             2B98     2B98       76     1397       0
                text80                             3A98     3A98       32     1397       0
                text79                             3D02     3D02       28     1397       0
                text78                             2CF4     2CF4       6E     1397       0
                text77                             3BF6     3BF6       30     1397       0
                text76                            1D862    1D862      448     8000       0
                text75                             3E56     3E56       1A     1397       0
                text74                             3738     3738       48     1397       0
                text73                             3468     3468       52     1397       0
                text72                            1DCAA    1DCAA      400     8000       0
                text71                            1CADE    1CADE      4AC     8000       0
                text70                            1F726    1F726      1A0     8000       0
                text69                             25F0     25F0       A4        C       0
                text68                             326E     326E       58     1397       0
                text67                             4000     4000        E     1397       0
                text66                             398A     398A       3A     1397       0
                text65                             2A06     2A06       88     1397       0
                text64                             3D52     3D52       26     1397       0
                text63                             2FCE     2FCE       64     1397       0
                text62                            19E62    19E62      728     8000       0
                text61                             154C     154C       E2        C       0
                text60                             146A     146A       E2        C       0
                text59                             3DFE     3DFE       1E     1397       0
                text58                             2358     2358       AA        C       0
                text57                             1CB4     1CB4       C8        C       0
                text56                            1A58A    1A58A      6FE     8000       0
                text55                             2F6A     2F6A       64     1397       0
                text54                            12BC6    12BC6      F16     8000       0
                text53                             1036     1036      138        C       0
                text52                             3D9C     3D9C       22     1397       0
                text51                             3FF2     3FF2        E     1397       0
                text50                             3FE4     3FE4        E     1397       0
                text49                              DAE      DAE      14E        C       0
                text48                            1E0AA    1E0AA      336     8000       0
                text47                            17F54    17F54      876     8000       0
                text46                            154E4    154E4      CA0     8000       0
                text45                             28EA     28EA       92     1397       0
                text44                             2402     2402       A6        C       0
                text43                            16C9A    16C9A      9F4     8000       0
                text42                            1BA14    1BA14      678     8000       0
                text41                            1F57A    1F57A      1AC     8000       0
                text40                            1FA62    1FA62      19A     8000       0
                text39                             36F0     36F0       48     1397       0
                text38                             1BEC     1BEC       C8        C       0
                text37                             1388     1388       E2        C       0
                text36                            1768E    1768E      8C6     8000       0
                text35                            18FE6    18FE6      74E     8000       0
                text34                            1C5B8    1C5B8      526     8000       0
                text33                             3A66     3A66       32     1397       0
                text32                             390E     390E       3E     1397       0
                text31                             254C     254C       A4        C       0
                text30                             128A     128A       FE        C       0
                text29                            19734    19734      72E     8000       0
                text28                             3416     3416       52     1397       0
                text27                             2856     2856       94     1397       0
                text26                             3156     3156       60     1397       0
                text25                             27C2     27C2       94     1397       0
                text24                            1F384    1F384      1F6     8000       0
                text23                             32C6     32C6       54     1397       0
                text22                            1E9C0    1E9C0      2B6     8000       0
                text21                              EFC      EFC      13A        C       0
                text20                             2A8E     2A8E       86     1397       0
                text19                            10000    10000     2BC6     8000       0
                text18                             30F6     30F6       60     1397       0
                text17                             24A8     24A8       A4        C       0
                text16                            1F8C6    1F8C6      19C     8000       0
                text15                            13ADC    13ADC      D44     8000       0
                text14                            1AC88    1AC88      6E0     8000       0
                text13                             39C4     39C4       38     1397       0
                text12                            1B368    1B368      6AC     8000       0
                text11                             2D62     2D62       6C     1397       0
                text10                             2C84     2C84       70     1397       0
                text9                              3CDA     3CDA       28     1397       0
                text8                              22A8     22A8       B0        C       0
                text7                              31B6     31B6       5C     1397       0
                text6                              3096     3096       60     1397       0
                text5                              272E     272E       94     1397       0
                text4                              2144     2144       B2        C       0
                text3                             14820    14820      CC4     8000       0
                text2                              116E     116E      11C        C       0
                text1                             16184    16184      B16     8000       0
                text0                             1EC76    1EC76      286     8000       0
                cstackCOMRAM                          1        1       5E        1       1
                cstackBANK0                          60       60       37       60       1
                cstackBANK1                         18C      18C       6F      100       1
                cstackBANK2                         2FC      2FC        4      200       1
                cstackBANK3                         3C8      3C8       2F      300       1
                bssBIGRAM                           560      560      2D0      560       1
                bssBANK5                            500      500       60      500       1
                dataBANK4                           400      400       C8      400       1
                bssBANK3                            300      300       C8      300       1
                dataBANK2                           200      200       99      200       1
                bssBANK2                            299      299       63      200       1
                dataBANK1                           1FB      1FB        5      100       1
                bssBANK1                            100      100       8C      100       1
                bssBANK0                             97       97       35       60       1
                cinit                              1FD0     1FD0       BA        C       0
                idataBANK4                         1B24     1B24       C8        C       0
                idataBANK2                         2694     2694       99        C       0
                idataBANK1                        1FFF8    1FFF8        5     8000       0

TOTAL           Name                               Link     Load   Length     Space
        CLASS   CODE           
                intcodelo                            18       18      67E         0
                intcode                               8        8        6         0
                init                                696      696        4         0
                reset_vec                             0        0        6         0
                text176                            3F52     3F52       14         0
                text175                            3F3E     3F3E       14         0
                text174                            3BC4     3BC4       32         0
                text173                            3B92     3B92       32         0
                text172                            3FD2     3FD2       12         0
                text171                            3FC0     3FC0       12         0
                text170                            3C84     3C84       2C         0
                text169                            3EA4     3EA4       1A         0
                text168                            2B14     2B14       84         0
                text167                            3FAE     3FAE       12         0
                text166                            3D78     3D78       24         0
                text165                            3F2A     3F2A       14         0
                text164                            3D2A     3D2A       28         0
                text163                            401C     401C        E         0
                text162                            400E     400E        E         0
                text161                            3652     3652       50         0
                text160                            3212     3212       5C         0
                text159                            402A     402A        A         0
                text158                            3B60     3B60       32         0
                text157                            2DCE     2DCE       6A         0
                text156                            3ED6     3ED6       18         0
                text155                            4034     4034        2         0
                text154                            1A5A     1A5A       CA         0
                text153                            17EA     17EA       D8         0
                text152                           1FD86    1FD86      188         0
                text151                             C4A      C4A      164         0
                text150                            38CE     38CE       40         0
                text149                            37C8     37C8       44         0
                text148                            3602     3602       50         0
                text147                            1F0A     1F0A       C6         0
                text146                           1E6DC    1E6DC      2E4         0
                text145                           1F146    1F146      23E         0
                text144                            2F04     2F04       66         0
                text143                            35B0     35B0       52         0
                text142                             AE4      AE4      166         0
                intcode_body                      1D3FA    1D3FA      468         0
                text140                            3B2E     3B2E       32         0
                text139                             80C      80C      172         0
                text137                            3AFC     3AFC       32         0
                text136                            2E9E     2E9E       66         0
                text135                            3DDE     3DDE       20         0
                text134                            39FC     39FC       36         0
                text133                            355E     355E       52         0
                text132                            3F16     3F16       14         0
                text131                            3F02     3F02       14         0
                text130                            3EEE     3EEE       14         0
                text129                            3E1C     3E1C       1E         0
                text128                            208A     208A       BA         0
                text127                           1C08C    1C08C      52C         0
                text126                            3F9C     3F9C       12         0
                text125                            3F8A     3F8A       12         0
                text124                            3C26     3C26       30         0
                text123                            3E3A     3E3A       1C         0
                text122                            297C     297C       8A         0
                text121                            3EBE     3EBE       18         0
                text120                            3CB0     3CB0       2A         0
                text119                            3E8A     3E8A       1A         0
                text118                            3C56     3C56       2E         0
                text117                            3F78     3F78       12         0
                text116                            394C     394C       3E         0
                text115                            36A2     36A2       4E         0
                text114                            33C2     33C2       54         0
                text113                             69A      69A      172         0
                text112                            162E     162E       E2         0
                text111                           1CF8A    1CF8A      470         0
                text110                            388E     388E       40         0
                text109                            3ACA     3ACA       32         0
                text108                            3F66     3F66       12         0
                text107                            3032     3032       64         0
                text106                            384E     384E       40         0
                text105                            3DBE     3DBE       20         0
                text104                            1E44     1E44       C6         0
                text103                            1710     1710       DA         0
                text102                           1FFFE    1FFFE        2         0
                text101                            198E     198E       CC         0
                text100                           1FF0E    1FF0E       EA         0
                text99                            1FBFC    1FBFC      18A         0
                text98                              97E      97E      166         0
                text97                             380C     380C       42         0
                text96                             3780     3780       48         0
                text95                             18C2     18C2       CC         0
                text94                            1E3E0    1E3E0      2FC         0
                text93                            1EEFC    1EEFC      24A         0
                text92                             2E38     2E38       66         0
                text91                             350C     350C       52         0
                text90                             3E70     3E70       1A         0
                text89                             34BA     34BA       52         0
                text88                             2C0E     2C0E       76         0
                text87                            187CA    187CA      81C         0
                text86                             3A32     3A32       34         0
                text85                             336E     336E       54         0
                text84                             1D7C     1D7C       C8         0
                text83                             331A     331A       54         0
                text82                             21F6     21F6       B2         0
                text81                             2B98     2B98       76         0
                text80                             3A98     3A98       32         0
                text79                             3D02     3D02       28         0
                text78                             2CF4     2CF4       6E         0
                text77                             3BF6     3BF6       30         0
                text76                            1D862    1D862      448         0
                text75                             3E56     3E56       1A         0
                text74                             3738     3738       48         0
                text73                             3468     3468       52         0
                text72                            1DCAA    1DCAA      400         0
                text71                            1CADE    1CADE      4AC         0
                text70                            1F726    1F726      1A0         0
                text69                             25F0     25F0       A4         0
                text68                             326E     326E       58         0
                text67                             4000     4000        E         0
                text66                             398A     398A       3A         0
                text65                             2A06     2A06       88         0
                text64                             3D52     3D52       26         0
                text63                             2FCE     2FCE       64         0
                text62                            19E62    19E62      728         0
                text61                             154C     154C       E2         0
                text60                             146A     146A       E2         0
                text59                             3DFE     3DFE       1E         0
                text58                             2358     2358       AA         0
                text57                             1CB4     1CB4       C8         0
                text56                            1A58A    1A58A      6FE         0
                text55                             2F6A     2F6A       64         0
                text54                            12BC6    12BC6      F16         0
                text53                             1036     1036      138         0
                text52                             3D9C     3D9C       22         0
                text51                             3FF2     3FF2        E         0
                text50                             3FE4     3FE4        E         0
                text49                              DAE      DAE      14E         0
                text48                            1E0AA    1E0AA      336         0
                text47                            17F54    17F54      876         0
                text46                            154E4    154E4      CA0         0
                text45                             28EA     28EA       92         0
                text44                             2402     2402       A6         0
                text43                            16C9A    16C9A      9F4         0
                text42                            1BA14    1BA14      678         0
                text41                            1F57A    1F57A      1AC         0
                text40                            1FA62    1FA62      19A         0
                text39                             36F0     36F0       48         0
                text38                             1BEC     1BEC       C8         0
                text37                             1388     1388       E2         0
                text36                            1768E    1768E      8C6         0
                text35                            18FE6    18FE6      74E         0
                text34                            1C5B8    1C5B8      526         0
                text33                             3A66     3A66       32         0
                text32                             390E     390E       3E         0
                text31                             254C     254C       A4         0
                text30                             128A     128A       FE         0
                text29                            19734    19734      72E         0
                text28                             3416     3416       52         0
                text27                             2856     2856       94         0
                text26                             3156     3156       60         0
                text25                             27C2     27C2       94         0
                text24                            1F384    1F384      1F6         0
                text23                             32C6     32C6       54         0
                text22                            1E9C0    1E9C0      2B6         0
                text21                              EFC      EFC      13A         0
                text20                             2A8E     2A8E       86         0
                text19                            10000    10000     2BC6         0
                text18                             30F6     30F6       60         0
                text17                             24A8     24A8       A4         0
                text16                            1F8C6    1F8C6      19C         0
                text15                            13ADC    13ADC      D44         0
                text14                            1AC88    1AC88      6E0         0
                text13                             39C4     39C4       38         0
                text12                            1B368    1B368      6AC         0
                text11                             2D62     2D62       6C         0
                text10                             2C84     2C84       70         0
                text9                              3CDA     3CDA       28         0
                text8                              22A8     22A8       B0         0
                text7                              31B6     31B6       5C         0
                text6                              3096     3096       60         0
                text5                              272E     272E       94         0
                text4                              2144     2144       B2         0
                text3                             14820    14820      CC4         0
                text2                              116E     116E      11C         0
                text1                             16184    16184      B16         0
                text0                             1EC76    1EC76      286         0
                cinit                              1FD0     1FD0       BA         0
                idataBANK4                         1B24     1B24       C8         0
                idataBANK2                         2694     2694       99         0
                idataBANK1                        1FFF8    1FFF8        5         0

        CLASS   CONST          

        CLASS   SMALLCONST     

        CLASS   MEDIUMCONST    
                mediumconst                        E32C     E32C     1CD4         0

        CLASS   COMRAM         
                temp                                 5F       5F        1         1
                cstackCOMRAM                          1        1       5E         1

        CLASS   ABS1           

        CLASS   BIGRAM         
                bssBIGRAM                           560      560      2D0         1

        CLASS   RAM            

        CLASS   BANK0          
                cstackBANK0                          60       60       37         1
                bssBANK0                             97       97       35         1

        CLASS   BANK1          
                cstackBANK1                         18C      18C       6F         1
                dataBANK1                           1FB      1FB        5         1
                bssBANK1                            100      100       8C         1

        CLASS   BANK2          
                cstackBANK2                         2FC      2FC        4         1
                dataBANK2                           200      200       99         1
                bssBANK2                            299      299       63         1

        CLASS   BANK3          
                cstackBANK3                         3C8      3C8       2F         1
                bssBANK3                            300      300       C8         1

        CLASS   BANK4          
                dataBANK4                           400      400       C8         1

        CLASS   BANK5          
                bssBANK5                            500      500       60         1

        CLASS   BANK6          

        CLASS   BANK7          

        CLASS   BANK8          

        CLASS   BANK9          

        CLASS   BANK10         

        CLASS   BANK11         

        CLASS   BANK12         

        CLASS   BANK13         

        CLASS   SFR            

        CLASS   BIGSFR         

        CLASS   CONFIG         
                config                           300000   300000        C         4

        CLASS   IDLOC          
                idloc                            200000   200000       10         5

        CLASS   EEDATA         
                eeprom_data                      310000   310000      360         0

        CLASS   FARRAM         

        CLASS   HEAP           

        CLASS   STACK          



SEGMENTS        Name                           Load    Length   Top    Selector   Space  Class

                reset_vec                      000000  000006  000006         0       0  CODE    
                cstackCOMRAM                   000001  00005F  000060         1       1  COMRAM  
                intcode                        000008  000006  00000E         4       0  CODE    
                intcodelo                      000018  002715  00272D         C       0  CODE    
                cstackBANK0                    000060  00006C  0000CC        60       1  BANK0   
                bssBANK1                       000100  000100  000200       100       1  BANK1   
                dataBANK2                      000200  000100  000300       200       1  BANK2   
                bssBANK3                       000300  0000F7  0003F7       300       1  BANK3   
                dataBANK4                      000400  0000C8  0004C8       400       1  BANK4   
                bssBANK5                       000500  000060  000560       500       1  BANK5   
                bssBIGRAM                      000560  0002D0  000830       560       1  BIGRAM  
                text5                          00272E  001908  004036      1397       0  CODE    
                mediumconst                    00E32C  001CD4  010000      7196       0  MEDIUMCO
                text19                         010000  00FFFD  01FFFD      8000       0  CODE    
                text102                        01FFFE  000002  020000      FFFF       0  CODE    
                eeprom_data                    310000  000360  310360    310000       0  EEDATA  


UNUSED ADDRESS RANGES

        Name                Unused          Largest block    Delta
        BANK0            0000CC-0000FF               34
        BANK10           000A00-000AFF              100
        BANK11           000B00-000BFF              100
        BANK12           000C00-000CFF              100
        BANK13           000D00-000DE9               EA
        BANK3            0003F7-0003FF                9
        BANK4            0004C8-0004FF               38
        BANK8            000830-0008FF               D0
        BANK9            000900-0009FF              100
        BIGRAM           0000CC-0000FF               34
                         0003F7-0003FF                9
                         0004C8-0004FF               38
                         000830-000DE9              5BA
        BIGSFR           000DEF-000FFF              211
        CODE             000006-000007                2
                         00000E-000017                A
                         00272D-00272D                1
                         004036-00E32B             A2F6
                         01FFFD-01FFFD                1
        CONST            000006-000007                2
                         00000E-000017                A
                         00272D-00272D                1
                         004036-00E32B             A2F6
                         01FFFD-01FFFD                1
        EEDATA           310360-3103FF               A0
        MEDIUMCONST      00272D-00272D                1
                         004036-00E32B             A2F6
                         01FFFD-01FFFD                1
        RAM              0000CC-0000FF               34
                         0003F7-0003FF                9
                         0004C8-0004FF               38
                         000830-000DE9              100
        SFR              000DEF-000FFF              100
        SMALLCONST       00272D-00272D                1
                         004036-00E32B              100
                         01FFFD-01FFFD                1

                                  Symbol Table

?___aodiv                                                 cstackBANK1  00018C
?___aomod                                                 cstackBANK1  00018C
?___awdiv                                                 cstackBANK1  00018C
?___awmod                                                 cstackBANK1  00019E
?___lmul                                                  cstackBANK1  00018C
?___lwdiv                                                 cstackBANK1  000192
?___lwmod                                                 cstackBANK1  00018C
?___wmul                                                  cstackBANK1  00018C
?_abs                                                     cstackBANK1  00019E
?_ctoa                                                    cstackBANK1  000195
?_days                                                    cstackBANK1  000191
?_dtoa                                                    cstackBANK1  0001A7
?_getADCResult                                            cstackBANK1  00018C
?_pad                                                     cstackBANK1  00019C
?_rand                                                    cstackBANK1  000198
?_readActiveSleepCountFromEeprom                          cstackBANK1  00018F
?_readRemainingFertigationOnPeriodFromEeprom              cstackBANK1  00018F
?_sprintf                                                 cstackBANK1  0001E4
?_strchr                                                  cstackBANK1  00018C
?_strlen                                                  cstackBANK1  00018C
?_strncmp                                                 cstackBANK1  00018C
?_strstr                                                  cstackBANK1  000198
?_vfpfcnvrt                                               cstackBANK1  0001CB
?_vfprintf                                                cstackBANK1  0001DC
?i1_strncmp                                               cstackBANK0  00007B
?i2___aodiv                                               cstackCOMRAM 000001
?i2___aomod                                               cstackCOMRAM 000001
?i2_abs                                                   cstackCOMRAM 000013
?i2_ctoa                                                  cstackCOMRAM 00000A
?i2_dtoa                                                  cstackCOMRAM 00001C
?i2_pad                                                   cstackCOMRAM 000011
?i2_sprintf                                               cstackCOMRAM 000059
?i2_strlen                                                cstackCOMRAM 000001
?i2_strncmp                                               cstackCOMRAM 000001
?i2_vfpfcnvrt                                             cstackCOMRAM 000040
?i2_vfprintf                                              cstackCOMRAM 000051
LCDpulseEnableNeg@_data                                   cstackBANK1  000191
LCDwritePCF8574@value                                     cstackBANK1  000190
_ADACQ                                                    (abs)        000F5C
_ADACT                                                    (abs)        000F56
_ADCAP                                                    (abs)        000F5D
_ADCON0bits                                               (abs)        000F60
_ADCON1                                                   (abs)        000F59
_ADCON2                                                   (abs)        000F5A
_ADCON3                                                   (abs)        000F5B
_ADPCH                                                    (abs)        000F5F
_ADREF                                                    (abs)        000F58
_ADRESH                                                   (abs)        000F64
_ADRESL                                                   (abs)        000F63
_ADRPT                                                    (abs)        000F66
_ANSELA                                                   (abs)        000E92
_ANSELB                                                   (abs)        000E9A
_ANSELD                                                   (abs)        000EA7
_ANSELE                                                   (abs)        000EAF
_ANSELF                                                   (abs)        000EB4
_ANSELG                                                   (abs)        000EBC
_BAUD1CON                                                 (abs)        000F9E
_BAUD3CON                                                 (abs)        000EF0
_BSR                                                      (abs)        000FE0
_CCP1CONbits                                              (abs)        000FAB
_CCP2CONbits                                              (abs)        000FA7
_CCP3CONbits                                              (abs)        000F26
_CCP4CONbits                                              (abs)        000F22
_CCPR1                                                    (abs)        000FA9
_CCPR2                                                    (abs)        000FA5
_CCPR3                                                    (abs)        000F24
_CCPR4                                                    (abs)        000F20
_CCPTMRS0bits                                             (abs)        000FAD
_CPUDOZEbits                                              (abs)        000E42
_DeviceBurnStatus                                         bssBANK0     0000AD
_INLVLA                                                   (abs)        000E8E
_INLVLB                                                   (abs)        000E96
_INLVLC                                                   (abs)        000E9E
_INLVLD                                                   (abs)        000EA3
_INLVLE                                                   (abs)        000EAB
_INLVLF                                                   (abs)        000EB0
_INLVLG                                                   (abs)        000EB8
_INLVLH                                                   (abs)        000EBD
_INTCONbits                                               (abs)        000FF2
_IOCBF                                                    (abs)        000E93
_IOCBF0                                                   (abs)        007498
_IOCBN                                                    (abs)        000E94
_IOCBP                                                    (abs)        000E95
_IOCEF                                                    (abs)        000EA8
_IOCEF2                                                   (abs)        007542
_IOCEF3                                                   (abs)        007543
_IOCEN                                                    (abs)        000EA9
_IOCEP                                                    (abs)        000EAA
_IPR0bits                                                 (abs)        000E1F
_IPR3bits                                                 (abs)        000E22
_IPR4bits                                                 (abs)        000E23
_IPR5bits                                                 (abs)        000E24
_LATA                                                     (abs)        000F79
_LATB                                                     (abs)        000F7A
_LATC                                                     (abs)        000F7B
_LATD                                                     (abs)        000F7C
_LATE                                                     (abs)        000F7D
_LATF                                                     (abs)        000F7E
_LATG                                                     (abs)        000F7F
_LATH                                                     (abs)        000F80
_LCDpulseEnableNeg                                        text120      003CB0
_LCDwritePCF8574                                          text121      003EBE
_LoraConnectionFailed                                     bssBANK1     00013C
_NVMADRH                                                  (abs)        000F75
_NVMADRL                                                  (abs)        000F74
_NVMCON1bits                                              (abs)        000F77
_NVMCON2                                                  (abs)        000F78
_NVMDAT                                                   (abs)        000F76
_NotDR1_84                                                mediumconst  00ED7D
_NotDR2_84                                                mediumconst  00ED2E
_NotDR3_67                                                mediumconst  00EE50
_NotDR4_72                                                mediumconst  00EDCC
_NotFert5_33                                              mediumconst  00F054
_NotFert6_33                                              mediumconst  00F038
_NotFert7_70                                              mediumconst  00EE0F
_NotFert8_59                                              mediumconst  00EE8E
_NotIrr4_30                                               mediumconst  00F0A4
_NotIrr5_30                                               mediumconst  00F08B
_NotIrr6_54                                               mediumconst  00EF2C
_NotIrr7_16                                               mediumconst  00ED07
_NotIrr8_48                                               mediumconst  00EF88
_NotIrr9_48                                               mediumconst  00EF5D
_NotMS1_57                                                mediumconst  00EEC4
_NotMotor1_55                                             mediumconst  00EEF8
_NotPh1_50                                                mediumconst  00EBB2
_NotPh2_72                                                mediumconst  00EA84
_NotPh3_23                                                mediumconst  00ECE0
_NotPh6_22                                                mediumconst  00ECF4
_NotRTC1_30                                               mediumconst  00F070
_NotRTC2_6                                                mediumconst  00F224
_NotRTC3_7                                                mediumconst  00F1DD
_NotRTC4_36                                               mediumconst  00F017
_NotRTC6_36                                               mediumconst  00EFF6
_NotSLV1_39                                               mediumconst  00EFB3
_NotSLV2_6                                                mediumconst  00F21D
_NotSLV3_7                                                mediumconst  00F1D5
_NotSLV4_38                                               mediumconst  00EFD5
_NotSR01_59                                               mediumconst  00EB09
_NotSR02_76                                               mediumconst  00E919
_NotSR03_73                                               mediumconst  00E9AE
_NotSR04_75                                               mediumconst  00E964
_NotSR05_80                                               mediumconst  00E8CA
_NotSR06_72                                               mediumconst  00EA3D
_NotSR07_72                                               mediumconst  00E9F6
_NotSR08_36                                               mediumconst  00EC36
_NotSR09_30                                               mediumconst  00ECC1
_NotSR10_35                                               mediumconst  00EC5B
_NotSR11_40                                               mediumconst  00EC0D
_NotSR12_32                                               mediumconst  00ECA0
_NotSR13_32                                               mediumconst  00EC7F
_NotSR14_58                                               mediumconst  00EB45
_NotSR15_49                                               mediumconst  00EB80
_ODCONA                                                   (abs)        000E90
_ODCONB                                                   (abs)        000E98
_ODCONC                                                   (abs)        000EA0
_ODCOND                                                   (abs)        000EA5
_ODCONE                                                   (abs)        000EAD
_ODCONF                                                   (abs)        000EB2
_ODCONG                                                   (abs)        000EBA
_ODCONH                                                   (abs)        000EBF
_OSCENbits                                                (abs)        000E47
_PCON0bits                                                (abs)        000FD7
_PIE0bits                                                 (abs)        000E29
_PIE3bits                                                 (abs)        000E2C
_PIE4bits                                                 (abs)        000E2D
_PIE5bits                                                 (abs)        000E2E
_PIR0bits                                                 (abs)        000E33
_PIR3bits                                                 (abs)        000E36
_PIR4bits                                                 (abs)        000E37
_PIR5bits                                                 (abs)        000E38
_PORTBbits                                                (abs)        000F8A
_PORTCbits                                                (abs)        000F8B
_PORTDbits                                                (abs)        000F8C
_PORTEbits                                                (abs)        000F8D
_PORTFbits                                                (abs)        000F8E
_PORTGbits                                                (abs)        000F8F
_PORTHbits                                                (abs)        000F90
_RC1REG                                                   (abs)        000F98
_RC1STA                                                   (abs)        000F9C
_RC1STAbits                                               (abs)        000F9C
_RC3PPS                                                   (abs)        000E65
_RC3REG                                                   (abs)        000EEA
_RC3STA                                                   (abs)        000EEE
_RC3STAbits                                               (abs)        000EEE
_RC4PPS                                                   (abs)        000E66
_RC6PPS                                                   (abs)        000E68
_RC7PPS                                                   (abs)        000E69
_RD5PPS                                                   (abs)        000E6F
_RD6PPS                                                   (abs)        000E70
_RE0PPS                                                   (abs)        000E72
_RE1PPS                                                   (abs)        000E73
_SLRCONA                                                  (abs)        000E8F
_SLRCONB                                                  (abs)        000E97
_SLRCONC                                                  (abs)        000E9F
_SLRCOND                                                  (abs)        000EA4
_SLRCONE                                                  (abs)        000EAC
_SLRCONF                                                  (abs)        000EB1
_SLRCONG                                                  (abs)        000EB9
_SLRCONH                                                  (abs)        000EBE
_SP1BRG                                                   (abs)        000F9A
_SP3BRG                                                   (abs)        000EEC
_SSP1ADD                                                  (abs)        000F92
_SSP1BUF                                                  (abs)        000F91
_SSP1CLKPPS                                               (abs)        000E19
_SSP1CON1                                                 (abs)        000F95
_SSP1CON2                                                 (abs)        000F96
_SSP1CON2bits                                             (abs)        000F96
_SSP1DATPPS                                               (abs)        000E1A
_SSP1STAT                                                 (abs)        000F94
_SSP1STATbits                                             (abs)        000F94
_SSP2ADD                                                  (abs)        000ED6
_SSP2BUF                                                  (abs)        000ED5
_SSP2CLKPPS                                               (abs)        000E1C
_SSP2CON1                                                 (abs)        000ED9
_SSP2CON2                                                 (abs)        000EDA
_SSP2CON2bits                                             (abs)        000EDA
_SSP2DATPPS                                               (abs)        000E1D
_SSP2STAT                                                 (abs)        000ED8
_SSP2STATbits                                             (abs)        000ED8
_SmsAU4_63                                                mediumconst  00EAC9
_T0CON0                                                   (abs)        000FD5
_T0CON0bits                                               (abs)        000FD5
_T0CON1                                                   (abs)        000FD6
_T1CON                                                    (abs)        000FCF
_T1CONbits                                                (abs)        000FCF
_T2CLKCONbits                                             (abs)        000FBF
_T2CONbits                                                (abs)        000FBD
_T2PR                                                     (abs)        000FBC
_T2TMR                                                    (abs)        000FBB
_T3CON                                                    (abs)        000FC9
_T3CONbits                                                (abs)        000FC9
_TMR0H                                                    (abs)        000FD4
_TMR0L                                                    (abs)        000FD3
_TMR1CLK                                                  (abs)        000FD2
_TMR1H                                                    (abs)        000FCE
_TMR1L                                                    (abs)        000FCD
_TMR3CLK                                                  (abs)        000FCC
_TMR3H                                                    (abs)        000FC8
_TMR3L                                                    (abs)        000FC7
_TRISA                                                    (abs)        000F81
_TRISB                                                    (abs)        000F82
_TRISC                                                    (abs)        000F83
_TRISD                                                    (abs)        000F84
_TRISE                                                    (abs)        000F85
_TRISF                                                    (abs)        000F86
_TRISG                                                    (abs)        000F87
_TRISH                                                    (abs)        000F88
_TX1REG                                                   (abs)        000F99
_TX1STA                                                   (abs)        000F9D
_TX3REG                                                   (abs)        000EEB
_TX3STA                                                   (abs)        000EEF
_Timer0Overflow                                           bssBANK0     0000BF
_Timer1Overflow                                           bssBANK1     000157
_Timer3Overflow                                           bssBANK1     000156
_WDTCON0bits                                              (abs)        000E3D
_WPUA                                                     (abs)        000E91
_WPUB                                                     (abs)        000E99
_WPUC                                                     (abs)        000EA1
_WPUD                                                     (abs)        000EA6
_WPUE                                                     (abs)        000EAE
_WPUF                                                     (abs)        000EB3
_WPUG                                                     (abs)        000EBB
_WPUH                                                     (abs)        000EC0
__HRAM                                                    (abs)        000000
__Habs1                                                   abs1         000000
__Hbank0                                                  bank0        000000
__Hbank1                                                  bank1        000000
__Hbank10                                                 bank10       000000
__Hbank11                                                 bank11       000000
__Hbank12                                                 bank12       000000
__Hbank13                                                 bank13       000000
__Hbank2                                                  bank2        000000
__Hbank3                                                  bank3        000000
__Hbank4                                                  bank4        000000
__Hbank5                                                  bank5        000000
__Hbank6                                                  bank6        000000
__Hbank7                                                  bank7        000000
__Hbank8                                                  bank8        000000
__Hbank9                                                  bank9        000000
__Hbigbss                                                 bigbss       000000
__Hbigdata                                                bigdata      000000
__Hbigram                                                 bigram       000000
__Hbigsfr                                                 bigsfr       000000
__Hbss                                                    bss          000000
__HbssBANK0                                               bssBANK0     000000
__HbssBANK1                                               bssBANK1     000000
__HbssBANK2                                               bssBANK2     000000
__HbssBANK3                                               bssBANK3     000000
__HbssBANK5                                               bssBANK5     000000
__HbssBIGRAM                                              bssBIGRAM    000000
__Hcinit                                                  cinit        000000
__Hclrtext                                                clrtext      000000
__Hcomram                                                 comram       000000
__Hconfig                                                 config       30000C
__Hconst                                                  const        000000
__HcstackBANK0                                            cstackBANK0  000000
__HcstackBANK1                                            cstackBANK1  000000
__HcstackBANK2                                            cstackBANK2  000000
__HcstackBANK3                                            cstackBANK3  000000
__HcstackCOMRAM                                           cstackCOMRAM 000000
__Hdata                                                   data         000000
__HdataBANK1                                              dataBANK1    000000
__HdataBANK2                                              dataBANK2    000000
__HdataBANK4                                              dataBANK4    000000
__Heeprom_data                                            eeprom_data  310360
__Hfarbss                                                 farbss       000000
__Hfardata                                                fardata      000000
__Hheap                                                   heap         000000
__Hibigdata                                               ibigdata     000000
__Hidata                                                  idata        000000
__HidataBANK1                                             idataBANK1   000000
__HidataBANK2                                             idataBANK2   000000
__HidataBANK4                                             idataBANK4   000000
__Hidloc                                                  idloc        200010
__Hifardata                                               ifardata     000000
__Hinit                                                   init         00069A
__Hintcode                                                intcode      00000E
__Hintcode_body                                           intcode_body 000000
__Hintcodelo                                              intcodelo    000696
__Hintentry                                               intentry     000000
__Hintret                                                 intret       000000
__Hintsave_regs                                           intsave_regs 000000
__Hirdata                                                 irdata       000000
__Hmediumconst                                            mediumconst  010000
__HnvFARRAM                                               nvFARRAM     000000
__Hnvbit                                                  nvbit        000000
__Hnvrram                                                 nvrram       000000
__Hparam                                                  rparam       000000
__Hpowerup                                                powerup      000696
__Hram                                                    ram          000000
__Hramtop                                                 ramtop       000E00
__Hrbit                                                   rbit         000000
__Hrbss                                                   rbss         000000
__Hrdata                                                  rdata        000000
__Hreset_vec                                              reset_vec    000006
__Hrparam                                                 rparam       000000
__Hsfr                                                    sfr          000000
__Hsmallconst                                             smallconst   000000
__Hspace_0                                                (abs)        310360
__Hspace_1                                                (abs)        000830
__Hspace_2                                                (abs)        000000
__Hspace_4                                                (abs)        60000C
__Hstack                                                  stack        000000
__Hstruct                                                 struct       000000
__Htemp                                                   temp         000060
__Htext                                                   text         000000
__Htext0                                                  text0        000000
__Htext1                                                  text1        000000
__Htext10                                                 text10       000000
__Htext100                                                text100      000000
__Htext101                                                text101      000000
__Htext102                                                text102      000000
__Htext103                                                text103      000000
__Htext104                                                text104      000000
__Htext105                                                text105      000000
__Htext106                                                text106      000000
__Htext107                                                text107      000000
__Htext108                                                text108      000000
__Htext109                                                text109      000000
__Htext11                                                 text11       000000
__Htext110                                                text110      000000
__Htext111                                                text111      000000
__Htext112                                                text112      000000
__Htext113                                                text113      000000
__Htext114                                                text114      000000
__Htext115                                                text115      000000
__Htext116                                                text116      000000
__Htext117                                                text117      000000
__Htext118                                                text118      000000
__Htext119                                                text119      000000
__Htext12                                                 text12       000000
__Htext120                                                text120      000000
__Htext121                                                text121      000000
__Htext122                                                text122      000000
__Htext123                                                text123      000000
__Htext124                                                text124      000000
__Htext125                                                text125      000000
__Htext126                                                text126      000000
__Htext127                                                text127      000000
__Htext128                                                text128      000000
__Htext129                                                text129      000000
__Htext13                                                 text13       000000
__Htext130                                                text130      000000
__Htext131                                                text131      000000
__Htext132                                                text132      000000
__Htext133                                                text133      000000
__Htext134                                                text134      000000
__Htext135                                                text135      000000
__Htext136                                                text136      000000
__Htext137                                                text137      000000
__Htext139                                                text139      000000
__Htext14                                                 text14       000000
__Htext140                                                text140      000000
__Htext142                                                text142      000000
__Htext143                                                text143      000000
__Htext144                                                text144      000000
__Htext145                                                text145      000000
__Htext146                                                text146      000000
__Htext147                                                text147      000000
__Htext148                                                text148      000000
__Htext149                                                text149      000000
__Htext15                                                 text15       000000
__Htext150                                                text150      000000
__Htext151                                                text151      000000
__Htext152                                                text152      000000
__Htext153                                                text153      000000
__Htext154                                                text154      000000
__Htext155                                                text155      000000
__Htext156                                                text156      000000
__Htext157                                                text157      000000
__Htext158                                                text158      000000
__Htext159                                                text159      000000
__Htext16                                                 text16       000000
__Htext160                                                text160      000000
__Htext161                                                text161      000000
__Htext162                                                text162      000000
__Htext163                                                text163      000000
__Htext164                                                text164      000000
__Htext165                                                text165      000000
__Htext166                                                text166      000000
__Htext167                                                text167      000000
__Htext168                                                text168      000000
__Htext169                                                text169      000000
__Htext17                                                 text17       000000
__Htext170                                                text170      000000
__Htext171                                                text171      000000
__Htext172                                                text172      000000
__Htext173                                                text173      000000
__Htext174                                                text174      000000
__Htext175                                                text175      000000
__Htext176                                                text176      000000
__Htext18                                                 text18       000000
__Htext19                                                 text19       000000
__Htext2                                                  text2        000000
__Htext20                                                 text20       000000
__Htext21                                                 text21       000000
__Htext22                                                 text22       000000
__Htext23                                                 text23       000000
__Htext24                                                 text24       000000
__Htext25                                                 text25       000000
__Htext26                                                 text26       000000
__Htext27                                                 text27       000000
__Htext28                                                 text28       000000
__Htext29                                                 text29       000000
__Htext3                                                  text3        000000
__Htext30                                                 text30       000000
__Htext31                                                 text31       000000
__Htext32                                                 text32       000000
__Htext33                                                 text33       000000
__Htext34                                                 text34       000000
__Htext35                                                 text35       000000
__Htext36                                                 text36       000000
__Htext37                                                 text37       000000
__Htext38                                                 text38       000000
__Htext39                                                 text39       000000
__Htext4                                                  text4        000000
__Htext40                                                 text40       000000
__Htext41                                                 text41       000000
__Htext42                                                 text42       000000
__Htext43                                                 text43       000000
__Htext44                                                 text44       000000
__Htext45                                                 text45       000000
__Htext46                                                 text46       000000
__Htext47                                                 text47       000000
__Htext48                                                 text48       000000
__Htext49                                                 text49       000000
__Htext5                                                  text5        000000
__Htext50                                                 text50       000000
__Htext51                                                 text51       000000
__Htext52                                                 text52       000000
__Htext53                                                 text53       000000
__Htext54                                                 text54       000000
__Htext55                                                 text55       000000
__Htext56                                                 text56       000000
__Htext57                                                 text57       000000
__Htext58                                                 text58       000000
__Htext59                                                 text59       000000
__Htext6                                                  text6        000000
[...]
transmitNumberToGSM@j                                     cstackBANK1  000193
transmitNumberToGSM@number                                cstackBANK1  00018D
transmitNumberToLora@index                                cstackBANK1  00018F
transmitNumberToLora@j                                    cstackBANK1  000191
transmitNumberToLora@number                               cstackBANK1  00018D
transmitStringToGSM@string                                cstackBANK1  00018D
transmitStringToLora@string                               cstackBANK1  00018D
ttemp5                                                    temp         000060
ttemp6                                                    temp         000063
ttemp7                                                    temp         000067
txByte@serialData                                         cstackBANK1  00018C
txByteLora@serialData                                     cstackBANK1  00018C
vfpfcnvrt@ap                                              cstackBANK1  0001CF
vfpfcnvrt@c                                               cstackBANK1  0001DB
vfpfcnvrt@fmt                                             cstackBANK1  0001CD
vfpfcnvrt@fp                                              cstackBANK1  0001CB
vfpfcnvrt@ll                                              cstackBANK1  0001D3
vfprintf@ap                                               cstackBANK1  0001E0
vfprintf@cfmt                                             cstackBANK1  0001E2
vfprintf@fmt                                              cstackBANK1  0001DE
vfprintf@fp                                               cstackBANK1  0001DC
wtemp8                                                    temp         000060


MODULE INFORMATION

Module		Function		Class		Link	Load	Size
gprs.c
		_publishResponse		CODE           	19734	0000	1838
		_configureMQTT 		CODE           	154E4	0000	3232
		_checkResponse 		CODE           	1CF8A	0000	1136
		_checkSignalStrength		CODE           	17F54	0000	2166
		_rxByte        		CODE           	3F52	0000	20
		_txByte        		CODE           	3E70	0000	26
		_setGsmToLocalTime		CODE           	1768E	0000	2246
		_publishNotification		CODE           	187CA	0000	2076
		_transmitStringToGSM		CODE           	2C0E	0000	118
		_transmitNumberToGSM		CODE           	34BA	0000	82

gprs.c estimated size: 12940

C:\Program Files\Microchip\xc8\v2.35\pic\sources\c99\common\putch.c
		_putch         		CODE           	1FFFE	0000	2

C:\Program Files\Microchip\xc8\v2.35\pic\sources\c99\common\putch.c estimated size: 2

C:\Program Files\Microchip\xc8\v2.35\pic\sources\c99\common\rand.c
		_srand         		CODE           	3CDA	0000	40
		_rand          		CODE           	2C84	0000	112

C:\Program Files\Microchip\xc8\v2.35\pic\sources\c99\common\rand.c estimated size: 152

C:\Program Files\Microchip\xc8\v2.35\pic\sources\c99\common\aodiv.c
		___aodiv       		CODE           	1FBFC	0000	394

C:\Program Files\Microchip\xc8\v2.35\pic\sources\c99\common\aodiv.c estimated size: 394

C:\Program Files\Microchip\xc8\v2.35\pic\sources\c99\common\nf_sprintf.c
		_sprintf       		CODE           	350C	0000	82

C:\Program Files\Microchip\xc8\v2.35\pic\sources\c99\common\nf_sprintf.c estimated size: 82

i2c.c
		_lcd_i2cWait   		CODE           	3C26	0000	48
		_lcd_i2cStop   		CODE           	3F8A	0000	18
		_lcd_i2cWrite  		CODE           	3E3A	0000	28
		_lcd_i2cStart  		CODE           	3F9C	0000	18
		_rtc_i2cRead   		CODE           	355E	0000	82
		_rtc_i2cWait   		CODE           	39FC	0000	54
		_rtc_i2cStop   		CODE           	3EEE	0000	20
		_rtc_i2cWrite  		CODE           	3E1C	0000	30
		_rtc_i2cStart  		CODE           	3F02	0000	20
		_lcd_i2cWriteByteSingleReg		CODE           	297C	0000	138
		_rtc_i2cRestart		CODE           	3F16	0000	20

i2c.c estimated size: 476

C:\Program Files\Microchip\xc8\v2.35\pic\sources\c99\common\nf_fputc.c
		_fputc         		CODE           	198E	0000	204

C:\Program Files\Microchip\xc8\v2.35\pic\sources\c99\common\nf_fputc.c estimated size: 204

C:\Program Files\Microchip\xc8\v2.35\pic\sources\c99\common\strstr.c
		_strstr        		CODE           	162E	0000	226

C:\Program Files\Microchip\xc8\v2.35\pic\sources\c99\common\strstr.c estimated size: 226

C:\Program Files\Microchip\xc8\v2.35\pic\sources\c99\common\lwdiv.c
		___lwdiv       		CODE           	2B98	0000	118

C:\Program Files\Microchip\xc8\v2.35\pic\sources\c99\common\lwdiv.c estimated size: 118

C:\Program Files\Microchip\xc8\v2.35\pic\sources\c99\common\Umul16.c
		___wmul        		CODE           	3D02	0000	40

C:\Program Files\Microchip\xc8\v2.35\pic\sources\c99\common\Umul16.c estimated size: 40

C:\Program Files\Microchip\xc8\v2.35\pic\sources\c99\common\awdiv.c
		___awdiv       		CODE           	1E44	0000	198

C:\Program Files\Microchip\xc8\v2.35\pic\sources\c99\common\awdiv.c estimated size: 198

main_1.c
		_timerInterrupt_handler		CODE           	0018	0000	1662
		_main          		CODE           	1EC76	0000	646
		_rxANDiocInterrupt_handler		CODE           	0008	0000	1134

main_1.c estimated size: 3442

lora.c
		_isLoraResponseAck		CODE           	1D862	0000	1096
		_rxByteLora    		CODE           	3F3E	0000	20
		_txByteLora    		CODE           	3E56	0000	26
		_transmitStringToLora		CODE           	3468	0000	82
		_transmitNumberToLora		CODE           	3738	0000	72
		_sendCmdToLora 		CODE           	1DCAA	0000	1024

lora.c estimated size: 2320

C:\Program Files\Microchip\xc8\v2.35\pic\sources\c99\common\strncmp.c
		_strncmp       		CODE           	069A	0000	370

C:\Program Files\Microchip\xc8\v2.35\pic\sources\c99\common\strncmp.c estimated size: 370

C:\Program Files\Microchip\xc8\v2.35\pic\sources\c99\common\strncpy.c
		_strncpy       		CODE           	2A8E	0000	134

C:\Program Files\Microchip\xc8\v2.35\pic\sources\c99\common\strncpy.c estimated size: 134

eeprom.c
		_saveActiveSleepCountIntoEeprom		CODE           	2358	0000	170
		_saveDeviceIDIntoEeprom		CODE           	2856	0000	148
		_readRemainingFertigationOnPeriodFromEeprom		CODE           	146A	0000	226
		_saveIrrigationValveConfigurationStatusIntoEeprom		CODE           	32C6	0000	84
		_readValveDataFromEeprom		CODE           	13ADC	0000	3396
		_saveFertigationValveStatusIntoEeprom		CODE           	1CB4	0000	200
		_saveFieldMappingIntoEeprom		CODE           	27C2	0000	148
		_saveFactryPswrdIntoEeprom		CODE           	272E	0000	148
		_eepromWrite   		CODE           	3A32	0000	52
		_saveMotorLoadValuesIntoEeprom		CODE           	0EFC	0000	314
		_readFieldIrrigationValveNoFromEeprom		CODE           	2FCE	0000	100
		_readActiveSleepCountFromEeprom		CODE           	154C	0000	226
		_saveIrrigationValveValuesIntoEeprom		CODE           	1E9C0	0000	694
		_saveIrrigationValveCycleStatusIntoEeprom		CODE           	336E	0000	84
		_saveIrrigationValveNoIntoEeprom		CODE           	2F6A	0000	100
		_saveDeviceIdStatus		CODE           	3156	0000	96
		_saveAuthenticationStatus		CODE           	3416	0000	82
		_saveIrrigationValveOnOffStatusIntoEeprom		CODE           	331A	0000	84
		_saveIrrigationValveDueTimeIntoEeprom		CODE           	1D7C	0000	200
		_saveFiltrationSequenceData		CODE           	1F384	0000	502
		_saveFertigationValveValuesIntoEeprom		CODE           	1A58A	0000	1790
		_saveDeviceProgramStatusIntoEeprom		CODE           	3096	0000	96
		_saveRTCBatteryStatus		CODE           	30F6	0000	96
		_readMotorLoadValuesFromEeprom		CODE           	1F8C6	0000	412
		_readDeviceProgramStatusFromEeprom		CODE           	31B6	0000	92
		_saveRemainingFertigationOnPeriod		CODE           	2402	0000	166
		_loadDataFromEeprom		CODE           	1AC88	0000	1760
		_eepromRead    		CODE           	3D52	0000	38

eeprom.c estimated size: 11504

C:\Program Files\Microchip\xc8\v2.35\pic\sources\c99\common\abs.c
		_abs           		CODE           	380C	0000	66

C:\Program Files\Microchip\xc8\v2.35\pic\sources\c99\common\abs.c estimated size: 66

C:\Program Files\Microchip\xc8\v2.35\pic\sources\c99\common\Umul32.c
		___lmul        		CODE           	2D62	0000	108

C:\Program Files\Microchip\xc8\v2.35\pic\sources\c99\common\Umul32.c estimated size: 108

shared
		_mqttLost      		MEDIUMCONST    	F0DF	0000	16
		_cmd18_12      		MEDIUMCONST    	F11A	0000	13
		_cmd2_9        		MEDIUMCONST    	F1AF	0000	10
		i2_vfpfcnvrt   		CODE           	1F146	0000	574
		_mqttConnect   		MEDIUMCONST    	F0EF	0000	15
		i2_pad         		CODE           	1F0A	0000	198
		_extract       		MEDIUMCONST    	F205	0000	8
		i2_abs         		CODE           	38CE	0000	64
		_NotSR11_40    		MEDIUMCONST    	EC0D	0000	41
		i2_lcdCreateChar		CODE           	3652	0000	80
		i2_lcdSend     		CODE           	3D2A	0000	40
		_cclk          		MEDIUMCONST    	F247	0000	7
		_cmd3_9        		MEDIUMCONST    	F1A5	0000	10
		i2_lcd_i2cWait 		CODE           	3C84	0000	44
		i2_lcd_i2cStop 		CODE           	3FC0	0000	18
		_NotSR03_73    		MEDIUMCONST    	E9AE	0000	72
		i2_putch       		CODE           	4034	0000	2
		_NotDR3_67     		MEDIUMCONST    	EE50	0000	62
		_cmd18_7       		MEDIUMCONST    	F1E5	0000	8
		_gsmRestart    		MEDIUMCONST    	F1B9	0000	10
		_map           		MEDIUMCONST    	F2B0	0000	4
		_fdata         		MEDIUMCONST    	F280	0000	6
		_NotSR14_58    		MEDIUMCONST    	EB45	0000	59
		_NotIrr4_30    		MEDIUMCONST    	F0A4	0000	25
		_NotSLV3_7     		MEDIUMCONST    	F1D5	0000	8
		_cmd16_9       		MEDIUMCONST    	F19B	0000	10
		i1_strncmp     		CODE           	080C	0000	370
		_disable       		MEDIUMCONST    	F215	0000	8
		_cmd19_10      		MEDIUMCONST    	F164	0000	11
		i2_strncmp     		CODE           	0AE4	0000	358
		_NotSR06_72    		MEDIUMCONST    	EA3D	0000	71
		_getfreq       		MEDIUMCONST    	F28C	0000	5
		_netRestart    		MEDIUMCONST    	F1FD	0000	8
		_NotIrr7_16    		MEDIUMCONST    	ED07	0000	15
		_NotRTC2_6     		MEDIUMCONST    	F224	0000	7
		i2_lcd_i2cWrite		CODE           	3EA4	0000	26
		_NotSR09_30    		MEDIUMCONST    	ECC1	0000	31
		_NotPh1_50     		MEDIUMCONST    	EBB2	0000	47
		i2_lcd_i2cStart		CODE           	3FD2	0000	18
		_feed          		MEDIUMCONST    	F291	0000	5
		i2_vfprintf    		CODE           	2F04	0000	102
		_active        		MEDIUMCONST    	F24E	0000	7
		_NotMotor1_55  		MEDIUMCONST    	EEF8	0000	52
		_slave         		MEDIUMCONST    	F268	0000	6
		_alive1        		MEDIUMCONST    	F286	0000	6
		_cmd14_11      		MEDIUMCONST    	F140	0000	12
		i2_ctoa        		CODE           	17EA	0000	216
		_NotMS1_57     		MEDIUMCONST    	EEC4	0000	52
		i2_lcdSetCursor		CODE           	3212	0000	92
		_eepromAddress 		MEDIUMCONST    	EBE1	0000	44
		_sensor        		MEDIUMCONST    	F239	0000	7
		_NotSR10_35    		MEDIUMCONST    	EC5B	0000	36
		i2_dtoa        		CODE           	1E6DC	0000	740
		_enable        		MEDIUMCONST    	F255	0000	7
		_NotSR02_76    		MEDIUMCONST    	E919	0000	75
		_NotDR1_84     		MEDIUMCONST    	ED7D	0000	79
		_gsmError      		MEDIUMCONST    	F26E	0000	6
		_csq           		MEDIUMCONST    	F274	0000	6
		_set           		MEDIUMCONST    	F2B4	0000	4
		i2_lcdDataWrite		CODE           	400E	0000	14
		_alive         		MEDIUMCONST    	F25C	0000	6
		i2_removeIcon  		CODE           	3ED6	0000	24
		_NotSR13_32    		MEDIUMCONST    	EC7F	0000	33
		_NotSLV2_6     		MEDIUMCONST    	F21D	0000	7
		i2_fetchDigits 		CODE           	2DCE	0000	106
		_NotDR4_72     		MEDIUMCONST    	EDCC	0000	67
		__initialization		CODE           	1FD0	0000	176
		_NotSR05_80    		MEDIUMCONST    	E8CA	0000	79
		_cmd4_7        		MEDIUMCONST    	F1ED	0000	8
		_cmd7_17       		MEDIUMCONST    	F0BD	0000	18
		_NotIrr6_54    		MEDIUMCONST    	EF2C	0000	49
		i2_clearFieldByte		CODE           	3B92	0000	50
		_NotRTC1_30    		MEDIUMCONST    	F070	0000	27
		_mqttStart     		MEDIUMCONST    	F127	0000	13
		_ok            		MEDIUMCONST    	F2BB	0000	3
		_NotSR08_36    		MEDIUMCONST    	EC36	0000	37
		_lowbattery    		MEDIUMCONST    	F0CF	0000	16
		_mqttSub       		MEDIUMCONST    	F190	0000	11
		_cmd9_11       		MEDIUMCONST    	F158	0000	12
		i1_clearDecodedString		CODE           	3B2E	0000	50
		_dactive       		MEDIUMCONST    	F20D	0000	8
		i2_clearDecodedString		CODE           	3BC4	0000	50
		_NotIrr9_48    		MEDIUMCONST    	EF5D	0000	43
		_NotPh2_72     		MEDIUMCONST    	EA84	0000	69
		_NotRTC4_36    		MEDIUMCONST    	F017	0000	33
		_ct            		MEDIUMCONST    	F2AC	0000	4
		_on            		MEDIUMCONST    	F2B8	0000	3
		i2___aodiv     		CODE           	1FD86	0000	392
		_cmd10_10      		MEDIUMCONST    	F16F	0000	11
		_cmd6_10       		MEDIUMCONST    	F17A	0000	11
		_error         		MEDIUMCONST    	F262	0000	6
		_idle          		MEDIUMCONST    	ED29	0000	5
		i2_sprintf     		CODE           	35B0	0000	82
		i2_lcdWriteChar		CODE           	402A	0000	10
		_SmsAU4_63     		MEDIUMCONST    	EAC9	0000	64
		_NotFert7_70   		MEDIUMCONST    	EE0F	0000	65
		_NotFert5_33   		MEDIUMCONST    	F054	0000	28
		_NotFert6_33   		MEDIUMCONST    	F038	0000	28
		_NotFert8_59   		MEDIUMCONST    	EE8E	0000	54
		_inject        		MEDIUMCONST    	ED22	0000	7
		i2_lcdCommandWrite		CODE           	401C	0000	14
		_NotSR01_59    		MEDIUMCONST    	EB09	0000	60
		_mqtt_ca       		MEDIUMCONST    	E32D	0000	1437
		i2_displayIcon 		CODE           	3B60	0000	50
		_NotSR12_32    		MEDIUMCONST    	ECA0	0000	33
		i2_lcd_i2cWriteByteSingleReg		CODE           	2B14	0000	132
		_NotDR2_84     		MEDIUMCONST    	ED2E	0000	79
		_NotSLV1_39    		MEDIUMCONST    	EFB3	0000	34
		_getct         		MEDIUMCONST    	F2A8	0000	4
		_cmd11_11      		MEDIUMCONST    	F14C	0000	12
		_secret        		MEDIUMCONST    	ED16	0000	12
		_hold          		MEDIUMCONST    	F29B	0000	5
		_NotSR04_75    		MEDIUMCONST    	E964	0000	74
		i2___aomod     		CODE           	0C4A	0000	356
		_master        		MEDIUMCONST    	F240	0000	7
		_ack           		MEDIUMCONST    	F2A0	0000	4
		_off           		MEDIUMCONST    	F2A4	0000	4
		_cmd17_11      		MEDIUMCONST    	F134	0000	12
		_NotSR15_49    		MEDIUMCONST    	EB80	0000	50
		_NotIrr5_30    		MEDIUMCONST    	F08B	0000	25
		i2_fputc       		CODE           	1A5A	0000	202
		_NotSLV4_38    		MEDIUMCONST    	EFD5	0000	33
		i2_fputs       		CODE           	37C8	0000	68
		i2_strlen      		CODE           	3602	0000	80
		_cmd8_13       		MEDIUMCONST    	F10C	0000	14
		_NotSR07_72    		MEDIUMCONST    	E9F6	0000	71
		_admin         		MEDIUMCONST    	F2BE	0000	3
		_cmd1_6        		MEDIUMCONST    	F232	0000	7
		_NotIrr8_48    		MEDIUMCONST    	EF88	0000	43
		_NotRTC3_7     		MEDIUMCONST    	F1DD	0000	8
		_resetslave    		MEDIUMCONST    	F185	0000	11
		_setct         		MEDIUMCONST    	F27A	0000	6
		_cmd15_6       		MEDIUMCONST    	F22B	0000	7
		_cmd5_8        		MEDIUMCONST    	F1CC	0000	9
		_time          		MEDIUMCONST    	F296	0000	5
		_NotPh3_23     		MEDIUMCONST    	ECE0	0000	20
		_pdnRestart    		MEDIUMCONST    	F1F5	0000	8
		i2_LCDwritePCF8574		CODE           	3FAE	0000	18
		_cmd13_8       		MEDIUMCONST    	F1C3	0000	9
		_cmd12_13      		MEDIUMCONST    	F0FE	0000	14
		i2_LCDpulseEnableNeg		CODE           	3D78	0000	36
		_NotPh6_22     		MEDIUMCONST    	ECF4	0000	19
		_NotRTC6_36    		MEDIUMCONST    	EFF6	0000	33
		i2_lcdWrite4Bits		CODE           	3F2A	0000	20

shared estimated size: 8860

ADC.c
		_getADCResult  		CODE           	36F0	0000	72
		_selectChannel 		CODE           	1BEC	0000	200

ADC.c estimated size: 272

i2c_LCD_PCF8574.c
		_lcdWriteStringIndex		CODE           	394C	0000	62
		_displayIcon   		CODE           	398A	0000	58
		_lcdSetCursor  		CODE           	3032	0000	100
		_lcdDisplayOn  		CODE           	3FE4	0000	14
		_LCDwritePCF8574		CODE           	3EBE	0000	24
		_lcdDisplayOff 		CODE           	3FF2	0000	14
		_LCDpulseEnableNeg		CODE           	3CB0	0000	42
		_lcdClear      		CODE           	3D9C	0000	34
		_lcdClearLine  		CODE           	3DBE	0000	32
		_lcdCommandWrite		CODE           	3F66	0000	18
		_lcdCreateChar 		CODE           	326E	0000	88
		_lcdWriteChar  		CODE           	4000	0000	14
		_lcdInit       		CODE           	0DAE	0000	334
		_lcdSend       		CODE           	3C56	0000	46
		_lcdWrite4Bits 		CODE           	3E8A	0000	26
		_lcdDataWrite  		CODE           	3F78	0000	18
		_lcdWriteStringAtCenter		CODE           	1710	0000	218
		_lcdWriteString		CODE           	384E	0000	64
		_removeIcon    		CODE           	3DFE	0000	30

i2c_LCD_PCF8574.c estimated size: 1236

C:\Program Files\Microchip\xc8\v2.35\pic\sources\c99\common\strlen.c
		_strlen        		CODE           	33C2	0000	84

C:\Program Files\Microchip\xc8\v2.35\pic\sources\c99\common\strlen.c estimated size: 84

controllerActions.c
		_isNumber      		CODE           	3BF6	0000	48
		_doLowPhaseAction		CODE           	1F57A	0000	428
		_doDryRunAction		CODE           	16C9A	0000	2548
		_isFieldMoistureSensorWetLora		CODE           	25F0	0000	164
		_isRTCBatteryDrained		CODE           	24A8	0000	164
		_actionsOnSleepCountFinish		CODE           	12BC6	0000	3862
		_clearDecodedString		CODE           	3A98	0000	50
		_actionsOnSystemReset		CODE           	14820	0000	3268
		_deepSleep     		CODE           	18FE6	0000	1870
		_setFactoryPincode		CODE           	2144	0000	178
		_calibrateMotorCurrent		CODE           	1C5B8	0000	1318
		_strcpyCustom  		CODE           	128A	0000	254
		_doLoraSlaveInActiveAction		CODE           	1BA14	0000	1656
		_days          		CODE           	116E	0000	284
		_clearTempBytesString		CODE           	3ACA	0000	50
		_clearFieldByte		CODE           	3AFC	0000	50
		_doPhaseFailureAction		CODE           	1FA62	0000	410
		_randomPasswordGeneration		CODE           	22A8	0000	176
		_fetchDigits   		CODE           	2CF4	0000	110
		_configureController		CODE           	1E0AA	0000	822
		_clearGsmResponse		CODE           	388E	0000	64
		_deActivateValve		CODE           	1F726	0000	416
		_getDateFromGSM		CODE           	1B368	0000	1708
		_powerOffMotor 		CODE           	28EA	0000	146
		_actionsOnDueValve		CODE           	19E62	0000	1832
		_checkResetType		CODE           	1036	0000	312
		_isMotorInNoLoad		CODE           	1388	0000	226
		_scanValveScheduleAndGetSleepCount		CODE           	16184	0000	2838
		_extractReceivedSms		CODE           	10000	0000	11206
		_clearStringToDecode		CODE           	3A66	0000	50
		_phaseFailure  		CODE           	39C4	0000	56
		_getDueDate    		CODE           	1C08C	0000	1324
		_activateValve 		CODE           	1CADE	0000	1196
		_powerOnMotor  		CODE           	2A06	0000	136

controllerActions.c estimated size: 39220

C:\Program Files\Microchip\xc8\v2.35\pic\sources\c99\common\strchr.c
		_strchr        		CODE           	36A2	0000	78

C:\Program Files\Microchip\xc8\v2.35\pic\sources\c99\common\strchr.c estimated size: 78

C:\Program Files\Microchip\xc8\v2.35\pic\sources\c99\common\aomod.c
		___aomod       		CODE           	097E	0000	358

C:\Program Files\Microchip\xc8\v2.35\pic\sources\c99\common\aomod.c estimated size: 358

C:\Program Files\Microchip\xc8\v2.35\pic\sources\c99\common\nf_fputs.c
		_fputs         		CODE           	3780	0000	72

C:\Program Files\Microchip\xc8\v2.35\pic\sources\c99\common\nf_fputs.c estimated size: 72

i2c_RTC_DS1307.c
		_decimal2BCD   		CODE           	390E	0000	62
		_bcd2Decimal   		CODE           	3DDE	0000	32
		_fetchTimefromRTC		CODE           	208A	0000	186
		_feedTimeInRTC 		CODE           	254C	0000	164

i2c_RTC_DS1307.c estimated size: 444

C:\Program Files\Microchip\xc8\v2.35\pic\sources\c99\common\lwmod.c
		___lwmod       		CODE           	2E9E	0000	102

C:\Program Files\Microchip\xc8\v2.35\pic\sources\c99\common\lwmod.c estimated size: 102

C:\Program Files\Microchip\xc8\v2.35\pic\sources\c99\common\awmod.c
		___awmod       		CODE           	21F6	0000	178

C:\Program Files\Microchip\xc8\v2.35\pic\sources\c99\common\awmod.c estimated size: 178

C:\Program Files\Microchip\xc8\v2.35\pic\sources\c99\common\doprnt.c
		_vfpfcnvrt     		CODE           	1EEFC	0000	586
		_pad           		CODE           	18C2	0000	204
		_ctoa          		CODE           	1FF0E	0000	234
		_dtoa          		CODE           	1E3E0	0000	764
		_vfprintf      		CODE           	2E38	0000	102

C:\Program Files\Microchip\xc8\v2.35\pic\sources\c99\common\doprnt.c estimated size: 1890

