Microchip MPLAB XC8 Compiler V2.35

Linker command line:

-W-3 --edf=C:\Program Files\Microchip\xc8\v2.35\pic\dat\en_msgs.txt -cn \
  -h+dist/18f67k40/debug\BJU_AutoIrri_Lora_GPRS_DevBranch_New.X.debug.sym \
  --cmf=dist/18f67k40/debug\BJU_AutoIrri_Lora_GPRS_DevBranch_New.X.debug.cmf \
  -z -Q18F67K40 -oC:\Users\nandu\AppData\Local\Temp\xcAs3qg.4 \
  --defsym=__MPLAB_BUILD=1 \
  -Mdist/18f67k40/debug/BJU_AutoIrri_Lora_GPRS_DevBranch_New.X.debug.map \
  --md=C:\Users\nandu\AppData\Local\Temp\xcAs3qg.dat -E1 -ver=XC8 Compiler \
  --acfsm=1493 -ACODE=00h-01FFFFh -ACONST=00h-01FFFFh \
  -ASMALLCONST=0E00h-0EFFhx498 -AMEDIUMCONST=0E00h-0FFFFh,010E00h-01FFFFh \
  -ACOMRAM=01h-05Fh -AABS1=00h-0DE9h -ABIGRAM=01h-0DE9h \
  -ARAM=060h-0FFh,0100h-01FFhx12,0D00h-0DE9h -ABANK0=060h-0FFh \
  -ABANK1=0100h-01FFh -ABANK2=0200h-02FFh -ABANK3=0300h-03FFh \
  -ABANK4=0400h-04FFh -ABANK5=0500h-05FFh -ABANK6=0600h-06FFh \
  -ABANK7=0700h-07FFh -ABANK8=0800h-08FFh -ABANK9=0900h-09FFh \
  -ABANK10=0A00h-0AFFh -ABANK11=0B00h-0BFFh -ABANK12=0C00h-0CFFh \
  -ABANK13=0D00h-0DE9h \
  -ASFR=0DEFh-0DFFh,0E00h-0EFFh,0F00h-0F5Fh,0F60h-0FFFh \
  -ABIGSFR=0DEFh-0FFFh -ACONFIG=0300000h-030000Bh -AIDLOC=0200000h-020000Fh \
  -AEEDATA=0310000h-03103FFh -peeprom_data=EEDATA \
  -preset_vec=00h,intcode=08h,intcodelo=018h,powerup,init -pramtop=0E00h \
  -psmallconst=SMALLCONST -pmediumconst=MEDIUMCONST -pconst=CONST \
  -AFARRAM=00h-00h \
  -prdata=COMRAM,nvrram=COMRAM,nvbit=COMRAM,rbss=COMRAM,rbit=COMRAM \
  -pfarbss=FARRAM,fardata=FARRAM,nvFARRAM=FARRAM \
  -pintsave_regs=BIGRAM,bigbss=BIGRAM,bigdata=BIGRAM -pbss=RAM \
  -pidata=CODE,irdata=CODE,ibigdata=CODE,ifardata=CODE -prparam=COMRAM \
  C:\Users\nandu\AppData\Local\Temp\xcAs3qg.o \
  dist/18f67k40/debug\BJU_AutoIrri_Lora_GPRS_DevBranch_New.X.debug.o 

Object code version is 3.11

Machine type is 18F67K40



                Name                               Link     Load   Length Selector   Space Scale
C:\Users\nandu\AppData\Local\Temp\xcAs3qg.o
                idloc                            200000   200000       10        0       5
                config                           300000   300000        C        0       4
                init                                688      688        4        C       0
                reset_vec                             0        0        6        0       0
dist/18f67k40/debug\BJU_AutoIrri_Lora_GPRS_DevBranch_New.X.debug.o
                eeprom_data                      310000   310000      3C0   310000       0
                intcodelo                            18       18      670        C       0
                intcode                               8        8        6        4       0
                idloc                            200000   200000       10        0       5
                config                           300000   300000        C        0       4
                temp                                 43       43        1        1       1
                mediumconst                        E638     E638     19C8     731C       0
                text151                           1F916    1F916       14     8000       0
                text150                           1F902    1F902       14     8000       0
                text149                           1F42C    1F42C       40     8000       0
                text148                           1F3EC    1F3EC       40     8000       0
                text147                           1ED36    1ED36       5A     8000       0
                text146                           1F194    1F194       48     8000       0
                text145                           1E5D0    1E5D0       84     8000       0
                text144                           1F94E    1F94E       10     8000       0
                text143                           1F7D0    1F7D0       24     8000       0
                text142                           1F8EE    1F8EE       14     8000       0
                text141                           1F75E    1F75E       28     8000       0
                text140                           1F996    1F996        E     8000       0
                text139                           1F988    1F988        E     8000       0
                text138                           1EFDA    1EFDA       4E     8000       0
                text137                           1ECDC    1ECDC       5A     8000       0
                text136                           1F9A4    1F9A4        A     8000       0
                text135                           1F652    1F652       32     8000       0
                text134                           1F8C2    1F8C2       18     8000       0
                intcode_body                      198F4    198F4      44A     8000       0
                text132                           1F620    1F620       32     8000       0
                text131                           1CD30    1CD30      126     8000       0
                text129                           1E914    1E914       66     8000       0
                text128                           1F836    1F836       20     8000       0
                text127                           1EA42    1EA42       64     8000       0
                text126                           1DC42    1DC42       AE     8000       0
                text125                           1F1DC    1F1DC       46     8000       0
                text124                           1F222    1F222       44     8000       0
                text123                           1F2EA    1F2EA       42     8000       0
                text122                           1F072    1F072       4A     8000       0
                text121                           1DAD8    1DAD8       B8     8000       0
                text120                           18FB0    18FB0      4BC     8000       0
                text119                           1F3AC    1F3AC       40     8000       0
                text118                           1F36C    1F36C       40     8000       0
                text117                           1EC24    1EC24       5E     8000       0
                text116                           1F028    1F028       4A     8000       0
                text115                           1E43C    1E43C       8A     8000       0
                text114                           1F8DA    1F8DA       14     8000       0
                text113                           1F70C    1F70C       2A     8000       0
                text112                           1F8A8    1F8A8       1A     8000       0
                text111                           1F6B4    1F6B4       2E     8000       0
                text110                           1F93C    1F93C       12     8000       0
                text109                           1EBC6    1EBC6       5E     8000       0
                text108                           1F92A    1F92A       12     8000       0
                text107                           1F32C    1F32C       40     8000       0
                text106                           1F816    1F816       20     8000       0
                text105                           1DA12    1DA12       C6     8000       0
                text104                           1D12E    1D12E       DA     8000       0
                text103                           1F588    1F588       34     8000       0
                text102                           1F554    1F554       34     8000       0
                text101                           1EEE2    1EEE2       54     8000       0
                text100                           1D94A    1D94A       C8     8000       0
                text99                            1EE8E    1EE8E       54     8000       0
                text98                            1DB90    1DB90       B2     8000       0
                text97                            1E7C4    1E7C4       76     8000       0
                text96                            1F5EE    1F5EE       32     8000       0
                text95                            1F736    1F736       28     8000       0
                text94                            1D050    1D050       DE     8000       0
                text93                            1F684    1F684       30     8000       0
                text92                            1CC0A    1CC0A      126     8000       0
                text91                            19D3E    19D3E      43A     8000       0
                text90                            1F88E    1F88E       1A     8000       0
                text89                            1F14C    1F14C       48     8000       0
                text88                            1EF88    1EF88       52     8000       0
                text87                            1A970    1A970      3E0     8000       0
                text86                            1F9AE    1F9AE        2     8000       0
                text85                            1D55E    1D55E       CC     8000       0
                text84                            1CF72    1CF72       DE     8000       0
                text83                            1C154    1C154      18A     8000       0
                text82                            1C452    1C452      166     8000       0
                text81                            1F2A8    1F2A8       42     8000       0
                text80                            1F104    1F104       48     8000       0
                text79                            1F4E4    1F4E4       3A     8000       0
                text78                            1D882    1D882       C8     8000       0
                text77                            1B3D4    1B3D4      2EA     8000       0
                text76                            1B974    1B974      24A     8000       0
                text75                            1E83A    1E83A       6E     8000       0
                text74                            1EE3A    1EE3A       54     8000       0
                text73                            1A178    1A178      418     8000       0
                text72                            1C9A0    1C9A0      138     8000       0
                text71                            1E02E    1E02E       A0     8000       0
                text70                            1ED90    1ED90       56     8000       0
                text69                            1F97A    1F97A        E     8000       0
                text68                            1F4AA    1F4AA       3A     8000       0
                text67                            1E54C    1E54C       84     8000       0
                text66                            1F786    1F786       26     8000       0
                text65                            1E9DE    1E9DE       64     8000       0
                text64                            1785C    1785C      6A8     8000       0
                text63                            1D3B6    1D3B6       D6     8000       0
                text62                            1D2E0    1D2E0       D6     8000       0
                text61                            1F856    1F856       1E     8000       0
                text60                            1DE42    1DE42       A6     8000       0
                text59                            1D7BA    1D7BA       C8     8000       0
                text58                            16A96    16A96      6FE     8000       0
                text57                            1E97A    1E97A       64     8000       0
                text56                            12940    12940      E40     8000       0
                text55                            1C868    1C868      138     8000       0
                text54                            1F7F4    1F7F4       22     8000       0
                text53                            1F96C    1F96C        E     8000       0
                text52                            1F95E    1F95E        E     8000       0
                text51                            1C71A    1C71A      14E     8000       0
                text50                            1B0DA    1B0DA      2FA     8000       0
                text49                            1F874    1F874       1A     8000       0
                text48                            1E74E    1E74E       76     8000       0
                text47                            16250    16250      846     8000       0
                text46                            1E200    1E200       92     8000       0
                text45                            1DCF0    1DCF0       AA     8000       0
                text44                            15972    15972      8DE     8000       0
                text43                            17F04    17F04      63E     8000       0
                text42                            1C2DE    1C2DE      174     8000       0
                text41                            1C5B8    1C5B8      162     8000       0
                text40                            1F0BC    1F0BC       48     8000       0
                text39                            1D6F2    1D6F2       C8     8000       0
                text38                            1D208    1D208       D8     8000       0
                text37                            18542    18542      542     8000       0
                text36                            1946C    1946C      488     8000       0
                text35                            18A84    18A84      52C     8000       0
                text34                            1F51E    1F51E       36     8000       0
                text33                            1F266    1F266       42     8000       0
                text32                            1F46C    1F46C       3E     8000       0
                text31                            1DF8C    1DF8C       A2     8000       0
                text30                            1AD50    1AD50      38A     8000       0
                text29                            1EF36    1EF36       52     8000       0
                text28                            1E3AE    1E3AE       8E     8000       0
                text27                            1EB66    1EB66       60     8000       0
                text26                            1E320    1E320       8E     8000       0
                text25                            1BDCC    1BDCC      1FA     8000       0
                text24                            1EDE6    1EDE6       54     8000       0
                text23                            1B6BE    1B6BE      2B6     8000       0
                text22                            1CAD8    1CAD8      132     8000       0
                text21                            1E16C    1E16C       94     8000       0
                text20                            1E4C6    1E4C6       86     8000       0
                text19                            10000    10000     2940     8000       0
                text18                            1EB06    1EB06       60     8000       0
                text17                            1DEE8    1DEE8       A4     8000       0
                text16                            1BFC6    1BFC6      18E     8000       0
                text15                            13780    13780      CA8     8000       0
                text14                            17194    17194      6C8     8000       0
                text13                            1F5BC    1F5BC       32     8000       0
                text12                            1A590    1A590      3E0     8000       0
                text11                            1E8A8    1E8A8       6C     8000       0
                text10                            1E654    1E654       80     8000       0
                text9                             1F6E2    1F6E2       2A     8000       0
                text8                             1E0CE    1E0CE       9E     8000       0
                text7                             1EC82    1EC82       5A     8000       0
                text6                             1EAA6    1EAA6       60     8000       0
                text5                             1E292    1E292       8E     8000       0
                text4                             1DD9A    1DD9A       A8     8000       0
                text3                             14EDE    14EDE      A94     8000       0
                text2                             1CE56    1CE56      11C     8000       0
                text1                             14428    14428      AB6     8000       0
                text0                             1BBBE    1BBBE      20E     8000       0
                cstackCOMRAM                         25       25       1E        1       1
                cstackBANK0                          60       60       63       60       1
                cstackBANK1                         1FA      1FA        6      100       1
                cstackBANK2                         2F4      2F4        C      200       1
                cstackBANK3                         3E8      3E8       18      300       1
                cstackBANK4                         460      460       12      400       1
                bssBIGRAM                           5C8      5C8      2D0      5C8       1
                bssBANK5                            500      500       C8      500       1
                bssBANK4                            400      400       60      400       1
                dataBANK3                           300      300       C8      300       1
                bssBANK3                            3C8      3C8       20      300       1
                dataBANK2                           2D0      2D0       24      200       1
                bssBANK2                            200      200       D0      200       1
                dataBANK1                           180      180       7A      100       1
                bssBANK1                            100      100       80      100       1
                bssBANK0                             C3       C3       21       60       1
                bssCOMRAM                             1        1       24        1       1
                cinit                             1D48C    1D48C       D2     8000       0
                idataBANK3                        1D62A    1D62A       C8     8000       0
                idataBANK2                        1F7AC    1F7AC       24     8000       0
                idataBANK1                        1E6D4    1E6D4       7A     8000       0

TOTAL           Name                               Link     Load   Length     Space
        CLASS   CODE           
                intcodelo                            18       18      670         0
                intcode                               8        8        6         0
                init                                688      688        4         0
                reset_vec                             0        0        6         0
                text151                           1F916    1F916       14         0
                text150                           1F902    1F902       14         0
                text149                           1F42C    1F42C       40         0
                text148                           1F3EC    1F3EC       40         0
                text147                           1ED36    1ED36       5A         0
                text146                           1F194    1F194       48         0
                text145                           1E5D0    1E5D0       84         0
                text144                           1F94E    1F94E       10         0
                text143                           1F7D0    1F7D0       24         0
                text142                           1F8EE    1F8EE       14         0
                text141                           1F75E    1F75E       28         0
                text140                           1F996    1F996        E         0
                text139                           1F988    1F988        E         0
                text138                           1EFDA    1EFDA       4E         0
                text137                           1ECDC    1ECDC       5A         0
                text136                           1F9A4    1F9A4        A         0
                text135                           1F652    1F652       32         0
                text134                           1F8C2    1F8C2       18         0
                intcode_body                      198F4    198F4      44A         0
                text132                           1F620    1F620       32         0
                text131                           1CD30    1CD30      126         0
                text129                           1E914    1E914       66         0
                text128                           1F836    1F836       20         0
                text127                           1EA42    1EA42       64         0
                text126                           1DC42    1DC42       AE         0
                text125                           1F1DC    1F1DC       46         0
                text124                           1F222    1F222       44         0
                text123                           1F2EA    1F2EA       42         0
                text122                           1F072    1F072       4A         0
                text121                           1DAD8    1DAD8       B8         0
                text120                           18FB0    18FB0      4BC         0
                text119                           1F3AC    1F3AC       40         0
                text118                           1F36C    1F36C       40         0
                text117                           1EC24    1EC24       5E         0
                text116                           1F028    1F028       4A         0
                text115                           1E43C    1E43C       8A         0
                text114                           1F8DA    1F8DA       14         0
                text113                           1F70C    1F70C       2A         0
                text112                           1F8A8    1F8A8       1A         0
                text111                           1F6B4    1F6B4       2E         0
                text110                           1F93C    1F93C       12         0
                text109                           1EBC6    1EBC6       5E         0
                text108                           1F92A    1F92A       12         0
                text107                           1F32C    1F32C       40         0
                text106                           1F816    1F816       20         0
                text105                           1DA12    1DA12       C6         0
                text104                           1D12E    1D12E       DA         0
                text103                           1F588    1F588       34         0
                text102                           1F554    1F554       34         0
                text101                           1EEE2    1EEE2       54         0
                text100                           1D94A    1D94A       C8         0
                text99                            1EE8E    1EE8E       54         0
                text98                            1DB90    1DB90       B2         0
                text97                            1E7C4    1E7C4       76         0
                text96                            1F5EE    1F5EE       32         0
                text95                            1F736    1F736       28         0
                text94                            1D050    1D050       DE         0
                text93                            1F684    1F684       30         0
                text92                            1CC0A    1CC0A      126         0
                text91                            19D3E    19D3E      43A         0
                text90                            1F88E    1F88E       1A         0
                text89                            1F14C    1F14C       48         0
                text88                            1EF88    1EF88       52         0
                text87                            1A970    1A970      3E0         0
                text86                            1F9AE    1F9AE        2         0
                text85                            1D55E    1D55E       CC         0
                text84                            1CF72    1CF72       DE         0
                text83                            1C154    1C154      18A         0
                text82                            1C452    1C452      166         0
                text81                            1F2A8    1F2A8       42         0
                text80                            1F104    1F104       48         0
                text79                            1F4E4    1F4E4       3A         0
                text78                            1D882    1D882       C8         0
                text77                            1B3D4    1B3D4      2EA         0
                text76                            1B974    1B974      24A         0
                text75                            1E83A    1E83A       6E         0
                text74                            1EE3A    1EE3A       54         0
                text73                            1A178    1A178      418         0
                text72                            1C9A0    1C9A0      138         0
                text71                            1E02E    1E02E       A0         0
                text70                            1ED90    1ED90       56         0
                text69                            1F97A    1F97A        E         0
                text68                            1F4AA    1F4AA       3A         0
                text67                            1E54C    1E54C       84         0
                text66                            1F786    1F786       26         0
                text65                            1E9DE    1E9DE       64         0
                text64                            1785C    1785C      6A8         0
                text63                            1D3B6    1D3B6       D6         0
                text62                            1D2E0    1D2E0       D6         0
                text61                            1F856    1F856       1E         0
                text60                            1DE42    1DE42       A6         0
                text59                            1D7BA    1D7BA       C8         0
                text58                            16A96    16A96      6FE         0
                text57                            1E97A    1E97A       64         0
                text56                            12940    12940      E40         0
                text55                            1C868    1C868      138         0
                text54                            1F7F4    1F7F4       22         0
                text53                            1F96C    1F96C        E         0
                text52                            1F95E    1F95E        E         0
                text51                            1C71A    1C71A      14E         0
                text50                            1B0DA    1B0DA      2FA         0
                text49                            1F874    1F874       1A         0
                text48                            1E74E    1E74E       76         0
                text47                            16250    16250      846         0
                text46                            1E200    1E200       92         0
                text45                            1DCF0    1DCF0       AA         0
                text44                            15972    15972      8DE         0
                text43                            17F04    17F04      63E         0
                text42                            1C2DE    1C2DE      174         0
                text41                            1C5B8    1C5B8      162         0
                text40                            1F0BC    1F0BC       48         0
                text39                            1D6F2    1D6F2       C8         0
                text38                            1D208    1D208       D8         0
                text37                            18542    18542      542         0
                text36                            1946C    1946C      488         0
                text35                            18A84    18A84      52C         0
                text34                            1F51E    1F51E       36         0
                text33                            1F266    1F266       42         0
                text32                            1F46C    1F46C       3E         0
                text31                            1DF8C    1DF8C       A2         0
                text30                            1AD50    1AD50      38A         0
                text29                            1EF36    1EF36       52         0
                text28                            1E3AE    1E3AE       8E         0
                text27                            1EB66    1EB66       60         0
                text26                            1E320    1E320       8E         0
                text25                            1BDCC    1BDCC      1FA         0
                text24                            1EDE6    1EDE6       54         0
                text23                            1B6BE    1B6BE      2B6         0
                text22                            1CAD8    1CAD8      132         0
                text21                            1E16C    1E16C       94         0
                text20                            1E4C6    1E4C6       86         0
                text19                            10000    10000     2940         0
                text18                            1EB06    1EB06       60         0
                text17                            1DEE8    1DEE8       A4         0
                text16                            1BFC6    1BFC6      18E         0
                text15                            13780    13780      CA8         0
                text14                            17194    17194      6C8         0
                text13                            1F5BC    1F5BC       32         0
                text12                            1A590    1A590      3E0         0
                text11                            1E8A8    1E8A8       6C         0
                text10                            1E654    1E654       80         0
                text9                             1F6E2    1F6E2       2A         0
                text8                             1E0CE    1E0CE       9E         0
                text7                             1EC82    1EC82       5A         0
                text6                             1EAA6    1EAA6       60         0
                text5                             1E292    1E292       8E         0
                text4                             1DD9A    1DD9A       A8         0
                text3                             14EDE    14EDE      A94         0
                text2                             1CE56    1CE56      11C         0
                text1                             14428    14428      AB6         0
                text0                             1BBBE    1BBBE      20E         0
                cinit                             1D48C    1D48C       D2         0
                idataBANK3                        1D62A    1D62A       C8         0
                idataBANK2                        1F7AC    1F7AC       24         0
                idataBANK1                        1E6D4    1E6D4       7A         0

        CLASS   CONST          

        CLASS   SMALLCONST     

        CLASS   MEDIUMCONST    
                mediumconst                        E638     E638     19C8         0

        CLASS   COMRAM         
                temp                                 43       43        1         1
                cstackCOMRAM                         25       25       1E         1
                bssCOMRAM                             1        1       24         1

        CLASS   ABS1           

        CLASS   BIGRAM         
                bssBIGRAM                           5C8      5C8      2D0         1

        CLASS   RAM            

        CLASS   BANK0          
                cstackBANK0                          60       60       63         1
                bssBANK0                             C3       C3       21         1

        CLASS   BANK1          
                cstackBANK1                         1FA      1FA        6         1
                dataBANK1                           180      180       7A         1
                bssBANK1                            100      100       80         1

        CLASS   BANK2          
                cstackBANK2                         2F4      2F4        C         1
                dataBANK2                           2D0      2D0       24         1
                bssBANK2                            200      200       D0         1

        CLASS   BANK3          
                cstackBANK3                         3E8      3E8       18         1
                dataBANK3                           300      300       C8         1
                bssBANK3                            3C8      3C8       20         1

        CLASS   BANK4          
                cstackBANK4                         460      460       12         1
                bssBANK4                            400      400       60         1

        CLASS   BANK5          
                bssBANK5                            500      500       C8         1

        CLASS   BANK6          

        CLASS   BANK7          

        CLASS   BANK8          

        CLASS   BANK9          

        CLASS   BANK10         

        CLASS   BANK11         

        CLASS   BANK12         

        CLASS   BANK13         

        CLASS   SFR            

        CLASS   BIGSFR         

        CLASS   CONFIG         
                config                           300000   300000        C         4

        CLASS   IDLOC          
                idloc                            200000   200000       10         5

        CLASS   EEDATA         
                eeprom_data                      310000   310000      3C0         0

        CLASS   FARRAM         

        CLASS   HEAP           

        CLASS   STACK          



SEGMENTS        Name                           Load    Length   Top    Selector   Space  Class

                reset_vec                      000000  000006  000006         0       0  CODE    
                bssCOMRAM                      000001  000043  000044         1       1  COMRAM  
                intcode                        000008  000006  00000E         4       0  CODE    
                intcodelo                      000018  000674  00068C         C       0  CODE    
                cstackBANK0                    000060  000084  0000E4        60       1  BANK0   
                bssBANK1                       000100  000100  000200       100       1  BANK1   
                bssBANK2                       000200  000100  000300       200       1  BANK2   
                dataBANK3                      000300  000100  000400       300       1  BANK3   
                bssBANK4                       000400  000072  000472       400       1  BANK4   
                bssBANK5                       000500  0000C8  0005C8       500       1  BANK5   
                bssBIGRAM                      0005C8  0002D0  000898       5C8       1  BIGRAM  
                mediumconst                    00E638  0019C8  010000      731C       0  MEDIUMCO
                text19                         010000  00F9B0  01F9B0      8000       0  CODE    
                eeprom_data                    310000  0003C0  3103C0    310000       0  EEDATA  


UNUSED ADDRESS RANGES

        Name                Unused          Largest block    Delta
        BANK0            0000E4-0000FF               1C
        BANK10           000A00-000AFF              100
        BANK11           000B00-000BFF              100
        BANK12           000C00-000CFF              100
        BANK13           000D00-000DE9               EA
        BANK4            000472-0004FF               8E
        BANK8            000898-0008FF               68
        BANK9            000900-0009FF              100
        BIGRAM           000044-00005F               1C
                         0000E4-0000FF               1C
                         000472-0004FF               8E
                         000898-000DE9              552
        BIGSFR           000DEF-000FFF              211
        CODE             000006-000007                2
                         00000E-000017                A
                         00068C-00E637             DFAC
                         01F9B0-01FFFF              650
        COMRAM           000044-00005F               1C
        CONST            000006-000007                2
                         00000E-000017                A
                         00068C-00E637             DFAC
                         01F9B0-01FFFF              650
        EEDATA           3103C0-3103FF               40
        MEDIUMCONST      000E00-00E637             D838
                         01F9B0-01FFFF              650
        RAM              0000E4-0000FF               1C
                         000472-0004FF               8E
                         000898-000DE9              100
        SFR              000DEF-000FFF              100
        SMALLCONST       000E00-00E637              100
                         01F9B0-01FFFF              100

                                  Symbol Table

?___aodiv                                                 cstackBANK0  00007C
?___aomod                                                 cstackBANK0  00007C
?___awdiv                                                 cstackBANK0  00007C
?___awmod                                                 cstackBANK0  00008E
?___lmul                                                  cstackBANK0  00007C
?___lwdiv                                                 cstackBANK0  000082
?___lwmod                                                 cstackBANK0  00007C
?___wmul                                                  cstackBANK0  00007C
?_abs                                                     cstackBANK0  00008E
?_ctoa                                                    cstackBANK0  000085
?_days                                                    cstackBANK0  000081
?_dtoa                                                    cstackBANK0  000097
?_getADCResult                                            cstackBANK0  00007C
?_pad                                                     cstackBANK0  00008C
?_rand                                                    cstackBANK0  000088
?_readActiveSleepCountFromEeprom                          cstackBANK0  00007F
?_readRemainingFertigationOnPeriodFromEeprom              cstackBANK0  00007F
?_sprintf                                                 cstackBANK3  0003E8
?_strlen                                                  cstackBANK0  00007C
?_strncmp                                                 cstackBANK0  00007C
?_vfpfcnvrt                                               cstackBANK0  0000BB
?_vfprintf                                                cstackBANK1  0001FA
?i1_strncmp                                               cstackBANK0  000060
LCDpulseEnableNeg@_data                                   cstackBANK0  000081
LCDwritePCF8574@value                                     cstackBANK0  000080
_ADACQ                                                    (abs)        000F5C
_ADACT                                                    (abs)        000F56
_ADCAP                                                    (abs)        000F5D
_ADCON0bits                                               (abs)        000F60
_ADCON1                                                   (abs)        000F59
_ADCON2                                                   (abs)        000F5A
_ADCON3                                                   (abs)        000F5B
_ADPCH                                                    (abs)        000F5F
_ADREF                                                    (abs)        000F58
_ADRESH                                                   (abs)        000F64
_ADRESL                                                   (abs)        000F63
_ADRPT                                                    (abs)        000F66
_ANSELA                                                   (abs)        000E92
_ANSELB                                                   (abs)        000E9A
_ANSELD                                                   (abs)        000EA7
_ANSELE                                                   (abs)        000EAF
_ANSELF                                                   (abs)        000EB4
_ANSELG                                                   (abs)        000EBC
_BAUD1CON                                                 (abs)        000F9E
_BAUD3CON                                                 (abs)        000EF0
_BSR                                                      (abs)        000FE0
_CCP1CONbits                                              (abs)        000FAB
_CCP2CONbits                                              (abs)        000FA7
_CCP3CONbits                                              (abs)        000F26
_CCP4CONbits                                              (abs)        000F22
_CCPR1                                                    (abs)        000FA9
_CCPR2                                                    (abs)        000FA5
_CCPR3                                                    (abs)        000F24
_CCPR4                                                    (abs)        000F20
_CCPTMRS0bits                                             (abs)        000FAD
_CPUDOZEbits                                              (abs)        000E42
_CmdConnect                                               mediumconst  00F231
_CmdFert1                                                 mediumconst  00EA80
_CmdFert2                                                 mediumconst  00EC89
_CmdFert3                                                 mediumconst  00F115
_CmdFert4                                                 mediumconst  00F098
_CmdFilt1                                                 mediumconst  00F1C3
_CmdFilt2                                                 mediumconst  00F170
_CmdFilt3                                                 mediumconst  00F078
_CmdFilt4                                                 mediumconst  00F1A8
_CmdIrr1                                                  mediumconst  00F057
_CmdIrr10                                                 mediumconst  00EFCE
_CmdIrr2                                                  mediumconst  00EE11
_CmdIrr3                                                  mediumconst  00EF85
_CmdIrr7                                                  mediumconst  00F251
_CmdMS2                                                   mediumconst  00EE6A
_CmdMS3                                                   mediumconst  00EF3B
_CmdMotor2                                                mediumconst  00EFF2
_CmdMotor3                                                mediumconst  00EDE2
_CmdMotor4                                                mediumconst  00ED22
_CmdRTC2                                                  mediumconst  00EEE9
_CmdT1                                                    mediumconst  00F18D
_CmdT2                                                    mediumconst  00F242
_DeviceBurnStatus                                         bssCOMRAM    00000D
_INLVLA                                                   (abs)        000E8E
_INLVLB                                                   (abs)        000E96
_INLVLC                                                   (abs)        000E9E
_INLVLD                                                   (abs)        000EA3
_INLVLE                                                   (abs)        000EAB
_INLVLF                                                   (abs)        000EB0
_INLVLG                                                   (abs)        000EB8
_INLVLH                                                   (abs)        000EBD
_INTCONbits                                               (abs)        000FF2
_IOCBF                                                    (abs)        000E93
_IOCBF0                                                   (abs)        007498
_IOCBN                                                    (abs)        000E94
_IOCBP                                                    (abs)        000E95
_IOCEF                                                    (abs)        000EA8
_IOCEF2                                                   (abs)        007542
_IOCEF3                                                   (abs)        007543
_IOCEN                                                    (abs)        000EA9
_IOCEP                                                    (abs)        000EAA
_IPR0bits                                                 (abs)        000E1F
_IPR3bits                                                 (abs)        000E22
_IPR4bits                                                 (abs)        000E23
_IPR5bits                                                 (abs)        000E24
_LATA                                                     (abs)        000F79
_LATB                                                     (abs)        000F7A
_LATC                                                     (abs)        000F7B
_LATD                                                     (abs)        000F7C
_LATE                                                     (abs)        000F7D
_LATF                                                     (abs)        000F7E
_LATG                                                     (abs)        000F7F
_LATH                                                     (abs)        000F80
_LCDpulseEnableNeg                                        text113      01F70C
_LCDwritePCF8574                                          text114      01F8DA
_LoraConnectionFailed                                     bssBANK0     0000D1
_NVMADRH                                                  (abs)        000F75
_NVMADRL                                                  (abs)        000F74
_NVMCON1bits                                              (abs)        000F77
_NVMCON2                                                  (abs)        000F78
_NVMDAT                                                   (abs)        000F76
_NotDR1                                                   mediumconst  00E639
_NotDR2                                                   mediumconst  00E6BB
_NotDR3                                                   mediumconst  00E799
_NotDR4                                                   mediumconst  00E730
_NotFert5                                                 mediumconst  00F0F6
_NotFert6                                                 mediumconst  00F0D7
_NotFert7                                                 mediumconst  00E9FC
_NotFert8                                                 mediumconst  00EBA7
_NotIrr4                                                  mediumconst  00F152
_NotIrr5                                                  mediumconst  00F134
_NotIrr6                                                  mediumconst  00EBE0
_NotIrr8                                                  mediumconst  00ED83
_NotIrr9                                                  mediumconst  00ED53
_NotMS1                                                   mediumconst  00EB6E
_NotMotor1                                                mediumconst  00EB34
_NotPh1                                                   mediumconst  00EDB3
_NotPh2                                                   mediumconst  00E9B7
_NotPh3                                                   mediumconst  00F1DE
_NotPh6                                                   mediumconst  00F20B
_NotRTC1                                                  mediumconst  00ECBE
_NotRTC3                                                  mediumconst  00EC51
_NotRTC4                                                  mediumconst  00EC19
_NotSR01                                                  mediumconst  00EABD
_NotSR02                                                  mediumconst  00E84C
_NotSR03                                                  mediumconst  00E8E1
_NotSR04                                                  mediumconst  00E897
_NotSR05                                                  mediumconst  00E7FD
_NotSR06                                                  mediumconst  00E970
_NotSR07                                                  mediumconst  00E929
_NotSR08                                                  mediumconst  00EF60
_NotSR09                                                  mediumconst  00F0B8
_NotSR10                                                  mediumconst  00EFAA
_NotSR11                                                  mediumconst  00EF12
_NotSR12                                                  mediumconst  00F036
_NotSR13                                                  mediumconst  00F015
_NotSR14                                                  mediumconst  00EAF9
_NotSR15                                                  mediumconst  00ECF0
_ODCONA                                                   (abs)        000E90
_ODCONB                                                   (abs)        000E98
_ODCONC                                                   (abs)        000EA0
_ODCOND                                                   (abs)        000EA5
_ODCONE                                                   (abs)        000EAD
_ODCONF                                                   (abs)        000EB2
_ODCONG                                                   (abs)        000EBA
_ODCONH                                                   (abs)        000EBF
_OSCENbits                                                (abs)        000E47
_PCON0bits                                                (abs)        000FD7
_PIE0bits                                                 (abs)        000E29
_PIE3bits                                                 (abs)        000E2C
_PIE4bits                                                 (abs)        000E2D
_PIE5bits                                                 (abs)        000E2E
_PIR0bits                                                 (abs)        000E33
_PIR3bits                                                 (abs)        000E36
_PIR4bits                                                 (abs)        000E37
_PIR5bits                                                 (abs)        000E38
_PORTBbits                                                (abs)        000F8A
_PORTCbits                                                (abs)        000F8B
_PORTDbits                                                (abs)        000F8C
_PORTEbits                                                (abs)        000F8D
_PORTFbits                                                (abs)        000F8E
_PORTGbits                                                (abs)        000F8F
_PORTHbits                                                (abs)        000F90
_RC1REG                                                   (abs)        000F98
_RC1STA                                                   (abs)        000F9C
_RC1STAbits                                               (abs)        000F9C
_RC3PPS                                                   (abs)        000E65
_RC3REG                                                   (abs)        000EEA
_RC3STA                                                   (abs)        000EEE
_RC3STAbits                                               (abs)        000EEE
_RC4PPS                                                   (abs)        000E66
_RC6PPS                                                   (abs)        000E68
_RC7PPS                                                   (abs)        000E69
_RD5PPS                                                   (abs)        000E6F
_RD6PPS                                                   (abs)        000E70
_RE0PPS                                                   (abs)        000E72
_RE1PPS                                                   (abs)        000E73
_SLRCONA                                                  (abs)        000E8F
_SLRCONB                                                  (abs)        000E97
_SLRCONC                                                  (abs)        000E9F
_SLRCOND                                                  (abs)        000EA4
_SLRCONE                                                  (abs)        000EAC
_SLRCONF                                                  (abs)        000EB1
_SLRCONG                                                  (abs)        000EB9
_SLRCONH                                                  (abs)        000EBE
_SP1BRG                                                   (abs)        000F9A
_SP3BRG                                                   (abs)        000EEC
_SSP1ADD                                                  (abs)        000F92
_SSP1BUF                                                  (abs)        000F91
_SSP1CLKPPS                                               (abs)        000E19
_SSP1CON1                                                 (abs)        000F95
_SSP1CON2                                                 (abs)        000F96
_SSP1CON2bits                                             (abs)        000F96
_SSP1DATPPS                                               (abs)        000E1A
_SSP1STAT                                                 (abs)        000F94
_SSP1STATbits                                             (abs)        000F94
_SSP2ADD                                                  (abs)        000ED6
_SSP2BUF                                                  (abs)        000ED5
_SSP2CLKPPS                                               (abs)        000E1C
_SSP2CON1                                                 (abs)        000ED9
_SSP2CON2                                                 (abs)        000EDA
_SSP2CON2bits                                             (abs)        000EDA
_SSP2DATPPS                                               (abs)        000E1D
_SSP2STAT                                                 (abs)        000ED8
_SSP2STATbits                                             (abs)        000ED8
_SmsAU4                                                   mediumconst  00EA40
_T0CON0                                                   (abs)        000FD5
_T0CON0bits                                               (abs)        000FD5
_T0CON1                                                   (abs)        000FD6
_T1CON                                                    (abs)        000FCF
_T1CONbits                                                (abs)        000FCF
_T2CLKCONbits                                             (abs)        000FBF
_T2CONbits                                                (abs)        000FBD
_T2PR                                                     (abs)        000FBC
_T2TMR                                                    (abs)        000FBB
_T3CON                                                    (abs)        000FC9
_T3CONbits                                                (abs)        000FC9
_TMR0H                                                    (abs)        000FD4
_TMR0L                                                    (abs)        000FD3
_TMR1CLK                                                  (abs)        000FD2
_TMR1H                                                    (abs)        000FCE
_TMR1L                                                    (abs)        000FCD
_TMR3CLK                                                  (abs)        000FCC
_TMR3H                                                    (abs)        000FC8
_TMR3L                                                    (abs)        000FC7
_TRISA                                                    (abs)        000F81
_TRISB                                                    (abs)        000F82
_TRISC                                                    (abs)        000F83
_TRISD                                                    (abs)        000F84
_TRISE                                                    (abs)        000F85
_TRISF                                                    (abs)        000F86
_TRISG                                                    (abs)        000F87
_TRISH                                                    (abs)        000F88
_TX1REG                                                   (abs)        000F99
_TX1STA                                                   (abs)        000F9D
_TX3REG                                                   (abs)        000EEB
_TX3STA                                                   (abs)        000EEF
_Timer0Overflow                                           bssCOMRAM    00001B
_Timer1Overflow                                           bssBANK1     000151
_Timer3Overflow                                           bssBANK1     000150
_WDTCON0bits                                              (abs)        000E3D
_WPUA                                                     (abs)        000E91
_WPUB                                                     (abs)        000E99
_WPUC                                                     (abs)        000EA1
_WPUD                                                     (abs)        000EA6
_WPUE                                                     (abs)        000EAE
_WPUF                                                     (abs)        000EB3
_WPUG                                                     (abs)        000EBB
_WPUH                                                     (abs)        000EC0
__HRAM                                                    (abs)        000000
__Habs1                                                   abs1         000000
__Hbank0                                                  bank0        000000
__Hbank1                                                  bank1        000000
__Hbank10                                                 bank10       000000
__Hbank11                                                 bank11       000000
__Hbank12                                                 bank12       000000
__Hbank13                                                 bank13       000000
__Hbank2                                                  bank2        000000
__Hbank3                                                  bank3        000000
__Hbank4                                                  bank4        000000
__Hbank5                                                  bank5        000000
__Hbank6                                                  bank6        000000
__Hbank7                                                  bank7        000000
__Hbank8                                                  bank8        000000
__Hbank9                                                  bank9        000000
__Hbigbss                                                 bigbss       000000
__Hbigdata                                                bigdata      000000
__Hbigram                                                 bigram       000000
__Hbigsfr                                                 bigsfr       000000
__Hbss                                                    bss          000000
__HbssBANK0                                               bssBANK0     000000
__HbssBANK1                                               bssBANK1     000000
__HbssBANK2                                               bssBANK2     000000
__HbssBANK3                                               bssBANK3     000000
__HbssBANK4                                               bssBANK4     000000
__HbssBANK5                                               bssBANK5     000000
__HbssBIGRAM                                              bssBIGRAM    000000
__HbssCOMRAM                                              bssCOMRAM    000000
__Hcinit                                                  cinit        000000
__Hclrtext                                                clrtext      000000
__Hcomram                                                 comram       000000
__Hconfig                                                 config       30000C
__Hconst                                                  const        000000
__HcstackBANK0                                            cstackBANK0  000000
__HcstackBANK1                                            cstackBANK1  000000
__HcstackBANK2                                            cstackBANK2  000000
__HcstackBANK3                                            cstackBANK3  000000
__HcstackBANK4                                            cstackBANK4  000000
__HcstackCOMRAM                                           cstackCOMRAM 000000
__Hdata                                                   data         000000
__HdataBANK1                                              dataBANK1    000000
__HdataBANK2                                              dataBANK2    000000
__HdataBANK3                                              dataBANK3    000000
__Heeprom_data                                            eeprom_data  3103C0
__Hfarbss                                                 farbss       000000
__Hfardata                                                fardata      000000
__Hheap                                                   heap         000000
__Hibigdata                                               ibigdata     000000
__Hidata                                                  idata        000000
__HidataBANK1                                             idataBANK1   000000
__HidataBANK2                                             idataBANK2   000000
__HidataBANK3                                             idataBANK3   000000
__Hidloc                                                  idloc        200010
__Hifardata                                               ifardata     000000
__Hinit                                                   init         00068C
__Hintcode                                                intcode      00000E
__Hintcode_body                                           intcode_body 000000
__Hintcodelo                                              intcodelo    000688
__Hintentry                                               intentry     000000
__Hintret                                                 intret       000000
__Hintsave_regs                                           intsave_regs 000000
__Hirdata                                                 irdata       000000
__Hmediumconst                                            mediumconst  010000
__HnvFARRAM                                               nvFARRAM     000000
__Hnvbit                                                  nvbit        000000
__Hnvrram                                                 nvrram       000000
__Hparam                                                  rparam       000000
__Hpowerup                                                powerup      000688
__Hram                                                    ram          000000
__Hramtop                                                 ramtop       000E00
__Hrbit                                                   rbit         000000
__Hrbss                                                   rbss         000000
__Hrdata                                                  rdata        000000
__Hreset_vec                                              reset_vec    000006
__Hrparam                                                 rparam       000000
__Hsfr                                                    sfr          000000
__Hsmallconst                                             smallconst   000000
__Hspace_0                                                (abs)        3103C0
__Hspace_1                                                (abs)        000898
__Hspace_2                                                (abs)        000000
__Hspace_4                                                (abs)        60000C
__Hstack                                                  stack        000000
__Hstruct                                                 struct       000000
__Htemp                                                   temp         000044
__Htext                                                   text         000000
__Htext0                                                  text0        000000
__Htext1                                                  text1        000000
__Htext10                                                 text10       000000
__Htext100                                                text100      000000
__Htext101                                                text101      000000
__Htext102                                                text102      000000
__Htext103                                                text103      000000
__Htext104                                                text104      000000
__Htext105                                                text105      000000
__Htext106                                                text106      000000
__Htext107                                                text107      000000
__Htext108                                                text108      000000
__Htext109                                                text109      000000
__Htext11                                                 text11       000000
__Htext110                                                text110      000000
__Htext111                                                text111      000000
__Htext112                                                text112      000000
__Htext113                                                text113      000000
__Htext114                                                text114      000000
__Htext115                                                text115      000000
__Htext116                                                text116      000000
__Htext117                                                text117      000000
__Htext118                                                text118      000000
__Htext119                                                text119      000000
__Htext12                                                 text12       000000
__Htext120                                                text120      000000
__Htext121                                                text121      000000
__Htext122                                                text122      000000
__Htext123                                                text123      000000
__Htext124                                                text124      000000
__Htext125                                                text125      000000
__Htext126                                                text126      000000
__Htext127                                                text127      000000
__Htext128                                                text128      000000
__Htext129                                                text129      000000
__Htext13                                                 text13       000000
__Htext131                                                text131      000000
__Htext132                                                text132      000000
__Htext134                                                text134      000000
__Htext135                                                text135      000000
__Htext136                                                text136      000000
__Htext137                                                text137      000000
__Htext138                                                text138      000000
__Htext139                                                text139      000000
__Htext14                                                 text14       000000
__Htext140                                                text140      000000
__Htext141                                                text141      000000
__Htext142                                                text142      000000
__Htext143                                                text143      000000
__Htext144                                                text144      000000
__Htext145                                                text145      000000
__Htext146                                                text146      000000
__Htext147                                                text147      000000
__Htext148                                                text148      000000
__Htext149                                                text149      000000
__Htext15                                                 text15       000000
__Htext150                                                text150      000000
__Htext151                                                text151      000000
__Htext16                                                 text16       000000
__Htext17                                                 text17       000000
__Htext18                                                 text18       000000
__Htext19                                                 text19       000000
__Htext2                                                  text2        000000
__Htext20                                                 text20       000000
__Htext21                                                 text21       000000
__Htext22                                                 text22       000000
__Htext23                                                 text23       000000
__Htext24                                                 text24       000000
__Htext25                                                 text25       000000
__Htext26                                                 text26       000000
__Htext27                                                 text27       000000
__Htext28                                                 text28       000000
__Htext29                                                 text29       000000
__Htext3                                                  text3        000000
__Htext30                                                 text30       000000
__Htext31                                                 text31       000000
__Htext32                                                 text32       000000
__Htext33                                                 text33       000000
__Htext34                                                 text34       000000
__Htext35                                                 text35       000000
__Htext36                                                 text36       000000
__Htext37                                                 text37       000000
__Htext38                                                 text38       000000
__Htext39                                                 text39       000000
__Htext4                                                  text4        000000
__Htext40                                                 text40       000000
__Htext41                                                 text41       000000
__Htext42                                                 text42       000000
__Htext43                                                 text43       000000
__Htext44                                                 text44       000000
__Htext45                                                 text45       000000
__Htext46                                                 text46       000000
__Htext47                                                 text47       000000
__Htext48                                                 text48       000000
__Htext49                                                 text49       000000
__Htext5                                                  text5        000000
__Htext50                                                 text50       000000
__Htext51                                                 text51       000000
__Htext52                                                 text52       000000
__Htext53                                                 text53       000000
__Htext54                                                 text54       000000
__Htext55                                                 text55       000000
__Htext56                                                 text56       000000
__Htext57                                                 text57       000000
__Htext58                                                 text58       000000
__Htext59                                                 text59       000000
__Htext6                                                  text6        000000
__Htext60                                                 text60       000000
__Htext61                                                 text61       000000
__Htext62                                                 text62       000000
__Htext63                                                 text63       000000
__Htext64                                                 text64       000000
__Htext65                                                 text65       000000
__Htext66                                                 text66       000000
__Htext67                                                 text67       000000
__Htext68                                                 text68       000000
__Htext69                                                 text69       000000
__Htext7                                                  text7        000000
__Htext70                                                 text70       000000
__Htext71                                                 text71       000000
__Htext72                                                 text72       000000
__Htext73                                                 text73       000000
__Htext74                                                 text74       000000
__Htext75                                                 text75       000000
__Htext76                                                 text76       000000
__Htext77                                                 text77       000000
__Htext78                                                 text78       000000
__Htext79                                                 text79       000000
__Htext8                                                  text8        000000
__Htext80                                                 text80       000000
__Htext81                                                 text81       000000
__Htext82                                                 text82       000000
__Htext83                                                 text83       000000
__Htext84                                                 text84       000000
__Htext85                                                 text85       000000
__Htext86                                                 text86       000000
__Htext87                                                 text87       000000
__Htext88                                                 text88       000000
__Htext89                                                 text89       000000
__Htext9                                                  text9        000000
__Htext90                                                 text90       000000
__Htext91                                                 text91       000000
__Htext92                                                 text92       000000
__Htext93                                                 text93       000000
__Htext94                                                 text94       000000
__Htext95                                                 text95       000000
__Htext96                                                 text96       000000
__Htext97                                                 text97       000000
__Htext98                                                 text98       000000
__Htext99                                                 text99       000000
__LRAM                                                    (abs)        000001
__Labs1                                                   abs1         000000
__Lbank0                                                  bank0        000000
__Lbank1                                                  bank1        000000
__Lbank10                                                 bank10       000000
__Lbank11                                                 bank11       000000
__Lbank12                                                 bank12       000000
__Lbank13                                                 bank13       000000
__Lbank2                                                  bank2        000000
__Lbank3                                                  bank3        000000
__Lbank4                                                  bank4        000000
__Lbank5                                                  bank5        000000
__Lbank6                                                  bank6        000000
__Lbank7                                                  bank7        000000
__Lbank8                                                  bank8        000000
__Lbank9                                                  bank9        000000
__Lbigbss                                                 bigbss       000000
__Lbigdata                                                bigdata      000000
__Lbigram                                                 bigram       000000
__Lbigsfr                                                 bigsfr       000000
__Lbss                                                    bss          000000
__LbssBANK0                                               bssBANK0     000000
__LbssBANK1                                               bssBANK1     000000
__LbssBANK2                                               bssBANK2     000000
__LbssBANK3                                               bssBANK3     000000
__LbssBANK4                                               bssBANK4     000000
__LbssBANK5                                               bssBANK5     000000
__LbssBIGRAM                                              bssBIGRAM    000000
__LbssCOMRAM                                              bssCOMRAM    000000
__Lcinit                                                  cinit        000000
__Lclrtext                                                clrtext      000000
__Lcomram                                                 comram       000000
__Lconfig                                                 config       000000
[...]
strcpyCustom@d                                            cstackBANK0  000081
strcpyCustom@dest                                         cstackBANK0  00007C
strcpyCustom@s                                            cstackBANK0  000083
strcpyCustom@src                                          cstackBANK0  00007E
strlen@a                                                  cstackBANK0  00007E
strlen@s                                                  cstackBANK0  00007C
strncmp@_l                                                cstackBANK0  00007C
strncmp@_r                                                cstackBANK0  00007E
strncmp@l                                                 cstackBANK0  000084
strncmp@n                                                 cstackBANK0  000080
strncmp@r                                                 cstackBANK0  000086
strncpy@cp                                                cstackBANK0  000082
strncpy@d                                                 cstackBANK0  00007C
strncpy@n                                                 cstackBANK0  000080
strncpy@s                                                 cstackBANK0  00007E
transmitNumberToLora@index                                cstackBANK0  00007F
transmitNumberToLora@j                                    cstackBANK0  000081
transmitNumberToLora@number                               cstackBANK0  00007D
transmitStringToGSM@string                                cstackBANK0  00007D
transmitStringToLora@string                               cstackBANK0  00007D
ttemp5                                                    temp         000044
ttemp6                                                    temp         000047
ttemp7                                                    temp         00004B
txByte@serialData                                         cstackBANK0  00007C
txByteLora@serialData                                     cstackBANK0  00007C
vfpfcnvrt@ap                                              cstackBANK0  0000BF
vfpfcnvrt@c                                               cstackBANK2  0002FC
vfpfcnvrt@fmt                                             cstackBANK0  0000BD
vfpfcnvrt@fp                                              cstackBANK0  0000BB
vfpfcnvrt@ll                                              cstackBANK2  0002F4
vfprintf@ap                                               cstackBANK1  0001FE
vfprintf@cfmt                                             cstackBANK2  0002FD
vfprintf@fmt                                              cstackBANK1  0001FC
vfprintf@fp                                               cstackBANK1  0001FA
wtemp8                                                    temp         000044


MODULE INFORMATION

Module		Function		Class		Link	Load	Size
gprs.c
		_publishResponse		CODE           	1AD50	0000	906
		_configureGPRS 		CODE           	16250	0000	2118
		_rxByte        		CODE           	1F916	0000	20
		_txByte        		CODE           	1F874	0000	26
		_setGsmToLocalTime		CODE           	18542	0000	1346
		_transmitStringToGSM		CODE           	1E74E	0000	118

gprs.c estimated size: 4534

C:\Program Files\Microchip\xc8\v2.35\pic\sources\c99\common\putch.c
		_putch         		CODE           	1F9AE	0000	2

C:\Program Files\Microchip\xc8\v2.35\pic\sources\c99\common\putch.c estimated size: 2

C:\Program Files\Microchip\xc8\v2.35\pic\sources\c99\common\rand.c
		_srand         		CODE           	1F6E2	0000	42
		_rand          		CODE           	1E654	0000	128

C:\Program Files\Microchip\xc8\v2.35\pic\sources\c99\common\rand.c estimated size: 170

C:\Program Files\Microchip\xc8\v2.35\pic\sources\c99\common\aodiv.c
		___aodiv       		CODE           	1C154	0000	394

C:\Program Files\Microchip\xc8\v2.35\pic\sources\c99\common\aodiv.c estimated size: 394

C:\Program Files\Microchip\xc8\v2.35\pic\sources\c99\common\nf_sprintf.c
		_sprintf       		CODE           	1EE3A	0000	84

C:\Program Files\Microchip\xc8\v2.35\pic\sources\c99\common\nf_sprintf.c estimated size: 84

i2c.c
		_lcd_i2cWait   		CODE           	1EC24	0000	94
		_lcd_i2cStop   		CODE           	1F36C	0000	64
		_lcd_i2cWrite  		CODE           	1F028	0000	74
		_lcd_i2cStart  		CODE           	1F3AC	0000	64
		_rtc_i2cRead   		CODE           	1DC42	0000	174
		_rtc_i2cWait   		CODE           	1EA42	0000	100
		_rtc_i2cStop   		CODE           	1F2EA	0000	66
		_rtc_i2cWrite  		CODE           	1F072	0000	74
		_rtc_i2cStart  		CODE           	1F222	0000	68
		_lcd_i2cWriteByteSingleReg		CODE           	1E43C	0000	138
		_rtc_i2cRestart		CODE           	1F1DC	0000	70

i2c.c estimated size: 986

C:\Program Files\Microchip\xc8\v2.35\pic\sources\c99\common\nf_fputc.c
		_fputc         		CODE           	1D55E	0000	204

C:\Program Files\Microchip\xc8\v2.35\pic\sources\c99\common\nf_fputc.c estimated size: 204

C:\Program Files\Microchip\xc8\v2.35\pic\sources\c99\common\lwdiv.c
		___lwdiv       		CODE           	1E7C4	0000	118

C:\Program Files\Microchip\xc8\v2.35\pic\sources\c99\common\lwdiv.c estimated size: 118

C:\Program Files\Microchip\xc8\v2.35\pic\sources\c99\common\Umul16.c
		___wmul        		CODE           	1F736	0000	40

C:\Program Files\Microchip\xc8\v2.35\pic\sources\c99\common\Umul16.c estimated size: 40

C:\Program Files\Microchip\xc8\v2.35\pic\sources\c99\common\awdiv.c
		___awdiv       		CODE           	1DA12	0000	198

C:\Program Files\Microchip\xc8\v2.35\pic\sources\c99\common\awdiv.c estimated size: 198

main_1.c
		_timerInterrupt_handler		CODE           	0018	0000	1648
		_main          		CODE           	1BBBE	0000	526
		_rxANDiocInterrupt_handler		CODE           	0008	0000	1104

main_1.c estimated size: 3278

lora.c
		_isLoraResponseAck		CODE           	19D3E	0000	1082
		_rxByteLora    		CODE           	1F902	0000	20
		_txByteLora    		CODE           	1F88E	0000	26
		_transmitStringToLora		CODE           	1EF88	0000	82
		_transmitNumberToLora		CODE           	1F14C	0000	72
		_sendCmdToLora 		CODE           	1A970	0000	992

lora.c estimated size: 2274

C:\Program Files\Microchip\xc8\v2.35\pic\sources\c99\common\strncmp.c
		_strncmp       		CODE           	1CC0A	0000	294

C:\Program Files\Microchip\xc8\v2.35\pic\sources\c99\common\strncmp.c estimated size: 294

C:\Program Files\Microchip\xc8\v2.35\pic\sources\c99\common\strncpy.c
		_strncpy       		CODE           	1E4C6	0000	134

C:\Program Files\Microchip\xc8\v2.35\pic\sources\c99\common\strncpy.c estimated size: 134

eeprom.c
		_saveActiveSleepCountIntoEeprom		CODE           	1DE42	0000	166
		_saveDeviceIDIntoEeprom		CODE           	1E3AE	0000	142
		_readRemainingFertigationOnPeriodFromEeprom		CODE           	1D2E0	0000	214
		_saveIrrigationValveConfigurationStatusIntoEeprom		CODE           	1EDE6	0000	84
		_readValveDataFromEeprom		CODE           	13780	0000	3240
		_saveFertigationValveStatusIntoEeprom		CODE           	1D7BA	0000	200
		_saveFieldMappingIntoEeprom		CODE           	1E320	0000	142
		_saveFactryPswrdIntoEeprom		CODE           	1E292	0000	142
		_eepromWrite   		CODE           	1F554	0000	52
		_saveMotorLoadValuesIntoEeprom		CODE           	1CAD8	0000	306
		_readFieldIrrigationValveNoFromEeprom		CODE           	1E9DE	0000	100
		_readActiveSleepCountFromEeprom		CODE           	1D3B6	0000	214
		_saveIrrigationValveValuesIntoEeprom		CODE           	1B6BE	0000	694
		_saveIrrigationValveCycleStatusIntoEeprom		CODE           	1EEE2	0000	84
		_saveIrrigationValveNoIntoEeprom		CODE           	1E97A	0000	100
		_saveDeviceIdStatus		CODE           	1EB66	0000	96
		_saveAuthenticationStatus		CODE           	1EF36	0000	82
		_saveIrrigationValveOnOffStatusIntoEeprom		CODE           	1EE8E	0000	84
		_saveIrrigationValveDueTimeIntoEeprom		CODE           	1D94A	0000	200
		_saveFiltrationSequenceData		CODE           	1BDCC	0000	506
		_saveFertigationValveValuesIntoEeprom		CODE           	16A96	0000	1790
		_saveDeviceProgramStatusIntoEeprom		CODE           	1EAA6	0000	96
		_saveRTCBatteryStatus		CODE           	1EB06	0000	96
		_readMotorLoadValuesFromEeprom		CODE           	1BFC6	0000	398
		_readDeviceProgramStatusFromEeprom		CODE           	1EC82	0000	90
		_saveRemainingFertigationOnPeriod		CODE           	1DCF0	0000	170
		_loadDataFromEeprom		CODE           	17194	0000	1736
		_eepromRead    		CODE           	1F786	0000	38

eeprom.c estimated size: 11262

C:\Program Files\Microchip\xc8\v2.35\pic\sources\c99\common\abs.c
		_abs           		CODE           	1F2A8	0000	66

C:\Program Files\Microchip\xc8\v2.35\pic\sources\c99\common\abs.c estimated size: 66

C:\Program Files\Microchip\xc8\v2.35\pic\sources\c99\common\Umul32.c
		___lmul        		CODE           	1E8A8	0000	108

C:\Program Files\Microchip\xc8\v2.35\pic\sources\c99\common\Umul32.c estimated size: 108

shared
		_NotMS1        		MEDIUMCONST    	EB6E	0000	57
		_mqttConnect   		MEDIUMCONST    	F21E	0000	19
		_extract       		MEDIUMCONST    	F36D	0000	8
		_cmd2          		MEDIUMCONST    	F27C	0000	12
		_CmdT1         		MEDIUMCONST    	F18D	0000	27
		_NotDR1        		MEDIUMCONST    	E639	0000	130
		_NotSR11       		MEDIUMCONST    	EF12	0000	41
		i2_lcdCreateChar		CODE           	1EFDA	0000	78
		i2_lcdSend     		CODE           	1F75E	0000	40
		_cmd15         		MEDIUMCONST    	F385	0000	7
		i2_lcd_i2cWait 		CODE           	1ED36	0000	90
		_NotDR4        		MEDIUMCONST    	E730	0000	105
		i2_lcd_i2cStop 		CODE           	1F3EC	0000	64
		_NotSR03       		MEDIUMCONST    	E8E1	0000	72
		_map           		MEDIUMCONST    	F3F7	0000	4
		_fdata         		MEDIUMCONST    	F3C7	0000	6
		_NotSR14       		MEDIUMCONST    	EAF9	0000	59
		_NotIrr4       		MEDIUMCONST    	F152	0000	30
		_cmd3          		MEDIUMCONST    	F260	0000	15
		i1_strncmp     		CODE           	1CD30	0000	294
		_disable       		MEDIUMCONST    	F37D	0000	8
		_NotSR06       		MEDIUMCONST    	E970	0000	71
		_getfreq       		MEDIUMCONST    	F3D3	0000	5
		_CmdIrr1       		MEDIUMCONST    	F057	0000	33
		_CmdIrr10      		MEDIUMCONST    	EFCE	0000	36
		_cmd10         		MEDIUMCONST    	F317	0000	11
		_cmd4          		MEDIUMCONST    	F365	0000	8
		_NotPh2        		MEDIUMCONST    	E9B7	0000	69
		_NotSR09       		MEDIUMCONST    	F0B8	0000	31
		_CmdT2         		MEDIUMCONST    	F242	0000	15
		i2_lcd_i2cWrite		CODE           	1F194	0000	72
		_NotMotor1     		MEDIUMCONST    	EB34	0000	58
		i2_lcd_i2cStart		CODE           	1F42C	0000	64
		_cmd16         		MEDIUMCONST    	F32D	0000	10
		_feed          		MEDIUMCONST    	F3D8	0000	5
		_active        		MEDIUMCONST    	F3A1	0000	7
		_slave         		MEDIUMCONST    	F3BB	0000	6
		_alive1        		MEDIUMCONST    	F3CD	0000	6
		_cmd20         		MEDIUMCONST    	EE95	0000	42
		_cmd5          		MEDIUMCONST    	F354	0000	9
		_SmsAU4        		MEDIUMCONST    	EA40	0000	64
		_CmdIrr7       		MEDIUMCONST    	F251	0000	15
		_time1         		MEDIUMCONST    	F1F7	0000	20
		_CmdRTC2       		MEDIUMCONST    	EEE9	0000	41
		i2_lcdSetCursor		CODE           	1ECDC	0000	90
		_eepromAddress 		MEDIUMCONST    	EE3E	0000	44
		_NotSR10       		MEDIUMCONST    	EFAA	0000	36
		_sensor        		MEDIUMCONST    	F393	0000	7
		_cmd11         		MEDIUMCONST    	F2FF	0000	12
		_CmdMotor2     		MEDIUMCONST    	EFF2	0000	35
		_CmdMotor3     		MEDIUMCONST    	EDE2	0000	47
		_CmdMotor4     		MEDIUMCONST    	ED22	0000	49
		_cmd6          		MEDIUMCONST    	F322	0000	11
		_NotDR2        		MEDIUMCONST    	E6BB	0000	117
		_NotSR02       		MEDIUMCONST    	E84C	0000	75
		_enable        		MEDIUMCONST    	F3A8	0000	7
		_cmd17         		MEDIUMCONST    	EEBF	0000	42
		_countryCode   		MEDIUMCONST    	F2B2	0000	4
		_set           		MEDIUMCONST    	F3FB	0000	4
		_NotSR13       		MEDIUMCONST    	F015	0000	33
		i2_lcdDataWrite		CODE           	1F988	0000	14
		_alive         		MEDIUMCONST    	F3AF	0000	6
		_CmdFilt1      		MEDIUMCONST    	F1C3	0000	27
		_CmdFilt2      		MEDIUMCONST    	F170	0000	29
		_CmdFilt3      		MEDIUMCONST    	F078	0000	32
		_CmdFilt4      		MEDIUMCONST    	F1A8	0000	27
		i2_removeIcon  		CODE           	1F8C2	0000	24
		_NotSR05       		MEDIUMCONST    	E7FD	0000	79
		__initialization		CODE           	1D48C	0000	200
		_cmd21         		MEDIUMCONST    	F26F	0000	13
		_cmd7          		MEDIUMCONST    	F2B9	0000	18
		_CmdMS2        		MEDIUMCONST    	EE6A	0000	43
		_NotIrr6       		MEDIUMCONST    	EBE0	0000	57
		_NotRTC1       		MEDIUMCONST    	ECBE	0000	50
		_NotSR08       		MEDIUMCONST    	EF60	0000	37
		_ok            		MEDIUMCONST    	F2B6	0000	3
		_cmd12         		MEDIUMCONST    	F34B	0000	9
		i1_clearDecodedString		CODE           	1F620	0000	50
		_cmd8          		MEDIUMCONST    	F2D9	0000	14
		_NotPh3        		MEDIUMCONST    	F1DE	0000	25
		_NotIrr9       		MEDIUMCONST    	ED53	0000	48
		_dactive       		MEDIUMCONST    	F375	0000	8
		_NotRTC4       		MEDIUMCONST    	EC19	0000	56
		_CmdIrr3       		MEDIUMCONST    	EF85	0000	37
		_cmd18         		MEDIUMCONST    	F29F	0000	7
		_NotPh6        		MEDIUMCONST    	F20B	0000	19
		_ct            		MEDIUMCONST    	F3F3	0000	4
		_on            		MEDIUMCONST    	F3FF	0000	3
		_error         		MEDIUMCONST    	F3B5	0000	6
		_cmd22         		MEDIUMCONST    	F35D	0000	8
		_idle          		MEDIUMCONST    	F2AD	0000	5
		_cmd9          		MEDIUMCONST    	F30B	0000	12
		_NotFert5      		MEDIUMCONST    	F0F6	0000	31
		_NotFert6      		MEDIUMCONST    	F0D7	0000	31
		_NotFert7      		MEDIUMCONST    	E9FC	0000	68
		_NotFert8      		MEDIUMCONST    	EBA7	0000	57
		i2_lcdWriteChar		CODE           	1F9A4	0000	10
		_inject        		MEDIUMCONST    	F2A6	0000	7
		i2_lcdCommandWrite		CODE           	1F996	0000	14
		_NotSR01       		MEDIUMCONST    	EABD	0000	60
		_cmd13         		MEDIUMCONST    	F2F3	0000	12
		_cmd           		MEDIUMCONST    	F38C	0000	7
		_NotDR3        		MEDIUMCONST    	E799	0000	100
		_NotSR12       		MEDIUMCONST    	F036	0000	33
		i2_displayIcon 		CODE           	1F652	0000	50
		i2_lcd_i2cWriteByteSingleReg		CODE           	1E5D0	0000	132
		_cmd19         		MEDIUMCONST    	F2E7	0000	12
		_getct         		MEDIUMCONST    	F3EF	0000	4
		_cmd11_1       		MEDIUMCONST    	F2CB	0000	14
		_NotSR04       		MEDIUMCONST    	E897	0000	74
		_secret        		MEDIUMCONST    	F288	0000	12
		_hold          		MEDIUMCONST    	F3E2	0000	5
		_CmdConnect    		MEDIUMCONST    	F231	0000	17
		_master        		MEDIUMCONST    	F39A	0000	7
		_ack           		MEDIUMCONST    	F3E7	0000	4
		_off           		MEDIUMCONST    	F3EB	0000	4
		_NotSR15       		MEDIUMCONST    	ECF0	0000	50
		_NotIrr5       		MEDIUMCONST    	F134	0000	30
		_CmdFert1      		MEDIUMCONST    	EA80	0000	61
		_CmdFert2      		MEDIUMCONST    	EC89	0000	53
		_CmdFert3      		MEDIUMCONST    	F115	0000	31
		_CmdFert4      		MEDIUMCONST    	F098	0000	32
		_cmd23         		MEDIUMCONST    	F294	0000	11
		_CmdMS3        		MEDIUMCONST    	EF3B	0000	37
		_NotSR07       		MEDIUMCONST    	E929	0000	71
		_admin         		MEDIUMCONST    	F402	0000	3
		_cmd0          		MEDIUMCONST    	F341	0000	10
		_NotPh1        		MEDIUMCONST    	EDB3	0000	47
		_NotIrr8       		MEDIUMCONST    	ED83	0000	48
		_NotRTC3       		MEDIUMCONST    	EC51	0000	56
		_setct         		MEDIUMCONST    	F3C1	0000	6
		_CmdIrr2       		MEDIUMCONST    	EE11	0000	45
		_time          		MEDIUMCONST    	F3DD	0000	5
		i2_LCDwritePCF8574		CODE           	1F94E	0000	16
		i2_LCDpulseEnableNeg		CODE           	1F7D0	0000	36
		_cmd1          		MEDIUMCONST    	F337	0000	10
		i2_lcdWrite4Bits		CODE           	1F8EE	0000	20

shared estimated size: 4890

ADC.c
		_getADCResult  		CODE           	1F0BC	0000	72
		_selectChannel 		CODE           	1D6F2	0000	200

ADC.c estimated size: 272

i2c_LCD_PCF8574.c
		_lcdWriteStringIndex		CODE           	1F588	0000	52
		_displayIcon   		CODE           	1F4AA	0000	58
		_lcdSetCursor  		CODE           	1EBC6	0000	94
		_lcdDisplayOn  		CODE           	1F95E	0000	14
		_LCDwritePCF8574		CODE           	1F8DA	0000	20
		_lcdDisplayOff 		CODE           	1F96C	0000	14
		_LCDpulseEnableNeg		CODE           	1F70C	0000	42
		_lcdClear      		CODE           	1F7F4	0000	34
		_lcdClearLine  		CODE           	1F816	0000	32
		_lcdCommandWrite		CODE           	1F93C	0000	18
		_lcdCreateChar 		CODE           	1ED90	0000	86
		_lcdWriteChar  		CODE           	1F97A	0000	14
		_lcdInit       		CODE           	1C71A	0000	334
		_lcdSend       		CODE           	1F6B4	0000	46
		_lcdWrite4Bits 		CODE           	1F8A8	0000	26
		_lcdDataWrite  		CODE           	1F92A	0000	18
		_lcdWriteStringAtCenter		CODE           	1D12E	0000	218
		_lcdWriteString		CODE           	1F32C	0000	64
		_removeIcon    		CODE           	1F856	0000	30

i2c_LCD_PCF8574.c estimated size: 1214

C:\Program Files\Microchip\xc8\v2.35\pic\sources\c99\common\strlen.c
		_strlen        		CODE           	1F4E4	0000	58

C:\Program Files\Microchip\xc8\v2.35\pic\sources\c99\common\strlen.c estimated size: 58

controllerActions.c
		_isNumber      		CODE           	1F684	0000	48
		_doLowPhaseAction		CODE           	1C2DE	0000	372
		_doDryRunAction		CODE           	15972	0000	2270
		_isFieldMoistureSensorWetLora		CODE           	1E02E	0000	160
		_isRTCBatteryDrained		CODE           	1DEE8	0000	164
		_actionsOnSleepCountFinish		CODE           	12940	0000	3648
		_clearDecodedString		CODE           	1F5EE	0000	50
		_actionsOnSystemReset		CODE           	14EDE	0000	2708
		_deepSleep     		CODE           	1946C	0000	1160
		_setFactoryPincode		CODE           	1DD9A	0000	168
		_calibrateMotorCurrent		CODE           	18A84	0000	1324
		_strcpyCustom  		CODE           	1E16C	0000	148
		_doLoraSlaveInActiveAction		CODE           	17F04	0000	1598
		_days          		CODE           	1CE56	0000	284
		_doPhaseFailureAction		CODE           	1C5B8	0000	354
		_randomPasswordGeneration		CODE           	1E0CE	0000	158
		_fetchDigits   		CODE           	1D050	0000	222
		_configureController		CODE           	1B0DA	0000	762
		_clearGsmResponse		CODE           	1F51E	0000	54
		_deActivateValve		CODE           	1C9A0	0000	312
		_getDateFromGSM		CODE           	1A590	0000	992
		_powerOffMotor 		CODE           	1E200	0000	146
		_actionsOnDueValve		CODE           	1785C	0000	1704
		_checkResetType		CODE           	1C868	0000	312
		_isMotorInNoLoad		CODE           	1D208	0000	216
		_scanValveScheduleAndGetSleepCount		CODE           	14428	0000	2742
		_extractReceivedSms		CODE           	10000	0000	10560
		_clearStringToDecode		CODE           	1F266	0000	66
		_phaseFailure  		CODE           	1F5BC	0000	50
		_getDueDate    		CODE           	18FB0	0000	1212
		_activateValve 		CODE           	1A178	0000	1048
		_powerOnMotor  		CODE           	1E54C	0000	132

controllerActions.c estimated size: 35144

C:\Program Files\Microchip\xc8\v2.35\pic\sources\c99\common\aomod.c
		___aomod       		CODE           	1C452	0000	358

C:\Program Files\Microchip\xc8\v2.35\pic\sources\c99\common\aomod.c estimated size: 358

C:\Program Files\Microchip\xc8\v2.35\pic\sources\c99\common\nf_fputs.c
		_fputs         		CODE           	1F104	0000	72

C:\Program Files\Microchip\xc8\v2.35\pic\sources\c99\common\nf_fputs.c estimated size: 72

i2c_RTC_DS1307.c
		_decimal2BCD   		CODE           	1F46C	0000	62
		_bcd2Decimal   		CODE           	1F836	0000	32
		_fetchTimefromRTC		CODE           	1DAD8	0000	184
		_feedTimeInRTC 		CODE           	1DF8C	0000	162

i2c_RTC_DS1307.c estimated size: 440

C:\Program Files\Microchip\xc8\v2.35\pic\sources\c99\common\lwmod.c
		___lwmod       		CODE           	1E914	0000	102

C:\Program Files\Microchip\xc8\v2.35\pic\sources\c99\common\lwmod.c estimated size: 102

C:\Program Files\Microchip\xc8\v2.35\pic\sources\c99\common\awmod.c
		___awmod       		CODE           	1DB90	0000	178

C:\Program Files\Microchip\xc8\v2.35\pic\sources\c99\common\awmod.c estimated size: 178

C:\Program Files\Microchip\xc8\v2.35\pic\sources\c99\common\doprnt.c
		_vfpfcnvrt     		CODE           	1B974	0000	586
		_pad           		CODE           	1D882	0000	200
		_ctoa          		CODE           	1CF72	0000	222
		_dtoa          		CODE           	1B3D4	0000	746
		_vfprintf      		CODE           	1E83A	0000	110

C:\Program Files\Microchip\xc8\v2.35\pic\sources\c99\common\doprnt.c estimated size: 1864

