Microchip MPLAB XC8 Compiler V2.35

Linker command line:

-W9 --edf=C:\Program Files\Microchip\xc8\v2.35\pic\dat\en_msgs.txt -cn \
  -h+dist/18f67k40/production\BJU_AutoIrri_Lora_GPRS_DevBranch_New.X.production.sym \
  --cmf=dist/18f67k40/production\BJU_AutoIrri_Lora_GPRS_DevBranch_New.X.production.cmf \
  -z -Q18F67K40 -oC:\Users\nandu\AppData\Local\Temp\xcAsp8s.4 \
  --defsym=__MPLAB_BUILD=1 \
  -Mdist/18f67k40/production/BJU_AutoIrri_Lora_GPRS_DevBranch_New.X.production.map \
  --md=C:\Users\nandu\AppData\Local\Temp\xcAsp8s.dat -E1 -ver=XC8 Compiler \
  --acfsm=1493 -ACODE=00h-01FFFFh -ACONST=00h-01FFFFh \
  -ASMALLCONST=0E00h-0EFFhx498 -AMEDIUMCONST=0E00h-0FFFFh,010E00h-01FFFFh \
  -ACOMRAM=01h-05Fh -AABS1=00h-0DE9h -ABIGRAM=01h-0DE9h \
  -ARAM=060h-0FFh,0100h-01FFhx12,0D00h-0DE9h -ABANK0=060h-0FFh \
  -ABANK1=0100h-01FFh -ABANK2=0200h-02FFh -ABANK3=0300h-03FFh \
  -ABANK4=0400h-04FFh -ABANK5=0500h-05FFh -ABANK6=0600h-06FFh \
  -ABANK7=0700h-07FFh -ABANK8=0800h-08FFh -ABANK9=0900h-09FFh \
  -ABANK10=0A00h-0AFFh -ABANK11=0B00h-0BFFh -ABANK12=0C00h-0CFFh \
  -ABANK13=0D00h-0DE9h \
  -ASFR=0DEFh-0DFFh,0E00h-0EFFh,0F00h-0F5Fh,0F60h-0FFFh \
  -ABIGSFR=0DEFh-0FFFh -ACONFIG=0300000h-030000Bh -AIDLOC=0200000h-020000Fh \
  -AEEDATA=0310000h-03103FFh -peeprom_data=EEDATA \
  -preset_vec=00h,intcode=08h,intcodelo=018h,powerup,init -pramtop=0E00h \
  -psmallconst=SMALLCONST -pmediumconst=MEDIUMCONST -pconst=CONST \
  -AFARRAM=00h-00h \
  -prdata=COMRAM,nvrram=COMRAM,nvbit=COMRAM,rbss=COMRAM,rbit=COMRAM \
  -pfarbss=FARRAM,fardata=FARRAM,nvFARRAM=FARRAM \
  -pintsave_regs=BIGRAM,bigbss=BIGRAM,bigdata=BIGRAM -pbss=RAM \
  -pidata=CODE,irdata=CODE,ibigdata=CODE,ifardata=CODE -prparam=COMRAM \
  C:\Users\nandu\AppData\Local\Temp\xcAsp8s.o \
  dist/18f67k40/production\BJU_AutoIrri_Lora_GPRS_DevBranch_New.X.production.o 

Object code version is 3.11

Machine type is 18F67K40



                Name                               Link     Load   Length Selector   Space Scale
C:\Users\nandu\AppData\Local\Temp\xcAsp8s.o
                idloc                            200000   200000       10        0       5
                config                           300000   300000        C        0       4
                init                                696      696        4        C       0
                reset_vec                             0        0        4        0       0
dist/18f67k40/production\BJU_AutoIrri_Lora_GPRS_DevBranch_New.X.production.o
                eeprom_data                      310000   310000      360   310000       0
                intcodelo                            18       18      67E        C       0
                intcode                               8        8        6        4       0
                idloc                            200000   200000       10        0       5
                config                           300000   300000        C        0       4
                temp                                 5F       5F        1        1       1
                mediumconst                        E32C     E32C     1CD4     7196       0
                text176                            3FA8     3FA8       14     140C       0
                text175                            3F94     3F94       14     140C       0
                text174                            3C1A     3C1A       32     140C       0
                text173                            3BE8     3BE8       32     140C       0
                text172                            4028     4028       12     140C       0
                text171                            4016     4016       12     140C       0
                text170                            3CDA     3CDA       2C     140C       0
                text169                            3EFA     3EFA       1A     140C       0
                text168                            2B6A     2B6A       84     140C       0
                text167                            4004     4004       12     140C       0
                text166                            3DCE     3DCE       24     140C       0
                text165                            3F80     3F80       14     140C       0
                text164                            3D80     3D80       28     140C       0
                text163                            4072     4072        E     140C       0
                text162                            4064     4064        E     140C       0
                text161                            36A8     36A8       50     140C       0
                text160                            3268     3268       5C     140C       0
                text159                            4080     4080        A     140C       0
                text158                            3BB6     3BB6       32     140C       0
                text157                            2E24     2E24       6A     140C       0
                text156                            3F2C     3F2C       18     140C       0
                text155                            4090     4090        2     2048       0
                text154                            1B44     1B44       CA        C       0
                text153                            18D4     18D4       D8        C       0
                text152                           1FDE2    1FDE2      188     8000       0
                text151                             C4A      C4A      164        C       0
                text150                            3924     3924       40     140C       0
                text149                            381E     381E       44     140C       0
                text148                            3658     3658       50     140C       0
                text147                            1FF4     1FF4       C6        C       0
                text146                           1E738    1E738      2E4     8000       0
                text145                           1F1A2    1F1A2      23E     8000       0
                text144                            2F5A     2F5A       66     140C       0
                text143                            3606     3606       52     140C       0
                text142                             AE4      AE4      166        C       0
                intcode_body                      1CFC4    1CFC4      48A     8000       0
                text140                            3B84     3B84       32     140C       0
                text139                             80C      80C      172        C       0
                text137                            3B52     3B52       32     140C       0
                text136                            2EF4     2EF4       66     140C       0
                text135                            3E34     3E34       20     140C       0
                text134                            3A52     3A52       36     140C       0
                text133                            35B4     35B4       52     140C       0
                text132                            3F6C     3F6C       14     140C       0
                text131                            3F58     3F58       14     140C       0
                text130                            3F44     3F44       14     140C       0
                text129                            3E72     3E72       1E     140C       0
                text128                            2174     2174       BA        C       0
                text127                           1C0C6    1C0C6      52C     8000       0
                text126                            3FF2     3FF2       12     140C       0
                text125                            3FE0     3FE0       12     140C       0
                text124                            3C7C     3C7C       30     140C       0
                text123                            3E90     3E90       1C     140C       0
                text122                            29D2     29D2       8A     140C       0
                text121                            3F14     3F14       18     140C       0
                text120                            3D06     3D06       2A     140C       0
                text119                            3EE0     3EE0       1A     140C       0
                text118                            3CAC     3CAC       2E     140C       0
                text117                            3FCE     3FCE       12     140C       0
                text116                            39A2     39A2       3E     140C       0
                text115                            36F8     36F8       4E     140C       0
                text114                            3418     3418       54     140C       0
                text113                             69A      69A      172        C       0
                text112                            1718     1718       E2        C       0
                text111                           1D44E    1D44E      470     8000       0
                text110                            38E4     38E4       40     140C       0
                text109                            3B20     3B20       32     140C       0
                text108                            3FBC     3FBC       12     140C       0
                text107                            3088     3088       64     140C       0
                text106                            38A4     38A4       40     140C       0
                text105                            3E14     3E14       20     140C       0
                text104                            1F2E     1F2E       C6        C       0
                text103                            17FA     17FA       DA        C       0
                text102                           1FFFE    1FFFE        2     8000       0
                text101                            1A78     1A78       CC        C       0
                text100                            1388     1388       EA        C       0
                text99                            1FC58    1FC58      18A     8000       0
                text98                              97E      97E      166        C       0
                text97                             3862     3862       42     140C       0
                text96                             37D6     37D6       48     140C       0
                text95                             19AC     19AC       CC        C       0
                text94                            1E43C    1E43C      2FC     8000       0
                text93                            1EF58    1EF58      24A     8000       0
                text92                             2E8E     2E8E       66     140C       0
                text91                             3562     3562       52     140C       0
                text90                             3EC6     3EC6       1A     140C       0
                text89                             3510     3510       52     140C       0
                text88                             2C64     2C64       76     140C       0
                text87                            187CA    187CA      81C     8000       0
                text86                             3A88     3A88       34     140C       0
                text85                             33C4     33C4       54     140C       0
                text84                             1E66     1E66       C8        C       0
                text83                             3370     3370       54     140C       0
                text82                             22E0     22E0       B2        C       0
                text81                             2BEE     2BEE       76     140C       0
                text80                             3AEE     3AEE       32     140C       0
                text79                             3D58     3D58       28     140C       0
                text78                             2D4A     2D4A       6E     140C       0
                text77                             3C4C     3C4C       30     140C       0
                text76                            1D8BE    1D8BE      448     8000       0
                text75                             3EAC     3EAC       1A     140C       0
                text74                             378E     378E       48     140C       0
                text73                             34BE     34BE       52     140C       0
                text72                            1DD06    1DD06      400     8000       0
                text71                            1CB18    1CB18      4AC     8000       0
                text70                            1F782    1F782      1A0     8000       0
                text69                             26DA     26DA       A4        C       0
                text68                             32C4     32C4       58     140C       0
                text67                             4056     4056        E     140C       0
                text66                             39E0     39E0       3A     140C       0
                text65                             2A5C     2A5C       88     140C       0
                text64                             3DA8     3DA8       26     140C       0
                text63                             3024     3024       64     140C       0
                text62                            19E9C    19E9C      728     8000       0
                text61                             1636     1636       E2        C       0
                text60                             1554     1554       E2        C       0
                text59                             3E54     3E54       1E     140C       0
                text58                             2442     2442       AA        C       0
                text57                             1D9E     1D9E       C8        C       0
                text56                            1A5C4    1A5C4      6FE     8000       0
                text55                             2FC0     2FC0       64     140C       0
                text54                            12BC6    12BC6      F16     8000       0
                text53                             1036     1036      138        C       0
                text52                             3DF2     3DF2       22     140C       0
                text51                             4048     4048        E     140C       0
                text50                             403A     403A        E     140C       0
                text49                              DAE      DAE      14E        C       0
                text48                            1E106    1E106      336     8000       0
                text47                            17F54    17F54      876     8000       0
                text46                            154E4    154E4      CA0     8000       0
                text45                             2940     2940       92     140C       0
                text44                             24EC     24EC       A6        C       0
                text43                            16C9A    16C9A      9F4     8000       0
                text42                            1BA4E    1BA4E      678     8000       0
                text41                            1F5D6    1F5D6      1AC     8000       0
                text40                            1FABE    1FABE      19A     8000       0
                text39                             3746     3746       48     140C       0
                text38                             1CD6     1CD6       C8        C       0
                text37                             1472     1472       E2        C       0
                text36                            1768E    1768E      8C6     8000       0
                text35                            18FE6    18FE6      788     8000       0
                text34                            1C5F2    1C5F2      526     8000       0
                text33                             3ABC     3ABC       32     140C       0
                text32                             3964     3964       3E     140C       0
                text31                             2636     2636       A4        C       0
                text30                             128A     128A       FE        C       0
                text29                            1976E    1976E      72E     8000       0
                text28                             346C     346C       52     140C       0
                text27                             28AC     28AC       94     140C       0
                text26                             31AC     31AC       60     140C       0
                text25                             2818     2818       94     140C       0
                text24                            1F3E0    1F3E0      1F6     8000       0
                text23                             331C     331C       54     140C       0
                text22                            1EA1C    1EA1C      2B6     8000       0
                text21                              EFC      EFC      13A        C       0
                text20                             2AE4     2AE4       86     140C       0
                text19                            10000    10000     2BC6     8000       0
                text18                             314C     314C       60     140C       0
                text17                             2592     2592       A4        C       0
                text16                            1F922    1F922      19C     8000       0
                text15                            13ADC    13ADC      D44     8000       0
                text14                            1ACC2    1ACC2      6E0     8000       0
                text13                             3A1A     3A1A       38     140C       0
                text12                            1B3A2    1B3A2      6AC     8000       0
                text11                             2DB8     2DB8       6C     140C       0
                text10                             2CDA     2CDA       70     140C       0
                text9                              3D30     3D30       28     140C       0
                text8                              2392     2392       B0        C       0
                text7                              320C     320C       5C     140C       0
                text6                              30EC     30EC       60     140C       0
                text5                             1FF6A    1FF6A       94     8000       0
                text4                              222E     222E       B2        C       0
                text3                             14820    14820      CC4     8000       0
                text2                              116E     116E      11C        C       0
                text1                             16184    16184      B16     8000       0
                text0                             1ECD2    1ECD2      286     8000       0
                cstackCOMRAM                          1        1       5E        1       1
                cstackBANK0                          60       60       37       60       1
                cstackBANK1                         18C      18C       6F      100       1
                cstackBANK2                         2FC      2FC        4      200       1
                cstackBANK3                         3C8      3C8       2F      300       1
                bssBIGRAM                           560      560      2D0      560       1
                bssBANK5                            500      500       60      500       1
                dataBANK4                           400      400       C8      400       1
                bssBANK3                            300      300       C8      300       1
                dataBANK2                           200      200       99      200       1
                bssBANK2                            299      299       63      200       1
                dataBANK1                           1FB      1FB        5      100       1
                bssBANK1                            100      100       8C      100       1
                bssBANK0                             97       97       35       60       1
                cinit                              20BA     20BA       BA        C       0
                idataBANK4                         1C0E     1C0E       C8        C       0
                idataBANK2                         277E     277E       99        C       0
                idataBANK1                         408A     408A        5     140C       0

TOTAL           Name                               Link     Load   Length     Space
        CLASS   CODE           
                intcodelo                            18       18      67E         0
                intcode                               8        8        6         0
                init                                696      696        4         0
                reset_vec                             0        0        4         0
                text176                            3FA8     3FA8       14         0
                text175                            3F94     3F94       14         0
                text174                            3C1A     3C1A       32         0
                text173                            3BE8     3BE8       32         0
                text172                            4028     4028       12         0
                text171                            4016     4016       12         0
                text170                            3CDA     3CDA       2C         0
                text169                            3EFA     3EFA       1A         0
                text168                            2B6A     2B6A       84         0
                text167                            4004     4004       12         0
                text166                            3DCE     3DCE       24         0
                text165                            3F80     3F80       14         0
                text164                            3D80     3D80       28         0
                text163                            4072     4072        E         0
                text162                            4064     4064        E         0
                text161                            36A8     36A8       50         0
                text160                            3268     3268       5C         0
                text159                            4080     4080        A         0
                text158                            3BB6     3BB6       32         0
                text157                            2E24     2E24       6A         0
                text156                            3F2C     3F2C       18         0
                text155                            4090     4090        2         0
                text154                            1B44     1B44       CA         0
                text153                            18D4     18D4       D8         0
                text152                           1FDE2    1FDE2      188         0
                text151                             C4A      C4A      164         0
                text150                            3924     3924       40         0
                text149                            381E     381E       44         0
                text148                            3658     3658       50         0
                text147                            1FF4     1FF4       C6         0
                text146                           1E738    1E738      2E4         0
                text145                           1F1A2    1F1A2      23E         0
                text144                            2F5A     2F5A       66         0
                text143                            3606     3606       52         0
                text142                             AE4      AE4      166         0
                intcode_body                      1CFC4    1CFC4      48A         0
                text140                            3B84     3B84       32         0
                text139                             80C      80C      172         0
                text137                            3B52     3B52       32         0
                text136                            2EF4     2EF4       66         0
                text135                            3E34     3E34       20         0
                text134                            3A52     3A52       36         0
                text133                            35B4     35B4       52         0
                text132                            3F6C     3F6C       14         0
                text131                            3F58     3F58       14         0
                text130                            3F44     3F44       14         0
                text129                            3E72     3E72       1E         0
                text128                            2174     2174       BA         0
                text127                           1C0C6    1C0C6      52C         0
                text126                            3FF2     3FF2       12         0
                text125                            3FE0     3FE0       12         0
                text124                            3C7C     3C7C       30         0
                text123                            3E90     3E90       1C         0
                text122                            29D2     29D2       8A         0
                text121                            3F14     3F14       18         0
                text120                            3D06     3D06       2A         0
                text119                            3EE0     3EE0       1A         0
                text118                            3CAC     3CAC       2E         0
                text117                            3FCE     3FCE       12         0
                text116                            39A2     39A2       3E         0
                text115                            36F8     36F8       4E         0
                text114                            3418     3418       54         0
                text113                             69A      69A      172         0
                text112                            1718     1718       E2         0
                text111                           1D44E    1D44E      470         0
                text110                            38E4     38E4       40         0
                text109                            3B20     3B20       32         0
                text108                            3FBC     3FBC       12         0
                text107                            3088     3088       64         0
                text106                            38A4     38A4       40         0
                text105                            3E14     3E14       20         0
                text104                            1F2E     1F2E       C6         0
                text103                            17FA     17FA       DA         0
                text102                           1FFFE    1FFFE        2         0
                text101                            1A78     1A78       CC         0
                text100                            1388     1388       EA         0
                text99                            1FC58    1FC58      18A         0
                text98                              97E      97E      166         0
                text97                             3862     3862       42         0
                text96                             37D6     37D6       48         0
                text95                             19AC     19AC       CC         0
                text94                            1E43C    1E43C      2FC         0
                text93                            1EF58    1EF58      24A         0
                text92                             2E8E     2E8E       66         0
                text91                             3562     3562       52         0
                text90                             3EC6     3EC6       1A         0
                text89                             3510     3510       52         0
                text88                             2C64     2C64       76         0
                text87                            187CA    187CA      81C         0
                text86                             3A88     3A88       34         0
                text85                             33C4     33C4       54         0
                text84                             1E66     1E66       C8         0
                text83                             3370     3370       54         0
                text82                             22E0     22E0       B2         0
                text81                             2BEE     2BEE       76         0
                text80                             3AEE     3AEE       32         0
                text79                             3D58     3D58       28         0
                text78                             2D4A     2D4A       6E         0
                text77                             3C4C     3C4C       30         0
                text76                            1D8BE    1D8BE      448         0
                text75                             3EAC     3EAC       1A         0
                text74                             378E     378E       48         0
                text73                             34BE     34BE       52         0
                text72                            1DD06    1DD06      400         0
                text71                            1CB18    1CB18      4AC         0
                text70                            1F782    1F782      1A0         0
                text69                             26DA     26DA       A4         0
                text68                             32C4     32C4       58         0
                text67                             4056     4056        E         0
                text66                             39E0     39E0       3A         0
                text65                             2A5C     2A5C       88         0
                text64                             3DA8     3DA8       26         0
                text63                             3024     3024       64         0
                text62                            19E9C    19E9C      728         0
                text61                             1636     1636       E2         0
                text60                             1554     1554       E2         0
                text59                             3E54     3E54       1E         0
                text58                             2442     2442       AA         0
                text57                             1D9E     1D9E       C8         0
                text56                            1A5C4    1A5C4      6FE         0
                text55                             2FC0     2FC0       64         0
                text54                            12BC6    12BC6      F16         0
                text53                             1036     1036      138         0
                text52                             3DF2     3DF2       22         0
                text51                             4048     4048        E         0
                text50                             403A     403A        E         0
                text49                              DAE      DAE      14E         0
                text48                            1E106    1E106      336         0
                text47                            17F54    17F54      876         0
                text46                            154E4    154E4      CA0         0
                text45                             2940     2940       92         0
                text44                             24EC     24EC       A6         0
                text43                            16C9A    16C9A      9F4         0
                text42                            1BA4E    1BA4E      678         0
                text41                            1F5D6    1F5D6      1AC         0
                text40                            1FABE    1FABE      19A         0
                text39                             3746     3746       48         0
                text38                             1CD6     1CD6       C8         0
                text37                             1472     1472       E2         0
                text36                            1768E    1768E      8C6         0
                text35                            18FE6    18FE6      788         0
                text34                            1C5F2    1C5F2      526         0
                text33                             3ABC     3ABC       32         0
                text32                             3964     3964       3E         0
                text31                             2636     2636       A4         0
                text30                             128A     128A       FE         0
                text29                            1976E    1976E      72E         0
                text28                             346C     346C       52         0
                text27                             28AC     28AC       94         0
                text26                             31AC     31AC       60         0
                text25                             2818     2818       94         0
                text24                            1F3E0    1F3E0      1F6         0
                text23                             331C     331C       54         0
                text22                            1EA1C    1EA1C      2B6         0
                text21                              EFC      EFC      13A         0
                text20                             2AE4     2AE4       86         0
                text19                            10000    10000     2BC6         0
                text18                             314C     314C       60         0
                text17                             2592     2592       A4         0
                text16                            1F922    1F922      19C         0
                text15                            13ADC    13ADC      D44         0
                text14                            1ACC2    1ACC2      6E0         0
                text13                             3A1A     3A1A       38         0
                text12                            1B3A2    1B3A2      6AC         0
                text11                             2DB8     2DB8       6C         0
                text10                             2CDA     2CDA       70         0
                text9                              3D30     3D30       28         0
                text8                              2392     2392       B0         0
                text7                              320C     320C       5C         0
                text6                              30EC     30EC       60         0
                text5                             1FF6A    1FF6A       94         0
                text4                              222E     222E       B2         0
                text3                             14820    14820      CC4         0
                text2                              116E     116E      11C         0
                text1                             16184    16184      B16         0
                text0                             1ECD2    1ECD2      286         0
                cinit                              20BA     20BA       BA         0
                idataBANK4                         1C0E     1C0E       C8         0
                idataBANK2                         277E     277E       99         0
                idataBANK1                         408A     408A        5         0

        CLASS   CONST          

        CLASS   SMALLCONST     

        CLASS   MEDIUMCONST    
                mediumconst                        E32C     E32C     1CD4         0

        CLASS   COMRAM         
                temp                                 5F       5F        1         1
                cstackCOMRAM                          1        1       5E         1

        CLASS   ABS1           

        CLASS   BIGRAM         
                bssBIGRAM                           560      560      2D0         1

        CLASS   RAM            

        CLASS   BANK0          
                cstackBANK0                          60       60       37         1
                bssBANK0                             97       97       35         1

        CLASS   BANK1          
                cstackBANK1                         18C      18C       6F         1
                dataBANK1                           1FB      1FB        5         1
                bssBANK1                            100      100       8C         1

        CLASS   BANK2          
                cstackBANK2                         2FC      2FC        4         1
                dataBANK2                           200      200       99         1
                bssBANK2                            299      299       63         1

        CLASS   BANK3          
                cstackBANK3                         3C8      3C8       2F         1
                bssBANK3                            300      300       C8         1

        CLASS   BANK4          
                dataBANK4                           400      400       C8         1

        CLASS   BANK5          
                bssBANK5                            500      500       60         1

        CLASS   BANK6          

        CLASS   BANK7          

        CLASS   BANK8          

        CLASS   BANK9          

        CLASS   BANK10         

        CLASS   BANK11         

        CLASS   BANK12         

        CLASS   BANK13         

        CLASS   SFR            

        CLASS   BIGSFR         

        CLASS   CONFIG         
                config                           300000   300000        C         4

        CLASS   IDLOC          
                idloc                            200000   200000       10         5

        CLASS   EEDATA         
                eeprom_data                      310000   310000      360         0

        CLASS   FARRAM         

        CLASS   HEAP           

        CLASS   STACK          



SEGMENTS        Name                           Load    Length   Top    Selector   Space  Class

                reset_vec                      000000  000004  000004         0       0  CODE    
                cstackCOMRAM                   000001  00005F  000060         1       1  COMRAM  
                intcode                        000008  000006  00000E         4       0  CODE    
                intcodelo                      000018  0027FF  002817         C       0  CODE    
                cstackBANK0                    000060  00006C  0000CC        60       1  BANK0   
                bssBANK1                       000100  000100  000200       100       1  BANK1   
                dataBANK2                      000200  000100  000300       200       1  BANK2   
                bssBANK3                       000300  0000F7  0003F7       300       1  BANK3   
                dataBANK4                      000400  0000C8  0004C8       400       1  BANK4   
                bssBANK5                       000500  000060  000560       500       1  BANK5   
                bssBIGRAM                      000560  0002D0  000830       560       1  BIGRAM  
                text25                         002818  001877  00408F      140C       0  CODE    
                text155                        004090  000002  004092      2048       0  CODE    
                mediumconst                    00E32C  001CD4  010000      7196       0  MEDIUMCO
                text19                         010000  010000  020000      8000       0  CODE    
                eeprom_data                    310000  000360  310360    310000       0  EEDATA  


UNUSED ADDRESS RANGES

        Name                Unused          Largest block    Delta
        BANK0            0000CC-0000FF               34
        BANK10           000A00-000AFF              100
        BANK11           000B00-000BFF              100
        BANK12           000C00-000CFF              100
        BANK13           000D00-000DE9               EA
        BANK3            0003F7-0003FF                9
        BANK4            0004C8-0004FF               38
        BANK8            000830-0008FF               D0
        BANK9            000900-0009FF              100
        BIGRAM           0000CC-0000FF               34
                         0003F7-0003FF                9
                         0004C8-0004FF               38
                         000830-000DE9              5BA
        BIGSFR           000DEF-000FFF              211
        CODE             000004-000007                4
                         00000E-000017                A
                         002817-002817                1
                         00408F-00408F                1
                         004092-00E32B             A29A
        CONST            000004-000007                4
                         00000E-000017                A
                         002817-002817                1
                         00408F-00408F                1
                         004092-00E32B             A29A
        EEDATA           310360-3103FF               A0
        MEDIUMCONST      002817-002817                1
                         00408F-00408F                1
                         004092-00E32B             A29A
        RAM              0000CC-0000FF               34
                         0003F7-0003FF                9
                         0004C8-0004FF               38
                         000830-000DE9              100
        SFR              000DEF-000FFF              100
        SMALLCONST       002817-002817                1
                         00408F-00408F                1
                         004092-00E32B              100

                                  Symbol Table

?___aodiv                                                 cstackBANK1  00018C
?___aomod                                                 cstackBANK1  00018C
?___awdiv                                                 cstackBANK1  00018C
?___awmod                                                 cstackBANK1  00019E
?___lmul                                                  cstackBANK1  00018C
?___lwdiv                                                 cstackBANK1  000192
?___lwmod                                                 cstackBANK1  00018C
?___wmul                                                  cstackBANK1  00018C
?_abs                                                     cstackBANK1  00019E
?_ctoa                                                    cstackBANK1  000195
?_days                                                    cstackBANK1  000191
?_dtoa                                                    cstackBANK1  0001A7
?_getADCResult                                            cstackBANK1  00018C
?_pad                                                     cstackBANK1  00019C
?_rand                                                    cstackBANK1  000198
?_readActiveSleepCountFromEeprom                          cstackBANK1  00018F
?_readRemainingFertigationOnPeriodFromEeprom              cstackBANK1  00018F
?_sprintf                                                 cstackBANK1  0001E4
?_strchr                                                  cstackBANK1  00018C
?_strlen                                                  cstackBANK1  00018C
?_strncmp                                                 cstackBANK1  00018C
?_strstr                                                  cstackBANK1  000198
?_vfpfcnvrt                                               cstackBANK1  0001CB
?_vfprintf                                                cstackBANK1  0001DC
?i1_strncmp                                               cstackBANK0  00007B
?i2___aodiv                                               cstackCOMRAM 000001
?i2___aomod                                               cstackCOMRAM 000001
?i2_abs                                                   cstackCOMRAM 000013
?i2_ctoa                                                  cstackCOMRAM 00000A
?i2_dtoa                                                  cstackCOMRAM 00001C
?i2_pad                                                   cstackCOMRAM 000011
?i2_sprintf                                               cstackCOMRAM 000059
?i2_strlen                                                cstackCOMRAM 000001
?i2_strncmp                                               cstackCOMRAM 000001
?i2_vfpfcnvrt                                             cstackCOMRAM 000040
?i2_vfprintf                                              cstackCOMRAM 000051
LCDpulseEnableNeg@_data                                   cstackBANK1  000191
LCDwritePCF8574@value                                     cstackBANK1  000190
_ADACQ                                                    (abs)        000F5C
_ADACT                                                    (abs)        000F56
_ADCAP                                                    (abs)        000F5D
_ADCON0bits                                               (abs)        000F60
_ADCON1                                                   (abs)        000F59
_ADCON2                                                   (abs)        000F5A
_ADCON3                                                   (abs)        000F5B
_ADPCH                                                    (abs)        000F5F
_ADREF                                                    (abs)        000F58
_ADRESH                                                   (abs)        000F64
_ADRESL                                                   (abs)        000F63
_ADRPT                                                    (abs)        000F66
_ANSELA                                                   (abs)        000E92
_ANSELB                                                   (abs)        000E9A
_ANSELD                                                   (abs)        000EA7
_ANSELE                                                   (abs)        000EAF
_ANSELF                                                   (abs)        000EB4
_ANSELG                                                   (abs)        000EBC
_BAUD1CON                                                 (abs)        000F9E
_BAUD3CON                                                 (abs)        000EF0
_BSR                                                      (abs)        000FE0
_CCP1CONbits                                              (abs)        000FAB
_CCP2CONbits                                              (abs)        000FA7
_CCP3CONbits                                              (abs)        000F26
_CCP4CONbits                                              (abs)        000F22
_CCPR1                                                    (abs)        000FA9
_CCPR2                                                    (abs)        000FA5
_CCPR3                                                    (abs)        000F24
_CCPR4                                                    (abs)        000F20
_CCPTMRS0bits                                             (abs)        000FAD
_CPUDOZEbits                                              (abs)        000E42
_DeviceBurnStatus                                         bssBANK0     0000AD
_INLVLA                                                   (abs)        000E8E
_INLVLB                                                   (abs)        000E96
_INLVLC                                                   (abs)        000E9E
_INLVLD                                                   (abs)        000EA3
_INLVLE                                                   (abs)        000EAB
_INLVLF                                                   (abs)        000EB0
_INLVLG                                                   (abs)        000EB8
_INLVLH                                                   (abs)        000EBD
_INTCONbits                                               (abs)        000FF2
_IOCBF                                                    (abs)        000E93
_IOCBF0                                                   (abs)        007498
_IOCBN                                                    (abs)        000E94
_IOCBP                                                    (abs)        000E95
_IOCEF                                                    (abs)        000EA8
_IOCEF2                                                   (abs)        007542
_IOCEF3                                                   (abs)        007543
_IOCEN                                                    (abs)        000EA9
_IOCEP                                                    (abs)        000EAA
_IPR0bits                                                 (abs)        000E1F
_IPR3bits                                                 (abs)        000E22
_IPR4bits                                                 (abs)        000E23
_IPR5bits                                                 (abs)        000E24
_LATA                                                     (abs)        000F79
_LATB                                                     (abs)        000F7A
_LATC                                                     (abs)        000F7B
_LATD                                                     (abs)        000F7C
_LATE                                                     (abs)        000F7D
_LATF                                                     (abs)        000F7E
_LATG                                                     (abs)        000F7F
_LATH                                                     (abs)        000F80
_LCDpulseEnableNeg                                        text120      003D06
_LCDwritePCF8574                                          text121      003F14
_LoraConnectionFailed                                     bssBANK1     00013C
_NVMADRH                                                  (abs)        000F75
_NVMADRL                                                  (abs)        000F74
_NVMCON1bits                                              (abs)        000F77
_NVMCON2                                                  (abs)        000F78
_NVMDAT                                                   (abs)        000F76
_NotDR1_84                                                mediumconst  00ED7D
_NotDR2_84                                                mediumconst  00ED2E
_NotDR3_67                                                mediumconst  00EE50
_NotDR4_72                                                mediumconst  00EDCC
_NotFert5_33                                              mediumconst  00F054
_NotFert6_33                                              mediumconst  00F038
_NotFert7_70                                              mediumconst  00EE0F
_NotFert8_59                                              mediumconst  00EE8E
_NotIrr4_30                                               mediumconst  00F0A4
_NotIrr5_30                                               mediumconst  00F08B
_NotIrr6_54                                               mediumconst  00EF2C
_NotIrr7_16                                               mediumconst  00ED07
_NotIrr8_48                                               mediumconst  00EF88
_NotIrr9_48                                               mediumconst  00EF5D
_NotMS1_57                                                mediumconst  00EEC4
_NotMotor1_55                                             mediumconst  00EEF8
_NotPh1_50                                                mediumconst  00EBB2
_NotPh2_72                                                mediumconst  00EA84
_NotPh3_23                                                mediumconst  00ECE0
_NotPh6_22                                                mediumconst  00ECF4
_NotRTC1_30                                               mediumconst  00F070
_NotRTC2_6                                                mediumconst  00F224
_NotRTC3_7                                                mediumconst  00F1DD
_NotRTC4_36                                               mediumconst  00F017
_NotRTC6_36                                               mediumconst  00EFF6
_NotSLV1_39                                               mediumconst  00EFB3
_NotSLV2_6                                                mediumconst  00F21D
_NotSLV3_7                                                mediumconst  00F1D5
_NotSLV4_38                                               mediumconst  00EFD5
_NotSR01_59                                               mediumconst  00EB09
_NotSR02_76                                               mediumconst  00E919
_NotSR03_73                                               mediumconst  00E9AE
_NotSR04_75                                               mediumconst  00E964
_NotSR05_80                                               mediumconst  00E8CA
_NotSR06_72                                               mediumconst  00EA3D
_NotSR07_72                                               mediumconst  00E9F6
_NotSR08_36                                               mediumconst  00EC36
_NotSR09_30                                               mediumconst  00ECC1
_NotSR10_35                                               mediumconst  00EC5B
_NotSR11_40                                               mediumconst  00EC0D
_NotSR12_32                                               mediumconst  00ECA0
_NotSR13_32                                               mediumconst  00EC7F
_NotSR14_58                                               mediumconst  00EB45
_NotSR15_49                                               mediumconst  00EB80
_ODCONA                                                   (abs)        000E90
_ODCONB                                                   (abs)        000E98
_ODCONC                                                   (abs)        000EA0
_ODCOND                                                   (abs)        000EA5
_ODCONE                                                   (abs)        000EAD
_ODCONF                                                   (abs)        000EB2
_ODCONG                                                   (abs)        000EBA
_ODCONH                                                   (abs)        000EBF
_OSCENbits                                                (abs)        000E47
_PCON0bits                                                (abs)        000FD7
_PIE0bits                                                 (abs)        000E29
_PIE3bits                                                 (abs)        000E2C
_PIE4bits                                                 (abs)        000E2D
_PIE5bits                                                 (abs)        000E2E
_PIR0bits                                                 (abs)        000E33
_PIR3bits                                                 (abs)        000E36
_PIR4bits                                                 (abs)        000E37
_PIR5bits                                                 (abs)        000E38
_PORTBbits                                                (abs)        000F8A
_PORTCbits                                                (abs)        000F8B
_PORTDbits                                                (abs)        000F8C
_PORTEbits                                                (abs)        000F8D
_PORTFbits                                                (abs)        000F8E
_PORTGbits                                                (abs)        000F8F
_PORTHbits                                                (abs)        000F90
_RC1REG                                                   (abs)        000F98
_RC1STA                                                   (abs)        000F9C
_RC1STAbits                                               (abs)        000F9C
_RC3PPS                                                   (abs)        000E65
_RC3REG                                                   (abs)        000EEA
_RC3STA                                                   (abs)        000EEE
_RC3STAbits                                               (abs)        000EEE
_RC4PPS                                                   (abs)        000E66
_RC6PPS                                                   (abs)        000E68
_RC7PPS                                                   (abs)        000E69
_RD5PPS                                                   (abs)        000E6F
_RD6PPS                                                   (abs)        000E70
_RE0PPS                                                   (abs)        000E72
_RE1PPS                                                   (abs)        000E73
_SLRCONA                                                  (abs)        000E8F
_SLRCONB                                                  (abs)        000E97
_SLRCONC                                                  (abs)        000E9F
_SLRCOND                                                  (abs)        000EA4
_SLRCONE                                                  (abs)        000EAC
_SLRCONF                                                  (abs)        000EB1
_SLRCONG                                                  (abs)        000EB9
_SLRCONH                                                  (abs)        000EBE
_SP1BRG                                                   (abs)        000F9A
_SP3BRG                                                   (abs)        000EEC
_SSP1ADD                                                  (abs)        000F92
_SSP1BUF                                                  (abs)        000F91
_SSP1CLKPPS                                               (abs)        000E19
_SSP1CON1                                                 (abs)        000F95
_SSP1CON2                                                 (abs)        000F96
_SSP1CON2bits                                             (abs)        000F96
_SSP1DATPPS                                               (abs)        000E1A
_SSP1STAT                                                 (abs)        000F94
_SSP1STATbits                                             (abs)        000F94
_SSP2ADD                                                  (abs)        000ED6
_SSP2BUF                                                  (abs)        000ED5
_SSP2CLKPPS                                               (abs)        000E1C
_SSP2CON1                                                 (abs)        000ED9
_SSP2CON2                                                 (abs)        000EDA
_SSP2CON2bits                                             (abs)        000EDA
_SSP2DATPPS                                               (abs)        000E1D
_SSP2STAT                                                 (abs)        000ED8
_SSP2STATbits                                             (abs)        000ED8
_SmsAU4_63                                                mediumconst  00EAC9
_T0CON0                                                   (abs)        000FD5
_T0CON0bits                                               (abs)        000FD5
_T0CON1                                                   (abs)        000FD6
_T1CON                                                    (abs)        000FCF
_T1CONbits                                                (abs)        000FCF
_T2CLKCONbits                                             (abs)        000FBF
_T2CONbits                                                (abs)        000FBD
_T2PR                                                     (abs)        000FBC
_T2TMR                                                    (abs)        000FBB
_T3CON                                                    (abs)        000FC9
_T3CONbits                                                (abs)        000FC9
_TMR0H                                                    (abs)        000FD4
_TMR0L                                                    (abs)        000FD3
_TMR1CLK                                                  (abs)        000FD2
_TMR1H                                                    (abs)        000FCE
_TMR1L                                                    (abs)        000FCD
_TMR3CLK                                                  (abs)        000FCC
_TMR3H                                                    (abs)        000FC8
_TMR3L                                                    (abs)        000FC7
_TRISA                                                    (abs)        000F81
_TRISB                                                    (abs)        000F82
_TRISC                                                    (abs)        000F83
_TRISD                                                    (abs)        000F84
_TRISE                                                    (abs)        000F85
_TRISF                                                    (abs)        000F86
_TRISG                                                    (abs)        000F87
_TRISH                                                    (abs)        000F88
_TX1REG                                                   (abs)        000F99
_TX1STA                                                   (abs)        000F9D
_TX3REG                                                   (abs)        000EEB
_TX3STA                                                   (abs)        000EEF
_Timer0Overflow                                           bssBANK0     0000BF
_Timer1Overflow                                           bssBANK1     000157
_Timer3Overflow                                           bssBANK1     000156
_WDTCON0bits                                              (abs)        000E3D
_WPUA                                                     (abs)        000E91
_WPUB                                                     (abs)        000E99
_WPUC                                                     (abs)        000EA1
_WPUD                                                     (abs)        000EA6
_WPUE                                                     (abs)        000EAE
_WPUF                                                     (abs)        000EB3
_WPUG                                                     (abs)        000EBB
_WPUH                                                     (abs)        000EC0
__HRAM                                                    (abs)        000000
__Habs1                                                   abs1         000000
__Hbank0                                                  bank0        000000
__Hbank1                                                  bank1        000000
__Hbank10                                                 bank10       000000
__Hbank11                                                 bank11       000000
__Hbank12                                                 bank12       000000
__Hbank13                                                 bank13       000000
__Hbank2                                                  bank2        000000
__Hbank3                                                  bank3        000000
__Hbank4                                                  bank4        000000
__Hbank5                                                  bank5        000000
__Hbank6                                                  bank6        000000
__Hbank7                                                  bank7        000000
__Hbank8                                                  bank8        000000
__Hbank9                                                  bank9        000000
__Hbigbss                                                 bigbss       000000
__Hbigdata                                                bigdata      000000
__Hbigram                                                 bigram       000000
__Hbigsfr                                                 bigsfr       000000
__Hbss                                                    bss          000000
__HbssBANK0                                               bssBANK0     000000
__HbssBANK1                                               bssBANK1     000000
__HbssBANK2                                               bssBANK2     000000
__HbssBANK3                                               bssBANK3     000000
__HbssBANK5                                               bssBANK5     000000
__HbssBIGRAM                                              bssBIGRAM    000000
__Hcinit                                                  cinit        000000
__Hclrtext                                                clrtext      000000
__Hcomram                                                 comram       000000
__Hconfig                                                 config       30000C
__Hconst                                                  const        000000
__HcstackBANK0                                            cstackBANK0  000000
__HcstackBANK1                                            cstackBANK1  000000
__HcstackBANK2                                            cstackBANK2  000000
__HcstackBANK3                                            cstackBANK3  000000
__HcstackCOMRAM                                           cstackCOMRAM 000000
__Hdata                                                   data         000000
__HdataBANK1                                              dataBANK1    000000
__HdataBANK2                                              dataBANK2    000000
__HdataBANK4                                              dataBANK4    000000
__Heeprom_data                                            eeprom_data  310360
__Hfarbss                                                 farbss       000000
__Hfardata                                                fardata      000000
__Hheap                                                   heap         000000
__Hibigdata                                               ibigdata     000000
__Hidata                                                  idata        000000
__HidataBANK1                                             idataBANK1   000000
__HidataBANK2                                             idataBANK2   000000
__HidataBANK4                                             idataBANK4   000000
__Hidloc                                                  idloc        200010
__Hifardata                                               ifardata     000000
__Hinit                                                   init         00069A
__Hintcode                                                intcode      00000E
__Hintcode_body                                           intcode_body 000000
__Hintcodelo                                              intcodelo    000696
__Hintentry                                               intentry     000000
__Hintret                                                 intret       000000
__Hintsave_regs                                           intsave_regs 000000
__Hirdata                                                 irdata       000000
__Hmediumconst                                            mediumconst  010000
__HnvFARRAM                                               nvFARRAM     000000
__Hnvbit                                                  nvbit        000000
__Hnvrram                                                 nvrram       000000
__Hparam                                                  rparam       000000
__Hpowerup                                                powerup      000696
__Hram                                                    ram          000000
__Hramtop                                                 ramtop       000E00
__Hrbit                                                   rbit         000000
__Hrbss                                                   rbss         000000
__Hrdata                                                  rdata        000000
__Hreset_vec                                              reset_vec    000004
__Hrparam                                                 rparam       000000
__Hsfr                                                    sfr          000000
__Hsmallconst                                             smallconst   000000
__Hspace_0                                                (abs)        310360
__Hspace_1                                                (abs)        000830
__Hspace_2                                                (abs)        000000
__Hspace_4                                                (abs)        60000C
__Hstack                                                  stack        000000
__Hstruct                                                 struct       000000
__Htemp                                                   temp         000060
__Htext                                                   text         000000
__Htext0                                                  text0        000000
__Htext1                                                  text1        000000
__Htext10                                                 text10       000000
__Htext100                                                text100      000000
__Htext101                                                text101      000000
__Htext102                                                text102      000000
__Htext103                                                text103      000000
__Htext104                                                text104      000000
__Htext105                                                text105      000000
__Htext106                                                text106      000000
__Htext107                                                text107      000000
__Htext108                                                text108      000000
__Htext109                                                text109      000000
__Htext11                                                 text11       000000
__Htext110                                                text110      000000
__Htext111                                                text111      000000
__Htext112                                                text112      000000
__Htext113                                                text113      000000
__Htext114                                                text114      000000
__Htext115                                                text115      000000
__Htext116                                                text116      000000
__Htext117                                                text117      000000
__Htext118                                                text118      000000
__Htext119                                                text119      000000
__Htext12                                                 text12       000000
__Htext120                                                text120      000000
__Htext121                                                text121      000000
__Htext122                                                text122      000000
__Htext123                                                text123      000000
__Htext124                                                text124      000000
__Htext125                                                text125      000000
__Htext126                                                text126      000000
__Htext127                                                text127      000000
__Htext128                                                text128      000000
__Htext129                                                text129      000000
__Htext13                                                 text13       000000
__Htext130                                                text130      000000
__Htext131                                                text131      000000
__Htext132                                                text132      000000
__Htext133                                                text133      000000
__Htext134                                                text134      000000
__Htext135                                                text135      000000
__Htext136                                                text136      000000
__Htext137                                                text137      000000
__Htext139                                                text139      000000
__Htext14                                                 text14       000000
__Htext140                                                text140      000000
__Htext142                                                text142      000000
__Htext143                                                text143      000000
__Htext144                                                text144      000000
__Htext145                                                text145      000000
__Htext146                                                text146      000000
__Htext147                                                text147      000000
__Htext148                                                text148      000000
__Htext149                                                text149      000000
__Htext15                                                 text15       000000
__Htext150                                                text150      000000
__Htext151                                                text151      000000
__Htext152                                                text152      000000
__Htext153                                                text153      000000
__Htext154                                                text154      000000
__Htext155                                                text155      000000
__Htext156                                                text156      000000
__Htext157                                                text157      000000
__Htext158                                                text158      000000
__Htext159                                                text159      000000
__Htext16                                                 text16       000000
__Htext160                                                text160      000000
__Htext161                                                text161      000000
__Htext162                                                text162      000000
__Htext163                                                text163      000000
__Htext164                                                text164      000000
__Htext165                                                text165      000000
__Htext166                                                text166      000000
__Htext167                                                text167      000000
__Htext168                                                text168      000000
__Htext169                                                text169      000000
__Htext17                                                 text17       000000
__Htext170                                                text170      000000
__Htext171                                                text171      000000
__Htext172                                                text172      000000
__Htext173                                                text173      000000
__Htext174                                                text174      000000
__Htext175                                                text175      000000
__Htext176                                                text176      000000
__Htext18                                                 text18       000000
__Htext19                                                 text19       000000
__Htext2                                                  text2        000000
__Htext20                                                 text20       000000
__Htext21                                                 text21       000000
__Htext22                                                 text22       000000
__Htext23                                                 text23       000000
__Htext24                                                 text24       000000
__Htext25                                                 text25       000000
__Htext26                                                 text26       000000
__Htext27                                                 text27       000000
__Htext28                                                 text28       000000
__Htext29                                                 text29       000000
__Htext3                                                  text3        000000
__Htext30                                                 text30       000000
__Htext31                                                 text31       000000
__Htext32                                                 text32       000000
__Htext33                                                 text33       000000
__Htext34                                                 text34       000000
__Htext35                                                 text35       000000
__Htext36                                                 text36       000000
__Htext37                                                 text37       000000
__Htext38                                                 text38       000000
__Htext39                                                 text39       000000
__Htext4                                                  text4        000000
__Htext40                                                 text40       000000
__Htext41                                                 text41       000000
__Htext42                                                 text42       000000
__Htext43                                                 text43       000000
__Htext44                                                 text44       000000
__Htext45                                                 text45       000000
__Htext46                                                 text46       000000
__Htext47                                                 text47       000000
__Htext48                                                 text48       000000
__Htext49                                                 text49       000000
__Htext5                                                  text5        000000
__Htext50                                                 text50       000000
__Htext51                                                 text51       000000
__Htext52                                                 text52       000000
__Htext53                                                 text53       000000
__Htext54                                                 text54       000000
__Htext55                                                 text55       000000
__Htext56                                                 text56       000000
__Htext57                                                 text57       000000
__Htext58                                                 text58       000000
__Htext59                                                 text59       000000
[...]
transmitNumberToGSM@j                                     cstackBANK1  000193
transmitNumberToGSM@number                                cstackBANK1  00018D
transmitNumberToLora@index                                cstackBANK1  00018F
transmitNumberToLora@j                                    cstackBANK1  000191
transmitNumberToLora@number                               cstackBANK1  00018D
transmitStringToGSM@string                                cstackBANK1  00018D
transmitStringToLora@string                               cstackBANK1  00018D
ttemp5                                                    temp         000060
ttemp6                                                    temp         000063
ttemp7                                                    temp         000067
txByte@serialData                                         cstackBANK1  00018C
txByteLora@serialData                                     cstackBANK1  00018C
vfpfcnvrt@ap                                              cstackBANK1  0001CF
vfpfcnvrt@c                                               cstackBANK1  0001DB
vfpfcnvrt@fmt                                             cstackBANK1  0001CD
vfpfcnvrt@fp                                              cstackBANK1  0001CB
vfpfcnvrt@ll                                              cstackBANK1  0001D3
vfprintf@ap                                               cstackBANK1  0001E0
vfprintf@cfmt                                             cstackBANK1  0001E2
vfprintf@fmt                                              cstackBANK1  0001DE
vfprintf@fp                                               cstackBANK1  0001DC
wtemp8                                                    temp         000060


MODULE INFORMATION

Module		Function		Class		Link	Load	Size
gprs.c
		_publishResponse		CODE           	1976E	0000	1838
		_configureMQTT 		CODE           	154E4	0000	3232
		_checkResponse 		CODE           	1D44E	0000	1136
		_checkSignalStrength		CODE           	17F54	0000	2166
		_rxByte        		CODE           	3FA8	0000	20
		_txByte        		CODE           	3EC6	0000	26
		_setGsmToLocalTime		CODE           	1768E	0000	2246
		_publishNotification		CODE           	187CA	0000	2076
		_transmitStringToGSM		CODE           	2C64	0000	118
		_transmitNumberToGSM		CODE           	3510	0000	82

gprs.c estimated size: 12940

C:\Program Files\Microchip\xc8\v2.35\pic\sources\c99\common\putch.c
		_putch         		CODE           	1FFFE	0000	2

C:\Program Files\Microchip\xc8\v2.35\pic\sources\c99\common\putch.c estimated size: 2

C:\Program Files\Microchip\xc8\v2.35\pic\sources\c99\common\rand.c
		_srand         		CODE           	3D30	0000	40
		_rand          		CODE           	2CDA	0000	112

C:\Program Files\Microchip\xc8\v2.35\pic\sources\c99\common\rand.c estimated size: 152

C:\Program Files\Microchip\xc8\v2.35\pic\sources\c99\common\aodiv.c
		___aodiv       		CODE           	1FC58	0000	394

C:\Program Files\Microchip\xc8\v2.35\pic\sources\c99\common\aodiv.c estimated size: 394

C:\Program Files\Microchip\xc8\v2.35\pic\sources\c99\common\nf_sprintf.c
		_sprintf       		CODE           	3562	0000	82

C:\Program Files\Microchip\xc8\v2.35\pic\sources\c99\common\nf_sprintf.c estimated size: 82

i2c.c
		_lcd_i2cWait   		CODE           	3C7C	0000	48
		_lcd_i2cStop   		CODE           	3FE0	0000	18
		_lcd_i2cWrite  		CODE           	3E90	0000	28
		_lcd_i2cStart  		CODE           	3FF2	0000	18
		_rtc_i2cRead   		CODE           	35B4	0000	82
		_rtc_i2cWait   		CODE           	3A52	0000	54
		_rtc_i2cStop   		CODE           	3F44	0000	20
		_rtc_i2cWrite  		CODE           	3E72	0000	30
		_rtc_i2cStart  		CODE           	3F58	0000	20
		_lcd_i2cWriteByteSingleReg		CODE           	29D2	0000	138
		_rtc_i2cRestart		CODE           	3F6C	0000	20

i2c.c estimated size: 476

C:\Program Files\Microchip\xc8\v2.35\pic\sources\c99\common\nf_fputc.c
		_fputc         		CODE           	1A78	0000	204

C:\Program Files\Microchip\xc8\v2.35\pic\sources\c99\common\nf_fputc.c estimated size: 204

C:\Program Files\Microchip\xc8\v2.35\pic\sources\c99\common\strstr.c
		_strstr        		CODE           	1718	0000	226

C:\Program Files\Microchip\xc8\v2.35\pic\sources\c99\common\strstr.c estimated size: 226

C:\Program Files\Microchip\xc8\v2.35\pic\sources\c99\common\lwdiv.c
		___lwdiv       		CODE           	2BEE	0000	118

C:\Program Files\Microchip\xc8\v2.35\pic\sources\c99\common\lwdiv.c estimated size: 118

C:\Program Files\Microchip\xc8\v2.35\pic\sources\c99\common\Umul16.c
		___wmul        		CODE           	3D58	0000	40

C:\Program Files\Microchip\xc8\v2.35\pic\sources\c99\common\Umul16.c estimated size: 40

C:\Program Files\Microchip\xc8\v2.35\pic\sources\c99\common\awdiv.c
		___awdiv       		CODE           	1F2E	0000	198

C:\Program Files\Microchip\xc8\v2.35\pic\sources\c99\common\awdiv.c estimated size: 198

main_1.c
		_timerInterrupt_handler		CODE           	0018	0000	1662
		_main          		CODE           	1ECD2	0000	646
		_rxANDiocInterrupt_handler		CODE           	0008	0000	1168

main_1.c estimated size: 3476

lora.c
		_isLoraResponseAck		CODE           	1D8BE	0000	1096
		_rxByteLora    		CODE           	3F94	0000	20
		_txByteLora    		CODE           	3EAC	0000	26
		_transmitStringToLora		CODE           	34BE	0000	82
		_transmitNumberToLora		CODE           	378E	0000	72
		_sendCmdToLora 		CODE           	1DD06	0000	1024

lora.c estimated size: 2320

C:\Program Files\Microchip\xc8\v2.35\pic\sources\c99\common\strncmp.c
		_strncmp       		CODE           	069A	0000	370

C:\Program Files\Microchip\xc8\v2.35\pic\sources\c99\common\strncmp.c estimated size: 370

C:\Program Files\Microchip\xc8\v2.35\pic\sources\c99\common\strncpy.c
		_strncpy       		CODE           	2AE4	0000	134

C:\Program Files\Microchip\xc8\v2.35\pic\sources\c99\common\strncpy.c estimated size: 134

eeprom.c
		_saveActiveSleepCountIntoEeprom		CODE           	2442	0000	170
		_saveDeviceIDIntoEeprom		CODE           	28AC	0000	148
		_readRemainingFertigationOnPeriodFromEeprom		CODE           	1554	0000	226
		_saveIrrigationValveConfigurationStatusIntoEeprom		CODE           	331C	0000	84
		_readValveDataFromEeprom		CODE           	13ADC	0000	3396
		_saveFertigationValveStatusIntoEeprom		CODE           	1D9E	0000	200
		_saveFieldMappingIntoEeprom		CODE           	2818	0000	148
		_saveFactryPswrdIntoEeprom		CODE           	1FF6A	0000	148
		_eepromWrite   		CODE           	3A88	0000	52
		_saveMotorLoadValuesIntoEeprom		CODE           	0EFC	0000	314
		_readFieldIrrigationValveNoFromEeprom		CODE           	3024	0000	100
		_readActiveSleepCountFromEeprom		CODE           	1636	0000	226
		_saveIrrigationValveValuesIntoEeprom		CODE           	1EA1C	0000	694
		_saveIrrigationValveCycleStatusIntoEeprom		CODE           	33C4	0000	84
		_saveIrrigationValveNoIntoEeprom		CODE           	2FC0	0000	100
		_saveDeviceIdStatus		CODE           	31AC	0000	96
		_saveAuthenticationStatus		CODE           	346C	0000	82
		_saveIrrigationValveOnOffStatusIntoEeprom		CODE           	3370	0000	84
		_saveIrrigationValveDueTimeIntoEeprom		CODE           	1E66	0000	200
		_saveFiltrationSequenceData		CODE           	1F3E0	0000	502
		_saveFertigationValveValuesIntoEeprom		CODE           	1A5C4	0000	1790
		_saveDeviceProgramStatusIntoEeprom		CODE           	30EC	0000	96
		_saveRTCBatteryStatus		CODE           	314C	0000	96
		_readMotorLoadValuesFromEeprom		CODE           	1F922	0000	412
		_readDeviceProgramStatusFromEeprom		CODE           	320C	0000	92
		_saveRemainingFertigationOnPeriod		CODE           	24EC	0000	166
		_loadDataFromEeprom		CODE           	1ACC2	0000	1760
		_eepromRead    		CODE           	3DA8	0000	38

eeprom.c estimated size: 11504

C:\Program Files\Microchip\xc8\v2.35\pic\sources\c99\common\abs.c
		_abs           		CODE           	3862	0000	66

C:\Program Files\Microchip\xc8\v2.35\pic\sources\c99\common\abs.c estimated size: 66

C:\Program Files\Microchip\xc8\v2.35\pic\sources\c99\common\Umul32.c
		___lmul        		CODE           	2DB8	0000	108

C:\Program Files\Microchip\xc8\v2.35\pic\sources\c99\common\Umul32.c estimated size: 108

shared
		_mqttLost      		MEDIUMCONST    	F0DF	0000	16
		_cmd18_12      		MEDIUMCONST    	F11A	0000	13
		_cmd2_9        		MEDIUMCONST    	F1AF	0000	10
		i2_vfpfcnvrt   		CODE           	1F1A2	0000	574
		_mqttConnect   		MEDIUMCONST    	F0EF	0000	15
		i2_pad         		CODE           	1FF4	0000	198
		_extract       		MEDIUMCONST    	F205	0000	8
		i2_abs         		CODE           	3924	0000	64
		_NotSR11_40    		MEDIUMCONST    	EC0D	0000	41
		i2_lcdCreateChar		CODE           	36A8	0000	80
		i2_lcdSend     		CODE           	3D80	0000	40
		_cclk          		MEDIUMCONST    	F247	0000	7
		_cmd3_9        		MEDIUMCONST    	F1A5	0000	10
		i2_lcd_i2cWait 		CODE           	3CDA	0000	44
		i2_lcd_i2cStop 		CODE           	4016	0000	18
		_NotSR03_73    		MEDIUMCONST    	E9AE	0000	72
		i2_putch       		CODE           	4090	0000	2
		_NotDR3_67     		MEDIUMCONST    	EE50	0000	62
		_cmd18_7       		MEDIUMCONST    	F1E5	0000	8
		_gsmRestart    		MEDIUMCONST    	F1B9	0000	10
		_map           		MEDIUMCONST    	F2B0	0000	4
		_fdata         		MEDIUMCONST    	F280	0000	6
		_NotSR14_58    		MEDIUMCONST    	EB45	0000	59
		_NotIrr4_30    		MEDIUMCONST    	F0A4	0000	25
		_NotSLV3_7     		MEDIUMCONST    	F1D5	0000	8
		_cmd16_9       		MEDIUMCONST    	F19B	0000	10
		i1_strncmp     		CODE           	080C	0000	370
		_disable       		MEDIUMCONST    	F215	0000	8
		_cmd19_10      		MEDIUMCONST    	F164	0000	11
		i2_strncmp     		CODE           	0AE4	0000	358
		_NotSR06_72    		MEDIUMCONST    	EA3D	0000	71
		_getfreq       		MEDIUMCONST    	F28C	0000	5
		_netRestart    		MEDIUMCONST    	F1FD	0000	8
		_NotIrr7_16    		MEDIUMCONST    	ED07	0000	15
		_NotRTC2_6     		MEDIUMCONST    	F224	0000	7
		i2_lcd_i2cWrite		CODE           	3EFA	0000	26
		_NotSR09_30    		MEDIUMCONST    	ECC1	0000	31
		_NotPh1_50     		MEDIUMCONST    	EBB2	0000	47
		i2_lcd_i2cStart		CODE           	4028	0000	18
		_feed          		MEDIUMCONST    	F291	0000	5
		i2_vfprintf    		CODE           	2F5A	0000	102
		_active        		MEDIUMCONST    	F24E	0000	7
		_NotMotor1_55  		MEDIUMCONST    	EEF8	0000	52
		_slave         		MEDIUMCONST    	F268	0000	6
		_alive1        		MEDIUMCONST    	F286	0000	6
		_cmd14_11      		MEDIUMCONST    	F140	0000	12
		i2_ctoa        		CODE           	18D4	0000	216
		_NotMS1_57     		MEDIUMCONST    	EEC4	0000	52
		i2_lcdSetCursor		CODE           	3268	0000	92
		_eepromAddress 		MEDIUMCONST    	EBE1	0000	44
		_sensor        		MEDIUMCONST    	F239	0000	7
		_NotSR10_35    		MEDIUMCONST    	EC5B	0000	36
		i2_dtoa        		CODE           	1E738	0000	740
		_enable        		MEDIUMCONST    	F255	0000	7
		_NotSR02_76    		MEDIUMCONST    	E919	0000	75
		_NotDR1_84     		MEDIUMCONST    	ED7D	0000	79
		_gsmError      		MEDIUMCONST    	F26E	0000	6
		_csq           		MEDIUMCONST    	F274	0000	6
		_set           		MEDIUMCONST    	F2B4	0000	4
		i2_lcdDataWrite		CODE           	4064	0000	14
		_alive         		MEDIUMCONST    	F25C	0000	6
		i2_removeIcon  		CODE           	3F2C	0000	24
		_NotSR13_32    		MEDIUMCONST    	EC7F	0000	33
		_NotSLV2_6     		MEDIUMCONST    	F21D	0000	7
		i2_fetchDigits 		CODE           	2E24	0000	106
		_NotDR4_72     		MEDIUMCONST    	EDCC	0000	67
		__initialization		CODE           	20BA	0000	176
		_NotSR05_80    		MEDIUMCONST    	E8CA	0000	79
		_cmd4_7        		MEDIUMCONST    	F1ED	0000	8
		_cmd7_17       		MEDIUMCONST    	F0BD	0000	18
		_NotIrr6_54    		MEDIUMCONST    	EF2C	0000	49
		i2_clearFieldByte		CODE           	3BE8	0000	50
		_NotRTC1_30    		MEDIUMCONST    	F070	0000	27
		_mqttStart     		MEDIUMCONST    	F127	0000	13
		_ok            		MEDIUMCONST    	F2BB	0000	3
		_NotSR08_36    		MEDIUMCONST    	EC36	0000	37
		_lowbattery    		MEDIUMCONST    	F0CF	0000	16
		_mqttSub       		MEDIUMCONST    	F190	0000	11
		_cmd9_11       		MEDIUMCONST    	F158	0000	12
		i1_clearDecodedString		CODE           	3B84	0000	50
		_dactive       		MEDIUMCONST    	F20D	0000	8
		i2_clearDecodedString		CODE           	3C1A	0000	50
		_NotIrr9_48    		MEDIUMCONST    	EF5D	0000	43
		_NotPh2_72     		MEDIUMCONST    	EA84	0000	69
		_NotRTC4_36    		MEDIUMCONST    	F017	0000	33
		_ct            		MEDIUMCONST    	F2AC	0000	4
		_on            		MEDIUMCONST    	F2B8	0000	3
		i2___aodiv     		CODE           	1FDE2	0000	392
		_cmd10_10      		MEDIUMCONST    	F16F	0000	11
		_cmd6_10       		MEDIUMCONST    	F17A	0000	11
		_error         		MEDIUMCONST    	F262	0000	6
		_idle          		MEDIUMCONST    	ED29	0000	5
		i2_sprintf     		CODE           	3606	0000	82
		i2_lcdWriteChar		CODE           	4080	0000	10
		_SmsAU4_63     		MEDIUMCONST    	EAC9	0000	64
		_NotFert7_70   		MEDIUMCONST    	EE0F	0000	65
		_NotFert5_33   		MEDIUMCONST    	F054	0000	28
		_NotFert6_33   		MEDIUMCONST    	F038	0000	28
		_NotFert8_59   		MEDIUMCONST    	EE8E	0000	54
		_inject        		MEDIUMCONST    	ED22	0000	7
		i2_lcdCommandWrite		CODE           	4072	0000	14
		_NotSR01_59    		MEDIUMCONST    	EB09	0000	60
		_mqtt_ca       		MEDIUMCONST    	E32D	0000	1437
		i2_displayIcon 		CODE           	3BB6	0000	50
		_NotSR12_32    		MEDIUMCONST    	ECA0	0000	33
		i2_lcd_i2cWriteByteSingleReg		CODE           	2B6A	0000	132
		_NotDR2_84     		MEDIUMCONST    	ED2E	0000	79
		_NotSLV1_39    		MEDIUMCONST    	EFB3	0000	34
		_getct         		MEDIUMCONST    	F2A8	0000	4
		_cmd11_11      		MEDIUMCONST    	F14C	0000	12
		_secret        		MEDIUMCONST    	ED16	0000	12
		_hold          		MEDIUMCONST    	F29B	0000	5
		_NotSR04_75    		MEDIUMCONST    	E964	0000	74
		i2___aomod     		CODE           	0C4A	0000	356
		_master        		MEDIUMCONST    	F240	0000	7
		_ack           		MEDIUMCONST    	F2A0	0000	4
		_off           		MEDIUMCONST    	F2A4	0000	4
		_cmd17_11      		MEDIUMCONST    	F134	0000	12
		_NotSR15_49    		MEDIUMCONST    	EB80	0000	50
		_NotIrr5_30    		MEDIUMCONST    	F08B	0000	25
		i2_fputc       		CODE           	1B44	0000	202
		_NotSLV4_38    		MEDIUMCONST    	EFD5	0000	33
		i2_fputs       		CODE           	381E	0000	68
		i2_strlen      		CODE           	3658	0000	80
		_cmd8_13       		MEDIUMCONST    	F10C	0000	14
		_NotSR07_72    		MEDIUMCONST    	E9F6	0000	71
		_admin         		MEDIUMCONST    	F2BE	0000	3
		_cmd1_6        		MEDIUMCONST    	F232	0000	7
		_NotIrr8_48    		MEDIUMCONST    	EF88	0000	43
		_NotRTC3_7     		MEDIUMCONST    	F1DD	0000	8
		_resetslave    		MEDIUMCONST    	F185	0000	11
		_setct         		MEDIUMCONST    	F27A	0000	6
		_cmd15_6       		MEDIUMCONST    	F22B	0000	7
		_cmd5_8        		MEDIUMCONST    	F1CC	0000	9
		_time          		MEDIUMCONST    	F296	0000	5
		_NotPh3_23     		MEDIUMCONST    	ECE0	0000	20
		_pdnRestart    		MEDIUMCONST    	F1F5	0000	8
		i2_LCDwritePCF8574		CODE           	4004	0000	18
		_cmd13_8       		MEDIUMCONST    	F1C3	0000	9
		_cmd12_13      		MEDIUMCONST    	F0FE	0000	14
		i2_LCDpulseEnableNeg		CODE           	3DCE	0000	36
		_NotPh6_22     		MEDIUMCONST    	ECF4	0000	19
		_NotRTC6_36    		MEDIUMCONST    	EFF6	0000	33
		i2_lcdWrite4Bits		CODE           	3F80	0000	20

shared estimated size: 8860

ADC.c
		_getADCResult  		CODE           	3746	0000	72
		_selectChannel 		CODE           	1CD6	0000	200

ADC.c estimated size: 272

i2c_LCD_PCF8574.c
		_lcdWriteStringIndex		CODE           	39A2	0000	62
		_displayIcon   		CODE           	39E0	0000	58
		_lcdSetCursor  		CODE           	3088	0000	100
		_lcdDisplayOn  		CODE           	403A	0000	14
		_LCDwritePCF8574		CODE           	3F14	0000	24
		_lcdDisplayOff 		CODE           	4048	0000	14
		_LCDpulseEnableNeg		CODE           	3D06	0000	42
		_lcdClear      		CODE           	3DF2	0000	34
		_lcdClearLine  		CODE           	3E14	0000	32
		_lcdCommandWrite		CODE           	3FBC	0000	18
		_lcdCreateChar 		CODE           	32C4	0000	88
		_lcdWriteChar  		CODE           	4056	0000	14
		_lcdInit       		CODE           	0DAE	0000	334
		_lcdSend       		CODE           	3CAC	0000	46
		_lcdWrite4Bits 		CODE           	3EE0	0000	26
		_lcdDataWrite  		CODE           	3FCE	0000	18
		_lcdWriteStringAtCenter		CODE           	17FA	0000	218
		_lcdWriteString		CODE           	38A4	0000	64
		_removeIcon    		CODE           	3E54	0000	30

i2c_LCD_PCF8574.c estimated size: 1236

C:\Program Files\Microchip\xc8\v2.35\pic\sources\c99\common\strlen.c
		_strlen        		CODE           	3418	0000	84

C:\Program Files\Microchip\xc8\v2.35\pic\sources\c99\common\strlen.c estimated size: 84

controllerActions.c
		_isNumber      		CODE           	3C4C	0000	48
		_doLowPhaseAction		CODE           	1F5D6	0000	428
		_doDryRunAction		CODE           	16C9A	0000	2548
		_isFieldMoistureSensorWetLora		CODE           	26DA	0000	164
		_isRTCBatteryDrained		CODE           	2592	0000	164
		_actionsOnSleepCountFinish		CODE           	12BC6	0000	3862
		_clearDecodedString		CODE           	3AEE	0000	50
		_actionsOnSystemReset		CODE           	14820	0000	3268
		_deepSleep     		CODE           	18FE6	0000	1928
		_setFactoryPincode		CODE           	222E	0000	178
		_calibrateMotorCurrent		CODE           	1C5F2	0000	1318
		_strcpyCustom  		CODE           	128A	0000	254
		_doLoraSlaveInActiveAction		CODE           	1BA4E	0000	1656
		_days          		CODE           	116E	0000	284
		_clearTempBytesString		CODE           	3B20	0000	50
		_clearFieldByte		CODE           	3B52	0000	50
		_doPhaseFailureAction		CODE           	1FABE	0000	410
		_randomPasswordGeneration		CODE           	2392	0000	176
		_fetchDigits   		CODE           	2D4A	0000	110
		_configureController		CODE           	1E106	0000	822
		_clearGsmResponse		CODE           	38E4	0000	64
		_deActivateValve		CODE           	1F782	0000	416
		_getDateFromGSM		CODE           	1B3A2	0000	1708
		_powerOffMotor 		CODE           	2940	0000	146
		_actionsOnDueValve		CODE           	19E9C	0000	1832
		_checkResetType		CODE           	1036	0000	312
		_isMotorInNoLoad		CODE           	1472	0000	226
		_scanValveScheduleAndGetSleepCount		CODE           	16184	0000	2838
		_extractReceivedSms		CODE           	10000	0000	11206
		_clearStringToDecode		CODE           	3ABC	0000	50
		_phaseFailure  		CODE           	3A1A	0000	56
		_getDueDate    		CODE           	1C0C6	0000	1324
		_activateValve 		CODE           	1CB18	0000	1196
		_powerOnMotor  		CODE           	2A5C	0000	136

controllerActions.c estimated size: 39278

C:\Program Files\Microchip\xc8\v2.35\pic\sources\c99\common\strchr.c
		_strchr        		CODE           	36F8	0000	78

C:\Program Files\Microchip\xc8\v2.35\pic\sources\c99\common\strchr.c estimated size: 78

C:\Program Files\Microchip\xc8\v2.35\pic\sources\c99\common\aomod.c
		___aomod       		CODE           	097E	0000	358

C:\Program Files\Microchip\xc8\v2.35\pic\sources\c99\common\aomod.c estimated size: 358

C:\Program Files\Microchip\xc8\v2.35\pic\sources\c99\common\nf_fputs.c
		_fputs         		CODE           	37D6	0000	72

C:\Program Files\Microchip\xc8\v2.35\pic\sources\c99\common\nf_fputs.c estimated size: 72

i2c_RTC_DS1307.c
		_decimal2BCD   		CODE           	3964	0000	62
		_bcd2Decimal   		CODE           	3E34	0000	32
		_fetchTimefromRTC		CODE           	2174	0000	186
		_feedTimeInRTC 		CODE           	2636	0000	164

i2c_RTC_DS1307.c estimated size: 444

C:\Program Files\Microchip\xc8\v2.35\pic\sources\c99\common\lwmod.c
		___lwmod       		CODE           	2EF4	0000	102

C:\Program Files\Microchip\xc8\v2.35\pic\sources\c99\common\lwmod.c estimated size: 102

C:\Program Files\Microchip\xc8\v2.35\pic\sources\c99\common\awmod.c
		___awmod       		CODE           	22E0	0000	178

C:\Program Files\Microchip\xc8\v2.35\pic\sources\c99\common\awmod.c estimated size: 178

C:\Program Files\Microchip\xc8\v2.35\pic\sources\c99\common\doprnt.c
		_vfpfcnvrt     		CODE           	1EF58	0000	586
		_pad           		CODE           	19AC	0000	204
		_ctoa          		CODE           	1388	0000	234
		_dtoa          		CODE           	1E43C	0000	764
		_vfprintf      		CODE           	2E8E	0000	102

C:\Program Files\Microchip\xc8\v2.35\pic\sources\c99\common\doprnt.c estimated size: 1890

