Microchip MPLAB XC8 Compiler V2.35

Linker command line:

-W9 --edf=C:\Program Files\Microchip\xc8\v2.35\pic\dat\en_msgs.txt -cn \
  -h+dist/18f67k40/production\BJU_AutoIrri_Lora_GPRS_DevBranch_New.X.production.sym \
  --cmf=dist/18f67k40/production\BJU_AutoIrri_Lora_GPRS_DevBranch_New.X.production.cmf \
  -z -Q18F67K40 -oC:\Users\nandu\AppData\Local\Temp\xcAsh7o.4 \
  --defsym=__MPLAB_BUILD=1 \
  -Mdist/18f67k40/production/BJU_AutoIrri_Lora_GPRS_DevBranch_New.X.production.map \
  --md=C:\Users\nandu\AppData\Local\Temp\xcAsh7o.dat -E1 -ver=XC8 Compiler \
  --acfsm=1493 -ACODE=00h-01FFFFh -ACONST=00h-01FFFFh \
  -ASMALLCONST=0E00h-0EFFhx498 -AMEDIUMCONST=0E00h-0FFFFh,010E00h-01FFFFh \
  -ACOMRAM=01h-05Fh -AABS1=00h-0DE9h -ABIGRAM=01h-0DE9h \
  -ARAM=060h-0FFh,0100h-01FFhx12,0D00h-0DE9h -ABANK0=060h-0FFh \
  -ABANK1=0100h-01FFh -ABANK2=0200h-02FFh -ABANK3=0300h-03FFh \
  -ABANK4=0400h-04FFh -ABANK5=0500h-05FFh -ABANK6=0600h-06FFh \
  -ABANK7=0700h-07FFh -ABANK8=0800h-08FFh -ABANK9=0900h-09FFh \
  -ABANK10=0A00h-0AFFh -ABANK11=0B00h-0BFFh -ABANK12=0C00h-0CFFh \
  -ABANK13=0D00h-0DE9h \
  -ASFR=0DEFh-0DFFh,0E00h-0EFFh,0F00h-0F5Fh,0F60h-0FFFh \
  -ABIGSFR=0DEFh-0FFFh -ACONFIG=0300000h-030000Bh -AIDLOC=0200000h-020000Fh \
  -AEEDATA=0310000h-03103FFh -peeprom_data=EEDATA \
  -preset_vec=00h,intcode=08h,intcodelo=018h,powerup,init -pramtop=0E00h \
  -psmallconst=SMALLCONST -pmediumconst=MEDIUMCONST -pconst=CONST \
  -AFARRAM=00h-00h \
  -prdata=COMRAM,nvrram=COMRAM,nvbit=COMRAM,rbss=COMRAM,rbit=COMRAM \
  -pfarbss=FARRAM,fardata=FARRAM,nvFARRAM=FARRAM \
  -pintsave_regs=BIGRAM,bigbss=BIGRAM,bigdata=BIGRAM -pbss=RAM \
  -pidata=CODE,irdata=CODE,ibigdata=CODE,ifardata=CODE -prparam=COMRAM \
  C:\Users\nandu\AppData\Local\Temp\xcAsh7o.o \
  dist/18f67k40/production\BJU_AutoIrri_Lora_GPRS_DevBranch_New.X.production.o 

Object code version is 3.11

Machine type is 18F67K40



                Name                               Link     Load   Length Selector   Space Scale
C:\Users\nandu\AppData\Local\Temp\xcAsh7o.o
                idloc                            200000   200000       10        0       5
                config                           300000   300000        C        0       4
                init                                696      696        4        C       0
                reset_vec                             0        0        4        0       0
dist/18f67k40/production\BJU_AutoIrri_Lora_GPRS_DevBranch_New.X.production.o
                eeprom_data                      310000   310000      360   310000       0
                intcodelo                            18       18      67E        C       0
                intcode                               8        8        6        4       0
                idloc                            200000   200000       10        0       5
                config                           300000   300000        C        0       4
                temp                                 5F       5F        1        1       1
                mediumconst                        E3E6     E3E6     1C1A     71F3       0
                text173                            231E     231E       14      590       0
                text172                            230A     230A       14      590       0
                text171                            1F94     1F94       32      590       0
                text170                            1F62     1F62       32      590       0
                text169                            1DCC     1DCC       36      590       0
                text168                            239E     239E       12      590       0
                text167                            238C     238C       12      590       0
                text166                            2054     2054       2C      590       0
                text165                            2274     2274       1A      590       0
                text164                             F06      F06       84      590       0
                text163                            237A     237A       12      590       0
                text162                            2148     2148       24      590       0
                text161                            22F6     22F6       14      590       0
                text160                            20FA     20FA       28      590       0
                text159                            23E8     23E8        E      590       0
                text158                            23DA     23DA        E      590       0
                text157                            1A44     1A44       50      590       0
                text156                            1604     1604       5C      590       0
                text155                            23F6     23F6        A      590       0
                text154                            1F30     1F30       32      590       0
                text153                            11C0     11C0       6A      590       0
                text152                            228E     228E       18      590       0
                text151                           1FFFC    1FFFC        2     8000       0
                text150                           1F7AE    1F7AE       CA     8000       0
                text149                           1F53E    1F53E       D8     8000       0
                text148                           1E25C    1E25C      188     8000       0
                text147                           1E994    1E994      164     8000       0
                text146                            1C32     1C32       40      590       0
                text145                            1B6C     1B6C       44      590       0
                text144                            19F4     19F4       50      590       0
                text143                           1FC5E    1FC5E       C6     8000       0
                text142                           1CBD8    1CBD8      2E4     8000       0
                text141                           1D61A    1D61A      23E     8000       0
                text140                            12F6     12F6       66      590       0
                text139                            19A2     19A2       52      590       0
                text138                           1E82E    1E82E      166     8000       0
                intcode_body                      186B2    186B2      6C8     8000       0
                text136                            1EFE     1EFE       32      590       0
                text135                           1E556    1E556      172     8000       0
                text133                            1ECC     1ECC       32      590       0
                text132                            1290     1290       66      590       0
                text131                            21AE     21AE       20      590       0
                text130                            1D96     1D96       36      590       0
                text129                            1950     1950       52      590       0
                text128                            22E2     22E2       14      590       0
                text127                            22CE     22CE       14      590       0
                text126                            22BA     22BA       14      590       0
                text125                            21EC     21EC       1E      590       0
                text124                           1FDDE    1FDDE       BA     8000       0
                text123                           1A4FA    1A4FA      52C     8000       0
                text122                            2368     2368       12      590       0
                text121                            2356     2356       12      590       0
                text120                            1FF6     1FF6       30      590       0
                text119                            220A     220A       1C      590       0
                text118                             D6E      D6E       8A      590       0
                text117                            22A6     22A6       14      590       0
                text116                            2080     2080       2A      590       0
                text115                            225A     225A       1A      590       0
                text114                            2026     2026       2E      590       0
                text113                            2344     2344       12      590       0
                text112                            1CB0     1CB0       3E      590       0
                text111                            1E9A     1E9A       32      590       0
                text110                            2332     2332       12      590       0
                text109                            1424     1424       64      590       0
                text108                            1BF2     1BF2       40      590       0
                text107                            218E     218E       20      590       0
                text106                           1FB98    1FB98       C6     8000       0
                text105                           1F464    1F464       DA     8000       0
                text104                           1FFFA    1FFFA        2     8000       0
                text103                           1F6E2    1F6E2       CC     8000       0
                text102                           1F0D4    1F0D4       EA     8000       0
                text101                           1E0D2    1E0D2      18A     8000       0
                text100                           1E6C8    1E6C8      166     8000       0
                text99                             1BB0     1BB0       42      590       0
                text98                             1B24     1B24       48      590       0
                text97                             17B4     17B4       54      590       0
                text96                            1F616    1F616       CC     8000       0
                text95                            1C8DC    1C8DC      2FC     8000       0
                text94                            1D3D0    1D3D0      24A     8000       0
                text93                             122A     122A       66      590       0
                text92                             18FE     18FE       52      590       0
                text91                            1E3E4    1E3E4      172     8000       0
                text90                             2240     2240       1A      590       0
                text89                             18AC     18AC       52      590       0
                text88                             1000     1000       76      590       0
                text87                            193E6    193E6      5C6     8000       0
                text86                             1E02     1E02       34      590       0
                text85                             1760     1760       54      590       0
                text84                            1FAD0    1FAD0       C8     8000       0
                text83                             170C     170C       54      590       0
                text82                            1FE98    1FE98       B2     8000       0
                text81                              F8A      F8A       76      590       0
                text80                             1E68     1E68       32      590       0
                text79                             20D2     20D2       28      590       0
                text78                             10E6     10E6       6E      590       0
                text77                             1FC6     1FC6       30      590       0
                text76                            1BD5A    1BD5A      448     8000       0
                text75                             2226     2226       1A      590       0
                text74                             1ADC     1ADC       48      590       0
                text73                             185A     185A       52      590       0
                text72                            1C1A2    1C1A2      404     8000       0
                text71                            1B42E    1B42E      4B2     8000       0
                text70                            1DBFA    1DBFA      1A2     8000       0
                text69                              7F2      7F2       AA        C       0
                text68                             1660     1660       58      590       0
                text67                             23CC     23CC        E      590       0
                text66                             1CEE     1CEE       3A      590       0
                text65                              DF8      DF8       88      590       0
                text64                             2122     2122       26      590       0
                text63                             13C0     13C0       64      590       0
                text62                            171AC    171AC      728     8000       0
                text61                            1F382    1F382       E2     8000       0
                text60                            1F2A0    1F2A0       E2     8000       0
                text59                             21CE     21CE       1E      590       0
                text58                              748      748       AA        C       0
                text57                            1FA08    1FA08       C8     8000       0
                text56                            178D4    178D4      6FE     8000       0
                text55                             135C     135C       64      590       0
                text54                            12B96    12B96      F16     8000       0
                text53                            1ED82    1ED82      138     8000       0
                text52                             216C     216C       22      590       0
                text51                             23BE     23BE        E      590       0
                text50                             23B0     23B0        E      590       0
                text49                            1EAF8    1EAF8      150     8000       0
                text48                            1C5A6    1C5A6      336     8000       0
                text47                            16964    16964      848     8000       0
                text46                              CDC      CDC       92      590       0
                text45                              89C      89C       A6        C       0
                text44                            15F70    15F70      9F4     8000       0
                text43                            18D7A    18D7A      66C     8000       0
                text42                            1DA4E    1DA4E      1AC     8000       0
                text41                            1DF38    1DF38      19A     8000       0
                text40                             1A94     1A94       48      590       0
                text39                            1F940    1F940       C8     8000       0
                text38                            1F1BE    1F1BE       E2     8000       0
                text37                            19F66    19F66      594     8000       0
                text36                            1AA26    1AA26      526     8000       0
                text35                             1D60     1D60       36      590       0
                text34                             1E36     1E36       32      590       0
                text33                             1C72     1C72       3E      590       0
                text32                              9E6      9E6       A4        C       0
                text31                            1EFD6    1EFD6       FE     8000       0
                text30                            1AF4C    1AF4C      4E2     8000       0
                text29                             1808     1808       52      590       0
                text28                              C48      C48       94      590       0
                text27                             1548     1548       60      590       0
                text26                              BB4      BB4       94      590       0
                text25                            1D858    1D858      1F6     8000       0
                text24                             16B8     16B8       54      590       0
                text23                            1CEBC    1CEBC      2B6     8000       0
                text22                            1EC48    1EC48      13A     8000       0
                text21                              E80      E80       86      590       0
                text20                            10000    10000     2B96     8000       0
                text19                             14E8     14E8       60      590       0
                text18                              942      942       A4        C       0
                text17                            1DD9C    1DD9C      19C     8000       0
                text16                            13AAC    13AAC      D44     8000       0
                text15                            17FD2    17FD2      6E0     8000       0
                text14                             1D28     1D28       38      590       0
                text13                            1B8E0    1B8E0      47A     8000       0
                text12                             1154     1154       6C      590       0
                text11                             1076     1076       70      590       0
                text10                             20AA     20AA       28      590       0
                text9                             1FF4A    1FF4A       B0     8000       0
                text8                              15A8     15A8       5C      590       0
                text7                              1488     1488       60      590       0
                text6                               B20      B20       94      590       0
                text5                               69A      69A       AE        C       0
                text4                             199AC    199AC      5BA     8000       0
                text3                             147F0    147F0      C6C     8000       0
                text2                             1EEBA    1EEBA      11C     8000       0
                text1                             1545C    1545C      B14     8000       0
                text0                             1D172    1D172      25E     8000       0
                cstackCOMRAM                          1        1       5E        1       1
                cstackBANK0                          60       60       37       60       1
                cstackBANK1                         188      188       6F      100       1
                cstackBANK2                         2F8      2F8        8      200       1
                cstackBANK3                         3C8      3C8       2E      300       1
                bssBIGRAM                           560      560      2D0      560       1
                bssBANK5                            500      500       60      500       1
                dataBANK4                           400      400       C8      400       1
                bssBANK3                            300      300       C8      300       1
                dataBANK2                           200      200       95      200       1
                bssBANK2                            295      295       63      200       1
                dataBANK1                           1F7      1F7        9      100       1
                bssBANK1                            100      100       88      100       1
                bssBANK0                             97       97       35       60       1
                cinit                             1FD24    1FD24       BA     8000       0
                idataBANK4                        1F878    1F878       C8     8000       0
                idataBANK2                          A8A      A8A       95        C       0
                idataBANK1                         2400     2400        9      590       0

TOTAL           Name                               Link     Load   Length     Space
        CLASS   CODE           
                intcodelo                            18       18      67E         0
                intcode                               8        8        6         0
                init                                696      696        4         0
                reset_vec                             0        0        4         0
                text173                            231E     231E       14         0
                text172                            230A     230A       14         0
                text171                            1F94     1F94       32         0
                text170                            1F62     1F62       32         0
                text169                            1DCC     1DCC       36         0
                text168                            239E     239E       12         0
                text167                            238C     238C       12         0
                text166                            2054     2054       2C         0
                text165                            2274     2274       1A         0
                text164                             F06      F06       84         0
                text163                            237A     237A       12         0
                text162                            2148     2148       24         0
                text161                            22F6     22F6       14         0
                text160                            20FA     20FA       28         0
                text159                            23E8     23E8        E         0
                text158                            23DA     23DA        E         0
                text157                            1A44     1A44       50         0
                text156                            1604     1604       5C         0
                text155                            23F6     23F6        A         0
                text154                            1F30     1F30       32         0
                text153                            11C0     11C0       6A         0
                text152                            228E     228E       18         0
                text151                           1FFFC    1FFFC        2         0
                text150                           1F7AE    1F7AE       CA         0
                text149                           1F53E    1F53E       D8         0
                text148                           1E25C    1E25C      188         0
                text147                           1E994    1E994      164         0
                text146                            1C32     1C32       40         0
                text145                            1B6C     1B6C       44         0
                text144                            19F4     19F4       50         0
                text143                           1FC5E    1FC5E       C6         0
                text142                           1CBD8    1CBD8      2E4         0
                text141                           1D61A    1D61A      23E         0
                text140                            12F6     12F6       66         0
                text139                            19A2     19A2       52         0
                text138                           1E82E    1E82E      166         0
                intcode_body                      186B2    186B2      6C8         0
                text136                            1EFE     1EFE       32         0
                text135                           1E556    1E556      172         0
                text133                            1ECC     1ECC       32         0
                text132                            1290     1290       66         0
                text131                            21AE     21AE       20         0
                text130                            1D96     1D96       36         0
                text129                            1950     1950       52         0
                text128                            22E2     22E2       14         0
                text127                            22CE     22CE       14         0
                text126                            22BA     22BA       14         0
                text125                            21EC     21EC       1E         0
                text124                           1FDDE    1FDDE       BA         0
                text123                           1A4FA    1A4FA      52C         0
                text122                            2368     2368       12         0
                text121                            2356     2356       12         0
                text120                            1FF6     1FF6       30         0
                text119                            220A     220A       1C         0
                text118                             D6E      D6E       8A         0
                text117                            22A6     22A6       14         0
                text116                            2080     2080       2A         0
                text115                            225A     225A       1A         0
                text114                            2026     2026       2E         0
                text113                            2344     2344       12         0
                text112                            1CB0     1CB0       3E         0
                text111                            1E9A     1E9A       32         0
                text110                            2332     2332       12         0
                text109                            1424     1424       64         0
                text108                            1BF2     1BF2       40         0
                text107                            218E     218E       20         0
                text106                           1FB98    1FB98       C6         0
                text105                           1F464    1F464       DA         0
                text104                           1FFFA    1FFFA        2         0
                text103                           1F6E2    1F6E2       CC         0
                text102                           1F0D4    1F0D4       EA         0
                text101                           1E0D2    1E0D2      18A         0
                text100                           1E6C8    1E6C8      166         0
                text99                             1BB0     1BB0       42         0
                text98                             1B24     1B24       48         0
                text97                             17B4     17B4       54         0
                text96                            1F616    1F616       CC         0
                text95                            1C8DC    1C8DC      2FC         0
                text94                            1D3D0    1D3D0      24A         0
                text93                             122A     122A       66         0
                text92                             18FE     18FE       52         0
                text91                            1E3E4    1E3E4      172         0
                text90                             2240     2240       1A         0
                text89                             18AC     18AC       52         0
                text88                             1000     1000       76         0
                text87                            193E6    193E6      5C6         0
                text86                             1E02     1E02       34         0
                text85                             1760     1760       54         0
                text84                            1FAD0    1FAD0       C8         0
                text83                             170C     170C       54         0
                text82                            1FE98    1FE98       B2         0
                text81                              F8A      F8A       76         0
                text80                             1E68     1E68       32         0
                text79                             20D2     20D2       28         0
                text78                             10E6     10E6       6E         0
                text77                             1FC6     1FC6       30         0
                text76                            1BD5A    1BD5A      448         0
                text75                             2226     2226       1A         0
                text74                             1ADC     1ADC       48         0
                text73                             185A     185A       52         0
                text72                            1C1A2    1C1A2      404         0
                text71                            1B42E    1B42E      4B2         0
                text70                            1DBFA    1DBFA      1A2         0
                text69                              7F2      7F2       AA         0
                text68                             1660     1660       58         0
                text67                             23CC     23CC        E         0
                text66                             1CEE     1CEE       3A         0
                text65                              DF8      DF8       88         0
                text64                             2122     2122       26         0
                text63                             13C0     13C0       64         0
                text62                            171AC    171AC      728         0
                text61                            1F382    1F382       E2         0
                text60                            1F2A0    1F2A0       E2         0
                text59                             21CE     21CE       1E         0
                text58                              748      748       AA         0
                text57                            1FA08    1FA08       C8         0
                text56                            178D4    178D4      6FE         0
                text55                             135C     135C       64         0
                text54                            12B96    12B96      F16         0
                text53                            1ED82    1ED82      138         0
                text52                             216C     216C       22         0
                text51                             23BE     23BE        E         0
                text50                             23B0     23B0        E         0
                text49                            1EAF8    1EAF8      150         0
                text48                            1C5A6    1C5A6      336         0
                text47                            16964    16964      848         0
                text46                              CDC      CDC       92         0
                text45                              89C      89C       A6         0
                text44                            15F70    15F70      9F4         0
                text43                            18D7A    18D7A      66C         0
                text42                            1DA4E    1DA4E      1AC         0
                text41                            1DF38    1DF38      19A         0
                text40                             1A94     1A94       48         0
                text39                            1F940    1F940       C8         0
                text38                            1F1BE    1F1BE       E2         0
                text37                            19F66    19F66      594         0
                text36                            1AA26    1AA26      526         0
                text35                             1D60     1D60       36         0
                text34                             1E36     1E36       32         0
                text33                             1C72     1C72       3E         0
                text32                              9E6      9E6       A4         0
                text31                            1EFD6    1EFD6       FE         0
                text30                            1AF4C    1AF4C      4E2         0
                text29                             1808     1808       52         0
                text28                              C48      C48       94         0
                text27                             1548     1548       60         0
                text26                              BB4      BB4       94         0
                text25                            1D858    1D858      1F6         0
                text24                             16B8     16B8       54         0
                text23                            1CEBC    1CEBC      2B6         0
                text22                            1EC48    1EC48      13A         0
                text21                              E80      E80       86         0
                text20                            10000    10000     2B96         0
                text19                             14E8     14E8       60         0
                text18                              942      942       A4         0
                text17                            1DD9C    1DD9C      19C         0
                text16                            13AAC    13AAC      D44         0
                text15                            17FD2    17FD2      6E0         0
                text14                             1D28     1D28       38         0
                text13                            1B8E0    1B8E0      47A         0
                text12                             1154     1154       6C         0
                text11                             1076     1076       70         0
                text10                             20AA     20AA       28         0
                text9                             1FF4A    1FF4A       B0         0
                text8                              15A8     15A8       5C         0
                text7                              1488     1488       60         0
                text6                               B20      B20       94         0
                text5                               69A      69A       AE         0
                text4                             199AC    199AC      5BA         0
                text3                             147F0    147F0      C6C         0
                text2                             1EEBA    1EEBA      11C         0
                text1                             1545C    1545C      B14         0
                text0                             1D172    1D172      25E         0
                cinit                             1FD24    1FD24       BA         0
                idataBANK4                        1F878    1F878       C8         0
                idataBANK2                          A8A      A8A       95         0
                idataBANK1                         2400     2400        9         0

        CLASS   CONST          

        CLASS   SMALLCONST     

        CLASS   MEDIUMCONST    
                mediumconst                        E3E6     E3E6     1C1A         0

        CLASS   COMRAM         
                temp                                 5F       5F        1         1
                cstackCOMRAM                          1        1       5E         1

        CLASS   ABS1           

        CLASS   BIGRAM         
                bssBIGRAM                           560      560      2D0         1

        CLASS   RAM            

        CLASS   BANK0          
                cstackBANK0                          60       60       37         1
                bssBANK0                             97       97       35         1

        CLASS   BANK1          
                cstackBANK1                         188      188       6F         1
                dataBANK1                           1F7      1F7        9         1
                bssBANK1                            100      100       88         1

        CLASS   BANK2          
                cstackBANK2                         2F8      2F8        8         1
                dataBANK2                           200      200       95         1
                bssBANK2                            295      295       63         1

        CLASS   BANK3          
                cstackBANK3                         3C8      3C8       2E         1
                bssBANK3                            300      300       C8         1

        CLASS   BANK4          
                dataBANK4                           400      400       C8         1

        CLASS   BANK5          
                bssBANK5                            500      500       60         1

        CLASS   BANK6          

        CLASS   BANK7          

        CLASS   BANK8          

        CLASS   BANK9          

        CLASS   BANK10         

        CLASS   BANK11         

        CLASS   BANK12         

        CLASS   BANK13         

        CLASS   SFR            

        CLASS   BIGSFR         

        CLASS   CONFIG         
                config                           300000   300000        C         4

        CLASS   IDLOC          
                idloc                            200000   200000       10         5

        CLASS   EEDATA         
                eeprom_data                      310000   310000      360         0

        CLASS   FARRAM         

        CLASS   HEAP           

        CLASS   STACK          



SEGMENTS        Name                           Load    Length   Top    Selector   Space  Class

                reset_vec                      000000  000004  000004         0       0  CODE    
                cstackCOMRAM                   000001  00005F  000060         1       1  COMRAM  
                intcode                        000008  000006  00000E         4       0  CODE    
                intcodelo                      000018  000B07  000B1F         C       0  CODE    
                cstackBANK0                    000060  00006C  0000CC        60       1  BANK0   
                bssBANK1                       000100  000100  000200       100       1  BANK1   
                dataBANK2                      000200  000100  000300       200       1  BANK2   
                bssBANK3                       000300  0000F6  0003F6       300       1  BANK3   
                dataBANK4                      000400  0000C8  0004C8       400       1  BANK4   
                bssBANK5                       000500  000060  000560       500       1  BANK5   
                bssBIGRAM                      000560  0002D0  000830       560       1  BIGRAM  
                text6                          000B20  0018E9  002409       590       0  CODE    
                mediumconst                    00E3E6  001C1A  010000      71F3       0  MEDIUMCO
                text20                         010000  00FFFE  01FFFE      8000       0  CODE    
                eeprom_data                    310000  000360  310360    310000       0  EEDATA  


UNUSED ADDRESS RANGES

        Name                Unused          Largest block    Delta
        BANK0            0000CC-0000FF               34
        BANK10           000A00-000AFF              100
        BANK11           000B00-000BFF              100
        BANK12           000C00-000CFF              100
        BANK13           000D00-000DE9               EA
        BANK3            0003F6-0003FF                A
        BANK4            0004C8-0004FF               38
        BANK8            000830-0008FF               D0
        BANK9            000900-0009FF              100
        BIGRAM           0000CC-0000FF               34
                         0003F6-0003FF                A
                         0004C8-0004FF               38
                         000830-000DE9              5BA
        BIGSFR           000DEF-000FFF              211
        CODE             000004-000007                4
                         00000E-000017                A
                         000B1F-000B1F                1
                         002409-00E3E5             BFDD
                         01FFFE-01FFFF                2
        CONST            000004-000007                4
                         00000E-000017                A
                         000B1F-000B1F                1
                         002409-00E3E5             BFDD
                         01FFFE-01FFFF                2
        EEDATA           310360-3103FF               A0
        MEDIUMCONST      002409-00E3E5             BFDD
                         01FFFE-01FFFF                2
        RAM              0000CC-0000FF               34
                         0003F6-0003FF                A
                         0004C8-0004FF               38
                         000830-000DE9              100
        SFR              000DEF-000FFF              100
        SMALLCONST       002409-00E3E5              100
                         01FFFE-01FFFF                2

                                  Symbol Table

?___aodiv                                                 cstackBANK1  000188
?___aomod                                                 cstackBANK1  000188
?___awdiv                                                 cstackBANK1  000188
?___awmod                                                 cstackBANK1  00019A
?___lmul                                                  cstackBANK1  000188
?___lwdiv                                                 cstackBANK1  00018E
?___lwmod                                                 cstackBANK1  000188
?___wmul                                                  cstackBANK1  000188
?_abs                                                     cstackBANK1  00019A
?_ctoa                                                    cstackBANK1  000191
?_days                                                    cstackBANK1  00018D
?_dtoa                                                    cstackBANK1  0001A3
?_getADCResult                                            cstackBANK1  000188
?_pad                                                     cstackBANK1  000198
?_rand                                                    cstackBANK1  000194
?_readActiveSleepCountFromEeprom                          cstackBANK1  00018B
?_readRemainingFertigationOnPeriodFromEeprom              cstackBANK1  00018B
?_sprintf                                                 cstackBANK1  0001E0
?_strlen                                                  cstackBANK1  000188
?_strncmp                                                 cstackBANK1  000188
?_vfpfcnvrt                                               cstackBANK1  0001C7
?_vfprintf                                                cstackBANK1  0001D8
?i1_strncmp                                               cstackBANK0  00007B
?i2___aodiv                                               cstackCOMRAM 000001
?i2___aomod                                               cstackCOMRAM 000001
?i2_abs                                                   cstackCOMRAM 000013
?i2_ctoa                                                  cstackCOMRAM 00000A
?i2_dtoa                                                  cstackCOMRAM 00001C
?i2_pad                                                   cstackCOMRAM 000011
?i2_sprintf                                               cstackCOMRAM 000059
?i2_strlen                                                cstackCOMRAM 000001
?i2_strncmp                                               cstackCOMRAM 000001
?i2_vfpfcnvrt                                             cstackCOMRAM 000040
?i2_vfprintf                                              cstackCOMRAM 000051
LCDpulseEnableNeg@_data                                   cstackBANK1  00018D
LCDwritePCF8574@value                                     cstackBANK1  00018C
_ADACQ                                                    (abs)        000F5C
_ADACT                                                    (abs)        000F56
_ADCAP                                                    (abs)        000F5D
_ADCON0bits                                               (abs)        000F60
_ADCON1                                                   (abs)        000F59
_ADCON2                                                   (abs)        000F5A
_ADCON3                                                   (abs)        000F5B
_ADPCH                                                    (abs)        000F5F
_ADREF                                                    (abs)        000F58
_ADRESH                                                   (abs)        000F64
_ADRESL                                                   (abs)        000F63
_ADRPT                                                    (abs)        000F66
_ANSELA                                                   (abs)        000E92
_ANSELB                                                   (abs)        000E9A
_ANSELD                                                   (abs)        000EA7
_ANSELE                                                   (abs)        000EAF
_ANSELF                                                   (abs)        000EB4
_ANSELG                                                   (abs)        000EBC
_BAUD1CON                                                 (abs)        000F9E
_BAUD3CON                                                 (abs)        000EF0
_BSR                                                      (abs)        000FE0
_CCP1CONbits                                              (abs)        000FAB
_CCP2CONbits                                              (abs)        000FA7
_CCP3CONbits                                              (abs)        000F26
_CCP4CONbits                                              (abs)        000F22
_CCPR1                                                    (abs)        000FA9
_CCPR2                                                    (abs)        000FA5
_CCPR3                                                    (abs)        000F24
_CCPR4                                                    (abs)        000F20
_CCPTMRS0bits                                             (abs)        000FAD
_CPUDOZEbits                                              (abs)        000E42
_DeviceBurnStatus                                         bssBANK1     00013E
_INLVLA                                                   (abs)        000E8E
_INLVLB                                                   (abs)        000E96
_INLVLC                                                   (abs)        000E9E
_INLVLD                                                   (abs)        000EA3
_INLVLE                                                   (abs)        000EAB
_INLVLF                                                   (abs)        000EB0
_INLVLG                                                   (abs)        000EB8
_INLVLH                                                   (abs)        000EBD
_INTCONbits                                               (abs)        000FF2
_IOCBF                                                    (abs)        000E93
_IOCBF0                                                   (abs)        007498
_IOCBN                                                    (abs)        000E94
_IOCBP                                                    (abs)        000E95
_IOCEF                                                    (abs)        000EA8
_IOCEF2                                                   (abs)        007542
_IOCEF3                                                   (abs)        007543
_IOCEN                                                    (abs)        000EA9
_IOCEP                                                    (abs)        000EAA
_IPR0bits                                                 (abs)        000E1F
_IPR3bits                                                 (abs)        000E22
_IPR4bits                                                 (abs)        000E23
_IPR5bits                                                 (abs)        000E24
_LATA                                                     (abs)        000F79
_LATB                                                     (abs)        000F7A
_LATC                                                     (abs)        000F7B
_LATD                                                     (abs)        000F7C
_LATE                                                     (abs)        000F7D
_LATF                                                     (abs)        000F7E
_LATG                                                     (abs)        000F7F
_LATH                                                     (abs)        000F80
_LCDpulseEnableNeg                                        text116      002080
_LCDwritePCF8574                                          text117      0022A6
_LoraConnectionFailed                                     bssBANK1     00013A
_NVMADRH                                                  (abs)        000F75
_NVMADRL                                                  (abs)        000F74
_NVMCON1bits                                              (abs)        000F77
_NVMCON2                                                  (abs)        000F78
_NVMDAT                                                   (abs)        000F76
_NotDR1_84                                                mediumconst  00EE51
_NotDR2_84                                                mediumconst  00EE02
_NotDR3_67                                                mediumconst  00EF24
_NotDR4_72                                                mediumconst  00EEA0
_NotFert5_33                                              mediumconst  00F128
_NotFert6_33                                              mediumconst  00F10C
_NotFert7_70                                              mediumconst  00EEE3
_NotFert8_59                                              mediumconst  00EF62
_NotIrr4_30                                               mediumconst  00F178
_NotIrr5_30                                               mediumconst  00F15F
_NotIrr6_54                                               mediumconst  00F000
_NotIrr7_16                                               mediumconst  00EDD4
_NotIrr8_48                                               mediumconst  00F05C
_NotIrr9_48                                               mediumconst  00F031
_NotMS1_57                                                mediumconst  00EF98
_NotMotor1_55                                             mediumconst  00EFCC
_NotPh1_50                                                mediumconst  00EC6C
_NotPh2_72                                                mediumconst  00EB3E
_NotPh3_23                                                mediumconst  00ED9A
_NotPh6_22                                                mediumconst  00EDAE
_NotRTC1_30                                               mediumconst  00F144
_NotRTC2_6                                                mediumconst  00F2B5
_NotRTC3_7                                                mediumconst  00F27E
_NotRTC4_36                                               mediumconst  00F0EB
_NotRTC6_36                                               mediumconst  00F0CA
_NotSLV1_39                                               mediumconst  00F087
_NotSLV2_6                                                mediumconst  00F2AE
_NotSLV3_7                                                mediumconst  00F276
_NotSLV4_38                                               mediumconst  00F0A9
_NotSR01_59                                               mediumconst  00EBC3
_NotSR02_76                                               mediumconst  00E9D3
_NotSR03_73                                               mediumconst  00EA68
_NotSR04_75                                               mediumconst  00EA1E
_NotSR05_80                                               mediumconst  00E984
_NotSR06_72                                               mediumconst  00EAF7
_NotSR07_72                                               mediumconst  00EAB0
_NotSR08_36                                               mediumconst  00ECF0
_NotSR09_30                                               mediumconst  00ED7B
_NotSR10_35                                               mediumconst  00ED15
_NotSR11_40                                               mediumconst  00ECC7
_NotSR12_32                                               mediumconst  00ED5A
_NotSR13_32                                               mediumconst  00ED39
_NotSR14_58                                               mediumconst  00EBFF
_NotSR15_49                                               mediumconst  00EC3A
_ODCONA                                                   (abs)        000E90
_ODCONB                                                   (abs)        000E98
_ODCONC                                                   (abs)        000EA0
_ODCOND                                                   (abs)        000EA5
_ODCONE                                                   (abs)        000EAD
_ODCONF                                                   (abs)        000EB2
_ODCONG                                                   (abs)        000EBA
_ODCONH                                                   (abs)        000EBF
_OSCENbits                                                (abs)        000E47
_PCON0bits                                                (abs)        000FD7
_PIE0bits                                                 (abs)        000E29
_PIE3bits                                                 (abs)        000E2C
_PIE4bits                                                 (abs)        000E2D
_PIE5bits                                                 (abs)        000E2E
_PIR0bits                                                 (abs)        000E33
_PIR3bits                                                 (abs)        000E36
_PIR4bits                                                 (abs)        000E37
_PIR5bits                                                 (abs)        000E38
_PORTBbits                                                (abs)        000F8A
_PORTCbits                                                (abs)        000F8B
_PORTDbits                                                (abs)        000F8C
_PORTEbits                                                (abs)        000F8D
_PORTFbits                                                (abs)        000F8E
_PORTGbits                                                (abs)        000F8F
_PORTHbits                                                (abs)        000F90
_RC1REG                                                   (abs)        000F98
_RC1STA                                                   (abs)        000F9C
_RC1STAbits                                               (abs)        000F9C
_RC3PPS                                                   (abs)        000E65
_RC3REG                                                   (abs)        000EEA
_RC3STA                                                   (abs)        000EEE
_RC3STAbits                                               (abs)        000EEE
_RC4PPS                                                   (abs)        000E66
_RC6PPS                                                   (abs)        000E68
_RC7PPS                                                   (abs)        000E69
_RD5PPS                                                   (abs)        000E6F
_RD6PPS                                                   (abs)        000E70
_RE0PPS                                                   (abs)        000E72
_RE1PPS                                                   (abs)        000E73
_SLRCONA                                                  (abs)        000E8F
_SLRCONB                                                  (abs)        000E97
_SLRCONC                                                  (abs)        000E9F
_SLRCOND                                                  (abs)        000EA4
_SLRCONE                                                  (abs)        000EAC
_SLRCONF                                                  (abs)        000EB1
_SLRCONG                                                  (abs)        000EB9
_SLRCONH                                                  (abs)        000EBE
_SP1BRG                                                   (abs)        000F9A
_SP3BRG                                                   (abs)        000EEC
_SSP1ADD                                                  (abs)        000F92
_SSP1BUF                                                  (abs)        000F91
_SSP1CLKPPS                                               (abs)        000E19
_SSP1CON1                                                 (abs)        000F95
_SSP1CON2                                                 (abs)        000F96
_SSP1CON2bits                                             (abs)        000F96
_SSP1DATPPS                                               (abs)        000E1A
_SSP1STAT                                                 (abs)        000F94
_SSP1STATbits                                             (abs)        000F94
_SSP2ADD                                                  (abs)        000ED6
_SSP2BUF                                                  (abs)        000ED5
_SSP2CLKPPS                                               (abs)        000E1C
_SSP2CON1                                                 (abs)        000ED9
_SSP2CON2                                                 (abs)        000EDA
_SSP2CON2bits                                             (abs)        000EDA
_SSP2DATPPS                                               (abs)        000E1D
_SSP2STAT                                                 (abs)        000ED8
_SSP2STATbits                                             (abs)        000ED8
_SmsAU4_63                                                mediumconst  00EB83
_T0CON0                                                   (abs)        000FD5
_T0CON0bits                                               (abs)        000FD5
_T0CON1                                                   (abs)        000FD6
_T1CON                                                    (abs)        000FCF
_T1CONbits                                                (abs)        000FCF
_T2CLKCONbits                                             (abs)        000FBF
_T2CONbits                                                (abs)        000FBD
_T2PR                                                     (abs)        000FBC
_T2TMR                                                    (abs)        000FBB
_T3CON                                                    (abs)        000FC9
_T3CONbits                                                (abs)        000FC9
_TMR0H                                                    (abs)        000FD4
_TMR0L                                                    (abs)        000FD3
_TMR1CLK                                                  (abs)        000FD2
_TMR1H                                                    (abs)        000FCE
_TMR1L                                                    (abs)        000FCD
_TMR3CLK                                                  (abs)        000FCC
_TMR3H                                                    (abs)        000FC8
_TMR3L                                                    (abs)        000FC7
_TRISA                                                    (abs)        000F81
_TRISB                                                    (abs)        000F82
_TRISC                                                    (abs)        000F83
_TRISD                                                    (abs)        000F84
_TRISE                                                    (abs)        000F85
_TRISF                                                    (abs)        000F86
_TRISG                                                    (abs)        000F87
_TRISH                                                    (abs)        000F88
_TX1REG                                                   (abs)        000F99
_TX1STA                                                   (abs)        000F9D
_TX3REG                                                   (abs)        000EEB
_TX3STA                                                   (abs)        000EEF
_Timer0Overflow                                           bssBANK0     0000BE
_Timer1Overflow                                           bssBANK1     000155
_Timer3Overflow                                           bssBANK1     000154
_WDTCON0bits                                              (abs)        000E3D
_WPUA                                                     (abs)        000E91
_WPUB                                                     (abs)        000E99
_WPUC                                                     (abs)        000EA1
_WPUD                                                     (abs)        000EA6
_WPUE                                                     (abs)        000EAE
_WPUF                                                     (abs)        000EB3
_WPUG                                                     (abs)        000EBB
_WPUH                                                     (abs)        000EC0
__HRAM                                                    (abs)        000000
__Habs1                                                   abs1         000000
__Hbank0                                                  bank0        000000
__Hbank1                                                  bank1        000000
__Hbank10                                                 bank10       000000
__Hbank11                                                 bank11       000000
__Hbank12                                                 bank12       000000
__Hbank13                                                 bank13       000000
__Hbank2                                                  bank2        000000
__Hbank3                                                  bank3        000000
__Hbank4                                                  bank4        000000
__Hbank5                                                  bank5        000000
__Hbank6                                                  bank6        000000
__Hbank7                                                  bank7        000000
__Hbank8                                                  bank8        000000
__Hbank9                                                  bank9        000000
__Hbigbss                                                 bigbss       000000
__Hbigdata                                                bigdata      000000
__Hbigram                                                 bigram       000000
__Hbigsfr                                                 bigsfr       000000
__Hbss                                                    bss          000000
__HbssBANK0                                               bssBANK0     000000
__HbssBANK1                                               bssBANK1     000000
__HbssBANK2                                               bssBANK2     000000
__HbssBANK3                                               bssBANK3     000000
__HbssBANK5                                               bssBANK5     000000
__HbssBIGRAM                                              bssBIGRAM    000000
__Hcinit                                                  cinit        000000
__Hclrtext                                                clrtext      000000
__Hcomram                                                 comram       000000
__Hconfig                                                 config       30000C
__Hconst                                                  const        000000
__HcstackBANK0                                            cstackBANK0  000000
__HcstackBANK1                                            cstackBANK1  000000
__HcstackBANK2                                            cstackBANK2  000000
__HcstackBANK3                                            cstackBANK3  000000
__HcstackCOMRAM                                           cstackCOMRAM 000000
__Hdata                                                   data         000000
__HdataBANK1                                              dataBANK1    000000
__HdataBANK2                                              dataBANK2    000000
__HdataBANK4                                              dataBANK4    000000
__Heeprom_data                                            eeprom_data  310360
__Hfarbss                                                 farbss       000000
__Hfardata                                                fardata      000000
__Hheap                                                   heap         000000
__Hibigdata                                               ibigdata     000000
__Hidata                                                  idata        000000
__HidataBANK1                                             idataBANK1   000000
__HidataBANK2                                             idataBANK2   000000
__HidataBANK4                                             idataBANK4   000000
__Hidloc                                                  idloc        200010
__Hifardata                                               ifardata     000000
__Hinit                                                   init         00069A
__Hintcode                                                intcode      00000E
__Hintcode_body                                           intcode_body 000000
__Hintcodelo                                              intcodelo    000696
__Hintentry                                               intentry     000000
__Hintret                                                 intret       000000
__Hintsave_regs                                           intsave_regs 000000
__Hirdata                                                 irdata       000000
__Hmediumconst                                            mediumconst  010000
__HnvFARRAM                                               nvFARRAM     000000
__Hnvbit                                                  nvbit        000000
__Hnvrram                                                 nvrram       000000
__Hparam                                                  rparam       000000
__Hpowerup                                                powerup      000696
__Hram                                                    ram          000000
__Hramtop                                                 ramtop       000E00
__Hrbit                                                   rbit         000000
__Hrbss                                                   rbss         000000
__Hrdata                                                  rdata        000000
__Hreset_vec                                              reset_vec    000004
__Hrparam                                                 rparam       000000
__Hsfr                                                    sfr          000000
__Hsmallconst                                             smallconst   000000
__Hspace_0                                                (abs)        310360
__Hspace_1                                                (abs)        000830
__Hspace_2                                                (abs)        000000
__Hspace_4                                                (abs)        60000C
__Hstack                                                  stack        000000
__Hstruct                                                 struct       000000
__Htemp                                                   temp         000060
__Htext                                                   text         000000
__Htext0                                                  text0        000000
__Htext1                                                  text1        000000
__Htext10                                                 text10       000000
__Htext100                                                text100      000000
__Htext101                                                text101      000000
__Htext102                                                text102      000000
__Htext103                                                text103      000000
__Htext104                                                text104      000000
__Htext105                                                text105      000000
__Htext106                                                text106      000000
__Htext107                                                text107      000000
__Htext108                                                text108      000000
__Htext109                                                text109      000000
__Htext11                                                 text11       000000
__Htext110                                                text110      000000
__Htext111                                                text111      000000
__Htext112                                                text112      000000
__Htext113                                                text113      000000
__Htext114                                                text114      000000
__Htext115                                                text115      000000
__Htext116                                                text116      000000
__Htext117                                                text117      000000
__Htext118                                                text118      000000
__Htext119                                                text119      000000
__Htext12                                                 text12       000000
__Htext120                                                text120      000000
__Htext121                                                text121      000000
__Htext122                                                text122      000000
__Htext123                                                text123      000000
__Htext124                                                text124      000000
__Htext125                                                text125      000000
__Htext126                                                text126      000000
__Htext127                                                text127      000000
__Htext128                                                text128      000000
__Htext129                                                text129      000000
__Htext13                                                 text13       000000
__Htext130                                                text130      000000
__Htext131                                                text131      000000
__Htext132                                                text132      000000
__Htext133                                                text133      000000
__Htext135                                                text135      000000
__Htext136                                                text136      000000
__Htext138                                                text138      000000
__Htext139                                                text139      000000
__Htext14                                                 text14       000000
__Htext140                                                text140      000000
__Htext141                                                text141      000000
__Htext142                                                text142      000000
__Htext143                                                text143      000000
__Htext144                                                text144      000000
__Htext145                                                text145      000000
__Htext146                                                text146      000000
__Htext147                                                text147      000000
__Htext148                                                text148      000000
__Htext149                                                text149      000000
__Htext15                                                 text15       000000
__Htext150                                                text150      000000
__Htext151                                                text151      000000
__Htext152                                                text152      000000
__Htext153                                                text153      000000
__Htext154                                                text154      000000
__Htext155                                                text155      000000
__Htext156                                                text156      000000
__Htext157                                                text157      000000
__Htext158                                                text158      000000
__Htext159                                                text159      000000
__Htext16                                                 text16       000000
__Htext160                                                text160      000000
__Htext161                                                text161      000000
__Htext162                                                text162      000000
__Htext163                                                text163      000000
__Htext164                                                text164      000000
__Htext165                                                text165      000000
__Htext166                                                text166      000000
__Htext167                                                text167      000000
__Htext168                                                text168      000000
__Htext169                                                text169      000000
__Htext17                                                 text17       000000
__Htext170                                                text170      000000
__Htext171                                                text171      000000
__Htext172                                                text172      000000
__Htext173                                                text173      000000
__Htext18                                                 text18       000000
__Htext19                                                 text19       000000
__Htext2                                                  text2        000000
__Htext20                                                 text20       000000
__Htext21                                                 text21       000000
__Htext22                                                 text22       000000
__Htext23                                                 text23       000000
__Htext24                                                 text24       000000
__Htext25                                                 text25       000000
__Htext26                                                 text26       000000
__Htext27                                                 text27       000000
__Htext28                                                 text28       000000
__Htext29                                                 text29       000000
__Htext3                                                  text3        000000
__Htext30                                                 text30       000000
__Htext31                                                 text31       000000
__Htext32                                                 text32       000000
__Htext33                                                 text33       000000
__Htext34                                                 text34       000000
__Htext35                                                 text35       000000
__Htext36                                                 text36       000000
__Htext37                                                 text37       000000
__Htext38                                                 text38       000000
__Htext39                                                 text39       000000
__Htext4                                                  text4        000000
__Htext40                                                 text40       000000
__Htext41                                                 text41       000000
__Htext42                                                 text42       000000
__Htext43                                                 text43       000000
__Htext44                                                 text44       000000
__Htext45                                                 text45       000000
__Htext46                                                 text46       000000
__Htext47                                                 text47       000000
__Htext48                                                 text48       000000
__Htext49                                                 text49       000000
__Htext5                                                  text5        000000
__Htext50                                                 text50       000000
__Htext51                                                 text51       000000
__Htext52                                                 text52       000000
__Htext53                                                 text53       000000
__Htext54                                                 text54       000000
__Htext55                                                 text55       000000
__Htext56                                                 text56       000000
__Htext57                                                 text57       000000
__Htext58                                                 text58       000000
__Htext59                                                 text59       000000
__Htext6                                                  text6        000000
__Htext60                                                 text60       000000
__Htext61                                                 text61       000000
__Htext62                                                 text62       000000
__Htext63                                                 text63       000000
__Htext64                                                 text64       000000
__Htext65                                                 text65       000000
__Htext66                                                 text66       000000
__Htext67                                                 text67       000000
__Htext68                                                 text68       000000
__Htext69                                                 text69       000000
__Htext7                                                  text7        000000
__Htext70                                                 text70       000000
__Htext71                                                 text71       000000
__Htext72                                                 text72       000000
[...]
strncmp@_l                                                cstackBANK1  000188
strncmp@_r                                                cstackBANK1  00018A
strncmp@l                                                 cstackBANK1  000190
strncmp@n                                                 cstackBANK1  00018C
strncmp@r                                                 cstackBANK1  000192
strncpy@cp                                                cstackBANK1  00018E
strncpy@d                                                 cstackBANK1  000188
strncpy@n                                                 cstackBANK1  00018C
strncpy@s                                                 cstackBANK1  00018A
transmitNumberToGSM@index                                 cstackBANK1  00018B
transmitNumberToGSM@j                                     cstackBANK1  00018F
transmitNumberToGSM@number                                cstackBANK1  000189
transmitNumberToLora@index                                cstackBANK1  00018B
transmitNumberToLora@j                                    cstackBANK1  00018D
transmitNumberToLora@number                               cstackBANK1  000189
transmitStringToGSM@string                                cstackBANK1  000189
transmitStringToLora@string                               cstackBANK1  000189
ttemp5                                                    temp         000060
ttemp6                                                    temp         000063
ttemp7                                                    temp         000067
txByte@serialData                                         cstackBANK1  000188
txByteLora@serialData                                     cstackBANK1  000188
vfpfcnvrt@ap                                              cstackBANK1  0001CB
vfpfcnvrt@c                                               cstackBANK1  0001D7
vfpfcnvrt@fmt                                             cstackBANK1  0001C9
vfpfcnvrt@fp                                              cstackBANK1  0001C7
vfpfcnvrt@ll                                              cstackBANK1  0001CF
vfprintf@ap                                               cstackBANK1  0001DC
vfprintf@cfmt                                             cstackBANK1  0001DE
vfprintf@fmt                                              cstackBANK1  0001DA
vfprintf@fp                                               cstackBANK1  0001D8
wtemp8                                                    temp         000060


MODULE INFORMATION

Module		Function		Class		Link	Load	Size
gprs.c
		_publishResponse		CODE           	1AF4C	0000	1250
		_configureMQTT 		CODE           	16964	0000	2120
		_rxByte        		CODE           	231E	0000	20
		_txByte        		CODE           	2240	0000	26
		_setGsmToLocalTime		CODE           	199AC	0000	1466
		_publishNotification		CODE           	193E6	0000	1478
		_transmitStringToGSM		CODE           	1000	0000	118
		_transmitNumberToGSM		CODE           	18AC	0000	82

gprs.c estimated size: 6560

C:\Program Files\Microchip\xc8\v2.35\pic\sources\c99\common\putch.c
		_putch         		CODE           	1FFFA	0000	2

C:\Program Files\Microchip\xc8\v2.35\pic\sources\c99\common\putch.c estimated size: 2

C:\Program Files\Microchip\xc8\v2.35\pic\sources\c99\common\rand.c
		_srand         		CODE           	20AA	0000	40
		_rand          		CODE           	1076	0000	112

C:\Program Files\Microchip\xc8\v2.35\pic\sources\c99\common\rand.c estimated size: 152

C:\Program Files\Microchip\xc8\v2.35\pic\sources\c99\common\aodiv.c
		___aodiv       		CODE           	1E0D2	0000	394

C:\Program Files\Microchip\xc8\v2.35\pic\sources\c99\common\aodiv.c estimated size: 394

C:\Program Files\Microchip\xc8\v2.35\pic\sources\c99\common\nf_sprintf.c
		_sprintf       		CODE           	18FE	0000	82

C:\Program Files\Microchip\xc8\v2.35\pic\sources\c99\common\nf_sprintf.c estimated size: 82

i2c.c
		_lcd_i2cWait   		CODE           	1FF6	0000	48
		_lcd_i2cStop   		CODE           	2356	0000	18
		_lcd_i2cWrite  		CODE           	220A	0000	28
		_lcd_i2cStart  		CODE           	2368	0000	18
		_rtc_i2cRead   		CODE           	1950	0000	82
		_rtc_i2cWait   		CODE           	1D96	0000	54
		_rtc_i2cStop   		CODE           	22BA	0000	20
		_rtc_i2cWrite  		CODE           	21EC	0000	30
		_rtc_i2cStart  		CODE           	22CE	0000	20
		_lcd_i2cWriteByteSingleReg		CODE           	0D6E	0000	138
		_rtc_i2cRestart		CODE           	22E2	0000	20

i2c.c estimated size: 476

C:\Program Files\Microchip\xc8\v2.35\pic\sources\c99\common\nf_fputc.c
		_fputc         		CODE           	1F6E2	0000	204

C:\Program Files\Microchip\xc8\v2.35\pic\sources\c99\common\nf_fputc.c estimated size: 204

C:\Program Files\Microchip\xc8\v2.35\pic\sources\c99\common\lwdiv.c
		___lwdiv       		CODE           	0F8A	0000	118

C:\Program Files\Microchip\xc8\v2.35\pic\sources\c99\common\lwdiv.c estimated size: 118

C:\Program Files\Microchip\xc8\v2.35\pic\sources\c99\common\Umul16.c
		___wmul        		CODE           	20D2	0000	40

C:\Program Files\Microchip\xc8\v2.35\pic\sources\c99\common\Umul16.c estimated size: 40

C:\Program Files\Microchip\xc8\v2.35\pic\sources\c99\common\awdiv.c
		___awdiv       		CODE           	1FB98	0000	198

C:\Program Files\Microchip\xc8\v2.35\pic\sources\c99\common\awdiv.c estimated size: 198

main_1.c
		_timerInterrupt_handler		CODE           	0018	0000	1662
		_main          		CODE           	1D172	0000	606
		_rxANDiocInterrupt_handler		CODE           	0008	0000	1742

main_1.c estimated size: 4010

lora.c
		_isLoraResponseAck		CODE           	1BD5A	0000	1096
		_rxByteLora    		CODE           	230A	0000	20
		_txByteLora    		CODE           	2226	0000	26
		_transmitStringToLora		CODE           	185A	0000	82
		_transmitNumberToLora		CODE           	1ADC	0000	72
		_sendCmdToLora 		CODE           	1C1A2	0000	1028

lora.c estimated size: 2324

C:\Program Files\Microchip\xc8\v2.35\pic\sources\c99\common\strncmp.c
		_strncmp       		CODE           	1E3E4	0000	370

C:\Program Files\Microchip\xc8\v2.35\pic\sources\c99\common\strncmp.c estimated size: 370

C:\Program Files\Microchip\xc8\v2.35\pic\sources\c99\common\strncpy.c
		_strncpy       		CODE           	0E80	0000	134

C:\Program Files\Microchip\xc8\v2.35\pic\sources\c99\common\strncpy.c estimated size: 134

eeprom.c
		_saveActiveSleepCountIntoEeprom		CODE           	0748	0000	170
		_saveDeviceIDIntoEeprom		CODE           	0C48	0000	148
		_readRemainingFertigationOnPeriodFromEeprom		CODE           	1F2A0	0000	226
		_saveIrrigationValveConfigurationStatusIntoEeprom		CODE           	16B8	0000	84
		_readValveDataFromEeprom		CODE           	13AAC	0000	3396
		_saveFertigationValveStatusIntoEeprom		CODE           	1FA08	0000	200
		_saveFieldMappingIntoEeprom		CODE           	0BB4	0000	148
		_saveFactryPswrdIntoEeprom		CODE           	0B20	0000	148
		_eepromWrite   		CODE           	1E02	0000	52
		_saveMotorLoadValuesIntoEeprom		CODE           	1EC48	0000	314
		_readFieldIrrigationValveNoFromEeprom		CODE           	13C0	0000	100
		_readActiveSleepCountFromEeprom		CODE           	1F382	0000	226
		_saveIrrigationValveValuesIntoEeprom		CODE           	1CEBC	0000	694
		_saveIrrigationValveCycleStatusIntoEeprom		CODE           	1760	0000	84
		_saveIrrigationValveNoIntoEeprom		CODE           	135C	0000	100
		_saveDeviceIdStatus		CODE           	1548	0000	96
		_saveAuthenticationStatus		CODE           	1808	0000	82
		_saveIrrigationValveOnOffStatusIntoEeprom		CODE           	170C	0000	84
		_saveIrrigationValveDueTimeIntoEeprom		CODE           	1FAD0	0000	200
		_saveFiltrationSequenceData		CODE           	1D858	0000	502
		_saveFertigationValveValuesIntoEeprom		CODE           	178D4	0000	1790
		_saveDeviceProgramStatusIntoEeprom		CODE           	1488	0000	96
		_saveRTCBatteryStatus		CODE           	14E8	0000	96
		_readMotorLoadValuesFromEeprom		CODE           	1DD9C	0000	412
		_readDeviceProgramStatusFromEeprom		CODE           	15A8	0000	92
		_saveRemainingFertigationOnPeriod		CODE           	089C	0000	166
		_loadDataFromEeprom		CODE           	17FD2	0000	1760
		_eepromRead    		CODE           	2122	0000	38

eeprom.c estimated size: 11504

C:\Program Files\Microchip\xc8\v2.35\pic\sources\c99\common\abs.c
		_abs           		CODE           	1BB0	0000	66

C:\Program Files\Microchip\xc8\v2.35\pic\sources\c99\common\abs.c estimated size: 66

C:\Program Files\Microchip\xc8\v2.35\pic\sources\c99\common\Umul32.c
		___lmul        		CODE           	1154	0000	108

C:\Program Files\Microchip\xc8\v2.35\pic\sources\c99\common\Umul32.c estimated size: 108

shared
		_cmd18_12      		MEDIUMCONST    	F1DD	0000	13
		_cmd2_9        		MEDIUMCONST    	F25A	0000	10
		i2_vfpfcnvrt   		CODE           	1D61A	0000	574
		_mqttConnect   		MEDIUMCONST    	EDC1	0000	19
		i2_pad         		CODE           	1FC5E	0000	198
		_extract       		MEDIUMCONST    	F296	0000	8
		i2_abs         		CODE           	1C32	0000	64
		_NotSR11_40    		MEDIUMCONST    	ECC7	0000	41
		i2_lcdCreateChar		CODE           	1A44	0000	80
		i2_lcdSend     		CODE           	20FA	0000	40
		_cmd3_9        		MEDIUMCONST    	F250	0000	10
		i2_lcd_i2cWait 		CODE           	2054	0000	44
		i2_lcd_i2cStop 		CODE           	238C	0000	18
		_NotSR03_73    		MEDIUMCONST    	EA68	0000	72
		i2_putch       		CODE           	1FFFC	0000	2
		_NotDR3_67     		MEDIUMCONST    	EF24	0000	62
		_cmd18_7       		MEDIUMCONST    	F286	0000	8
		_map           		MEDIUMCONST    	F32E	0000	4
		_fdata         		MEDIUMCONST    	F2FE	0000	6
		_NotSR14_58    		MEDIUMCONST    	EBFF	0000	59
		_NotIrr4_30    		MEDIUMCONST    	F178	0000	25
		_NotSLV3_7     		MEDIUMCONST    	F276	0000	8
		_cmd16_9       		MEDIUMCONST    	F246	0000	10
		i1_strncmp     		CODE           	1E556	0000	370
		_disable       		MEDIUMCONST    	F2A6	0000	8
		_cmd19_10      		MEDIUMCONST    	F21A	0000	11
		i2_strncmp     		CODE           	1E82E	0000	358
		_NotSR06_72    		MEDIUMCONST    	EAF7	0000	71
		_getfreq       		MEDIUMCONST    	F30A	0000	5
		_NotIrr7_16    		MEDIUMCONST    	EDD4	0000	15
		_NotRTC2_6     		MEDIUMCONST    	F2B5	0000	7
		i2_lcd_i2cWrite		CODE           	2274	0000	26
		_NotSR09_30    		MEDIUMCONST    	ED7B	0000	31
		_NotPh1_50     		MEDIUMCONST    	EC6C	0000	47
		i2_lcd_i2cStart		CODE           	239E	0000	18
		_feed          		MEDIUMCONST    	F30F	0000	5
		i2_vfprintf    		CODE           	12F6	0000	102
		_active        		MEDIUMCONST    	F2D8	0000	7
		_NotMotor1_55  		MEDIUMCONST    	EFCC	0000	52
		_slave         		MEDIUMCONST    	F2F2	0000	6
		_alive1        		MEDIUMCONST    	F304	0000	6
		_cmd14_11      		MEDIUMCONST    	F1F6	0000	12
		i2_ctoa        		CODE           	1F53E	0000	216
		_NotMS1_57     		MEDIUMCONST    	EF98	0000	52
		i2_lcdSetCursor		CODE           	1604	0000	92
		_eepromAddress 		MEDIUMCONST    	EC9B	0000	44
		_sensor        		MEDIUMCONST    	F2CA	0000	7
		_NotSR10_35    		MEDIUMCONST    	ED15	0000	36
		i2_dtoa        		CODE           	1CBD8	0000	740
		_enable        		MEDIUMCONST    	F2DF	0000	7
		_NotSR02_76    		MEDIUMCONST    	E9D3	0000	75
		_cmqttError    		MEDIUMCONST    	F1CF	0000	14
		_NotDR1_84     		MEDIUMCONST    	EE51	0000	79
		_countryCode   		MEDIUMCONST    	EDFB	0000	4
		_set           		MEDIUMCONST    	F332	0000	4
		i2_lcdDataWrite		CODE           	23DA	0000	14
		_alive         		MEDIUMCONST    	F2E6	0000	6
		i2_removeIcon  		CODE           	228E	0000	24
		_NotSR13_32    		MEDIUMCONST    	ED39	0000	33
		_NotSLV2_6     		MEDIUMCONST    	F2AE	0000	7
		i2_fetchDigits 		CODE           	11C0	0000	106
		_NotDR4_72     		MEDIUMCONST    	EEA0	0000	67
		__initialization		CODE           	1FD24	0000	176
		_NotSR05_80    		MEDIUMCONST    	E984	0000	79
		_cmd4_7        		MEDIUMCONST    	F28E	0000	8
		_cmd7_17       		MEDIUMCONST    	F191	0000	18
		_NotIrr6_54    		MEDIUMCONST    	F000	0000	49
		i2_clearFieldByte		CODE           	1F62	0000	50
		_NotRTC1_30    		MEDIUMCONST    	F144	0000	27
		_ok            		MEDIUMCONST    	EDFF	0000	3
		_NotSR08_36    		MEDIUMCONST    	ECF0	0000	37
		_lowbattery    		MEDIUMCONST    	F1A3	0000	16
		_cmd9_11       		MEDIUMCONST    	F20E	0000	12
		i1_clearDecodedString		CODE           	1EFE	0000	50
		_dactive       		MEDIUMCONST    	F29E	0000	8
		i2_clearDecodedString		CODE           	1F94	0000	50
		_NotIrr9_48    		MEDIUMCONST    	F031	0000	43
		_NotPh2_72     		MEDIUMCONST    	EB3E	0000	69
		_NotRTC4_36    		MEDIUMCONST    	F0EB	0000	33
		_ct            		MEDIUMCONST    	F32A	0000	4
		_on            		MEDIUMCONST    	F336	0000	3
		i2___aodiv     		CODE           	1E25C	0000	392
		_cmd10_10      		MEDIUMCONST    	F225	0000	11
		_cmd6_10       		MEDIUMCONST    	F230	0000	11
		_error         		MEDIUMCONST    	F2EC	0000	6
		_idle          		MEDIUMCONST    	EDF6	0000	5
		i2_sprintf     		CODE           	19A2	0000	82
		i2_lcdWriteChar		CODE           	23F6	0000	10
		_SmsAU4_63     		MEDIUMCONST    	EB83	0000	64
		_NotFert7_70   		MEDIUMCONST    	EEE3	0000	65
		_NotFert5_33   		MEDIUMCONST    	F128	0000	28
		_NotFert6_33   		MEDIUMCONST    	F10C	0000	28
		_NotFert8_59   		MEDIUMCONST    	EF62	0000	54
		_inject        		MEDIUMCONST    	EDEF	0000	7
		i2_lcdCommandWrite		CODE           	23E8	0000	14
		_NotSR01_59    		MEDIUMCONST    	EBC3	0000	60
		_mqtt_ca       		MEDIUMCONST    	E3E7	0000	1437
		i2_displayIcon 		CODE           	1F30	0000	50
		_NotSR12_32    		MEDIUMCONST    	ED5A	0000	33
		i2_lcd_i2cWriteByteSingleReg		CODE           	0F06	0000	132
		_NotDR2_84     		MEDIUMCONST    	EE02	0000	79
		_NotSLV1_39    		MEDIUMCONST    	F087	0000	34
		_getct         		MEDIUMCONST    	F326	0000	4
		_cmd11_11      		MEDIUMCONST    	F202	0000	12
		_secret        		MEDIUMCONST    	EDE3	0000	12
		_hold          		MEDIUMCONST    	F319	0000	5
		_NotSR04_75    		MEDIUMCONST    	EA1E	0000	74
		i2___aomod     		CODE           	1E994	0000	356
		_master        		MEDIUMCONST    	F2D1	0000	7
		_ack           		MEDIUMCONST    	F31E	0000	4
		_off           		MEDIUMCONST    	F322	0000	4
		_cmd17_11      		MEDIUMCONST    	F1EA	0000	12
		_NotSR15_49    		MEDIUMCONST    	EC3A	0000	50
		_NotIrr5_30    		MEDIUMCONST    	F15F	0000	25
		i2_fputc       		CODE           	1F7AE	0000	202
		_NotSLV4_38    		MEDIUMCONST    	F0A9	0000	33
		i2_fputs       		CODE           	1B6C	0000	68
		i2_strlen      		CODE           	19F4	0000	80
		_cmd8_13       		MEDIUMCONST    	F1C1	0000	14
		_NotSR07_72    		MEDIUMCONST    	EAB0	0000	71
		_admin         		MEDIUMCONST    	F339	0000	3
		_cmd1_6        		MEDIUMCONST    	F2C3	0000	7
		_NotIrr8_48    		MEDIUMCONST    	F05C	0000	43
		_NotRTC3_7     		MEDIUMCONST    	F27E	0000	8
		_resetslave    		MEDIUMCONST    	F23B	0000	11
		_setct         		MEDIUMCONST    	F2F8	0000	6
		_cmd15_6       		MEDIUMCONST    	F2BC	0000	7
		_cmd5_8        		MEDIUMCONST    	F26D	0000	9
		_time          		MEDIUMCONST    	F314	0000	5
		_NotPh3_23     		MEDIUMCONST    	ED9A	0000	20
		i2_LCDwritePCF8574		CODE           	237A	0000	18
		_cmd13_8       		MEDIUMCONST    	F264	0000	9
		_cmd12_13      		MEDIUMCONST    	F1B3	0000	14
		i2_LCDpulseEnableNeg		CODE           	2148	0000	36
		_NotPh6_22     		MEDIUMCONST    	EDAE	0000	19
		_NotRTC6_36    		MEDIUMCONST    	F0CA	0000	33
		i2_lcdWrite4Bits		CODE           	22F6	0000	20
		i2_clearGsmResponse		CODE           	1DCC	0000	54

shared estimated size: 8851

ADC.c
		_getADCResult  		CODE           	1A94	0000	72
		_selectChannel 		CODE           	1F940	0000	200

ADC.c estimated size: 272

i2c_LCD_PCF8574.c
		_lcdWriteStringIndex		CODE           	1CB0	0000	62
		_displayIcon   		CODE           	1CEE	0000	58
		_lcdSetCursor  		CODE           	1424	0000	100
		_lcdDisplayOn  		CODE           	23B0	0000	14
		_LCDwritePCF8574		CODE           	22A6	0000	20
		_lcdDisplayOff 		CODE           	23BE	0000	14
		_LCDpulseEnableNeg		CODE           	2080	0000	42
		_lcdClear      		CODE           	216C	0000	34
		_lcdClearLine  		CODE           	218E	0000	32
		_lcdCommandWrite		CODE           	2332	0000	18
		_lcdCreateChar 		CODE           	1660	0000	88
		_lcdWriteChar  		CODE           	23CC	0000	14
		_lcdInit       		CODE           	1EAF8	0000	336
		_lcdSend       		CODE           	2026	0000	46
		_lcdWrite4Bits 		CODE           	225A	0000	26
		_lcdDataWrite  		CODE           	2344	0000	18
		_lcdWriteStringAtCenter		CODE           	1F464	0000	218
		_lcdWriteString		CODE           	1BF2	0000	64
		_removeIcon    		CODE           	21CE	0000	30

i2c_LCD_PCF8574.c estimated size: 1234

C:\Program Files\Microchip\xc8\v2.35\pic\sources\c99\common\strlen.c
		_strlen        		CODE           	17B4	0000	84

C:\Program Files\Microchip\xc8\v2.35\pic\sources\c99\common\strlen.c estimated size: 84

controllerActions.c
		_isNumber      		CODE           	1FC6	0000	48
		_doLowPhaseAction		CODE           	1DA4E	0000	428
		_doDryRunAction		CODE           	15F70	0000	2548
		_isFieldMoistureSensorWetLora		CODE           	07F2	0000	170
		_isRTCBatteryDrained		CODE           	0942	0000	164
		_actionsOnSleepCountFinish		CODE           	12B96	0000	3862
		_clearDecodedString		CODE           	1E68	0000	50
		_actionsOnSystemReset		CODE           	147F0	0000	3180
		_deepSleep     		CODE           	19F66	0000	1428
		_setFactoryPincode		CODE           	069A	0000	174
		_calibrateMotorCurrent		CODE           	1AA26	0000	1318
		_strcpyCustom  		CODE           	1EFD6	0000	254
		_doLoraSlaveInActiveAction		CODE           	18D7A	0000	1644
		_days          		CODE           	1EEBA	0000	284
		_clearTempBytesString		CODE           	1E9A	0000	50
		_clearFieldByte		CODE           	1ECC	0000	50
		_doPhaseFailureAction		CODE           	1DF38	0000	410
		_randomPasswordGeneration		CODE           	1FF4A	0000	176
		_fetchDigits   		CODE           	10E6	0000	110
		_configureController		CODE           	1C5A6	0000	822
		_clearGsmResponse		CODE           	1D60	0000	54
		_deActivateValve		CODE           	1DBFA	0000	418
		_getDateFromGSM		CODE           	1B8E0	0000	1146
		_powerOffMotor 		CODE           	0CDC	0000	146
		_actionsOnDueValve		CODE           	171AC	0000	1832
		_checkResetType		CODE           	1ED82	0000	312
		_isMotorInNoLoad		CODE           	1F1BE	0000	226
		_scanValveScheduleAndGetSleepCount		CODE           	1545C	0000	2836
		_extractReceivedSms		CODE           	10000	0000	11158
		_clearStringToDecode		CODE           	1E36	0000	50
		_phaseFailure  		CODE           	1D28	0000	56
		_getDueDate    		CODE           	1A4FA	0000	1324
		_activateValve 		CODE           	1B42E	0000	1202
		_powerOnMotor  		CODE           	0DF8	0000	136

controllerActions.c estimated size: 38066

C:\Program Files\Microchip\xc8\v2.35\pic\sources\c99\common\aomod.c
		___aomod       		CODE           	1E6C8	0000	358

C:\Program Files\Microchip\xc8\v2.35\pic\sources\c99\common\aomod.c estimated size: 358

C:\Program Files\Microchip\xc8\v2.35\pic\sources\c99\common\nf_fputs.c
		_fputs         		CODE           	1B24	0000	72

C:\Program Files\Microchip\xc8\v2.35\pic\sources\c99\common\nf_fputs.c estimated size: 72

i2c_RTC_DS1307.c
		_decimal2BCD   		CODE           	1C72	0000	62
		_bcd2Decimal   		CODE           	21AE	0000	32
		_fetchTimefromRTC		CODE           	1FDDE	0000	186
		_feedTimeInRTC 		CODE           	09E6	0000	164

i2c_RTC_DS1307.c estimated size: 444

C:\Program Files\Microchip\xc8\v2.35\pic\sources\c99\common\lwmod.c
		___lwmod       		CODE           	1290	0000	102

C:\Program Files\Microchip\xc8\v2.35\pic\sources\c99\common\lwmod.c estimated size: 102

C:\Program Files\Microchip\xc8\v2.35\pic\sources\c99\common\awmod.c
		___awmod       		CODE           	1FE98	0000	178

C:\Program Files\Microchip\xc8\v2.35\pic\sources\c99\common\awmod.c estimated size: 178

C:\Program Files\Microchip\xc8\v2.35\pic\sources\c99\common\doprnt.c
		_vfpfcnvrt     		CODE           	1D3D0	0000	586
		_pad           		CODE           	1F616	0000	204
		_ctoa          		CODE           	1F0D4	0000	234
		_dtoa          		CODE           	1C8DC	0000	764
		_vfprintf      		CODE           	122A	0000	102

C:\Program Files\Microchip\xc8\v2.35\pic\sources\c99\common\doprnt.c estimated size: 1890

